./bin/gfrun -s softcore.multiThreadNum=4 -f /tmp/opencode/pr163/benchmark/one-level-arch/output/solution/moe_dispatch/elf/solution_moe_dispatch_moe_dispatch_mt_dyn.elf 
Memory: 0x10200 - 0x1029f (Size=0KB) [.rodata]
Memory: 0x102a0 - 0x102c3 (Size=0KB) [.eh_frame_hdr]
Memory: 0x102c8 - 0x10363 (Size=0KB) [.eh_frame]
Memory: 0x11364 - 0x120e7 (Size=3KB) [.text]
Memory: 0x130e8 - 0x13117 (Size=0KB) [.init_array]
Memory: 0x13118 - 0x1312f (Size=0KB) [.data.rel.ro]
Memory: 0x15000 - 0x300d3 (Size=108KB) [.bss]
Memory: 0x300d8 - 0x30107 (Size=0KB) [.sbss]
Memory: 0x30110 - 0x8040110 (Size=131136KB) [stack mem]
Memory: 0x4000802000 - 0x4008803000 (Size=131076KB) [map mem]
Starting PE0 from 0x11364

Thread:0Total Block number = 17555
Thread:0Total Inst number = 115487
Thread:1Total Block number = 11743
Thread:1Total Inst number = 72992
Thread:2Total Block number = 11743
Thread:2Total Inst number = 73212
Thread:3Total Block number = 11746
Thread:3Total Inst number = 73447

Total Block number = 52787
Total Inst number = 335138
Suaccelss to Reach the End of Benchmark! R2 = 0
