./bin/gfsim -f /tmp/opencode/pr163/benchmark/one-level-arch/output/solution/moe_dispatch/elf/solution_moe_dispatch_moe_dispatch_mt_dyn.elf --conf fourpe 
[gfsim] explicit PE config present; skipping ELF auto-detection
Parse Config File:
Parse Config File:
Parse Config File:
Parse Config File:
Parse Config File:
Parse Config File:
Parse Config File:
Parse Config File:
Parse Config File:
Parse Config File:
Parse Config File:
Parse Config File:
Parse Config File:
Parse Config File:
Parse Config File:
Parse Config File:
Parse Config File:
Parse Config File:
Parse Config File:
Parse Config File:
Parse Config File:
Parse Config File:
Parse Config File:
Parse Config File:
Parse Config File:
Parse Config File:
Parse Config File:
Parse Config File:
Parse Config File:
Parse Config File:
Parse Config File:
Parse Config File:
Parse Config File:
Parse Config File:
Parse Config File:
Parse Config File:
Parse Config File:
Parse Config File:
Parse Config File:
Parse Config File:
Parse Config File:
Parse Config File:
Parse Config File:
Parse Config File:
Parse Config File:
Parse Config File:
Parse Config File:
Parse Config File:
Parse Config File:
Parse Config File:
Parse Config File:
Parse Config File:
Parse Config File:
Parse Config File:
Parse Config File:
Parse Config File:
Parse Config File:
Parse Config File:
Parse Config File:
Parse Config File:
Parse Config File:
Parse Config File:
Parse Config File:
Override configurations:
core.threadCount=4
core.stdPeCount=1
core.cube_core_num=4
core.cube_thread_num=1
core.vec_core_num=4
fourpe.pe_cluster_enable=true
fourpe.pe_cluster_count=4
fourpe.pe_cluster_frontend_thread_count=4
fourpe.pe_cluster_aggregate_decode_width=8
fourpe.pe_cluster_gpr_rename_partition_entries=128
fourpe.pe_cluster_scalar_rob_partition_entries=128
fourpe.pe_cluster_scalar_iq_partition_entries=128
fourpe.pe_cluster_block_rob_partition_entries=256
fourpe.pe_cluster_block_iq_partition_entries=88
fourpe.pe_cluster_local_reg_partition_entries=88
bfu.brq_depth=1024
fourpe.pe_cluster_partition_borrow_enable=false
fourpe.pe_cluster_eligible_rr_fairness_check=true
fourpe.pe_cluster_group_contract_fatal=false
dfx.swimCounterSampleInterval=8
Memory: 0x10200 - 0x1027f (Size=0KB) [.rodata]
Memory: 0x10280 - 0x102a3 (Size=0KB) [.eh_frame_hdr]
Memory: 0x102a8 - 0x1033b (Size=0KB) [.eh_frame]
Memory: 0x1133c - 0x1205f (Size=3KB) [.text]
Memory: 0x13060 - 0x1308f (Size=0KB) [.init_array]
Memory: 0x13090 - 0x130a7 (Size=0KB) [.data.rel.ro]
Memory: 0x15000 - 0x300d3 (Size=108KB) [.bss]
Memory: 0x300d8 - 0x30107 (Size=0KB) [.sbss]
Memory: 0x30110 - 0x8040110 (Size=131136KB) [stack mem]
Memory: 0x4000802000 - 0x4008803000 (Size=131076KB) [map mem]
[C:13817  ][TMA.NA    ]: nuke_pair_diag ld_stid=0 ld_bid=155/w0 ld_rid=91 st_stid=0 st_bid=154/w0 st_rid=87
[C:14555  ][TMA.NA    ]: nuke_pair_diag ld_stid=1 ld_bid=223/w0 ld_rid=105 st_stid=1 st_bid=221/w0 st_rid=96
[C:18411  ][TMA.NA    ]: nuke_pair_diag ld_stid=1 ld_bid=238/w0 ld_rid=2 st_stid=1 st_bid=236/w0 st_rid=121
[C:19051  ][TMA.NA    ]: nuke_pair_diag ld_stid=0 ld_bid=7/w1 ld_rid=99 st_stid=0 st_bid=6/w1 st_rid=95
Simulation time: 9s 
+-------------------------+--------------+
| Block Control Config Name | Value        |
+-------------------------+--------------+
| inst_decode_bw          | 4            |
| block_rob_depth         | 256          |
| BISQ:cube_isq_depth     | 32           |
| BISQ:vector_isq_depth   | 32           |
+-------------------------+--------------+
+-------------------+--------------+
| CUBE Config Name  | Value        |
+-------------------+--------------+
| uop_isq_depth     | 32           |
| tcvt_isq_depth    | 16           |
| L0A_size          | 64           |
| L0B_size          | 64           |
| L0C_size          | 64           |
+-------------------+--------------+
===================SuperScalar NPU Stats====================
Total Cycles.....................................:     19179
================SuperScalar Unified Top-Down================
Retiring.........................................:     45.69%
Bad Speculation..................................:      0.15%
Frontend Bound...................................:      0.25%
CMD Bound........................................:      0.45%
Backend Bound....................................:     53.46%
  |-- LD Retiring................................:      4.29%
  |-- ST Retiring................................:      3.21%
  |-- BR Retiring................................:      0.00%
  |-- ALU Retiring...............................:     38.19%
  |-- Other Retiring.............................:      0.00%
  |-- Misprediction..............................:      0.15%
  |-- Machine Clear..............................:      0.00%
  |-- Fetch Latency..............................:      0.52%
  |-- Fetch Bandwidth............................:      0.00%
    |-- Branch Resteering........................:      0.52%
    |-- ITLB/BTLB miss...........................:      0.00%
    |-- BHC miss penalty.........................:      0.00%
    |-- Other fetch lat..........................:      0.00%
    |-- Decode Stall.............................:      0.00%
    |-- Rename Stall.............................:      0.00%
    |-- BROB Stall...............................:      0.00%
    |-- SYS Block Stall..........................:      0.00%
  |-- CMD queue backpressure.....................:      0.45%
    |-- Operand not ready........................:      0.45%
    |-- BIQ capacity full........................:      0.00%
      |-- CUBE BIQ full..........................:      0.00%
      |-- VECTOR BIQ full........................:      0.00%
      |-- TLSU BIQ full..........................:      0.00%
      |-- GROUP/SHU BIQ full.....................:      0.00%
      |-- Other BIQ full.........................:      0.00%
    |-- TileReg capacity full....................:      0.00%
    |-- GPR LPV/no-cancel gate...................:      0.00%
    |-- Other CMD queue block....................:      0.00%
  |-- CMDPipe tile backpressure..................:      0.00%
    |-- TileReg resource unavailable.............:      0.00%
    |-- Other CMDPipe stall......................:      0.00%
  |-- Other CMD control..........................:      0.00%
  |-- Memory Bound...............................:      0.00%
  |-- Core Bound.................................:     53.46%
    |-- L1 Bound.................................:      0.00%
    |-- L2 Bound.................................:      0.00%
    |-- L3/DRAM Bound............................:      0.00%
    |-- Store Bound..............................:      0.00%
    |-- Scalar ALU...............................:     17.69%
    |-- Cube.....................................:      0.00%
    |-- Vector...................................:      2.75%
    |-- TLSU Tload...............................:     16.77%
    |-- TLSU Tstore..............................:     16.25%
    |-- TLSU TMOV................................:      0.00%
    |-- Idle.....................................:      0.00%
    |-- Other Core...............................:      0.00%
      |-- Simple ALU pipe full...................:      0.00%
      |-- Complex INT busy.......................:      8.29%
      |-- Branch port busy.......................:     12.13%
===============Top-Down Boundary Attribution================
IFU-OEX boundary observations (slots)............:     76716
  |-- Frontend supply bubble (F5)................:      3.75%
  |-- Backend backpressure (F5)..................:      0.00%
  |-- Delivered to OEX (F5)......................:     96.25%
CMD queue/Pipe boundary observations (cycles)....:     19179
  |-- CMD queue supply bubble....................:     88.59%
  |-- CMD queue backpressure.....................:      0.45%
  |-- CMD blocked union cycles...................:        87
  |-- CMD issued slots...........................:      3308
  |-- CMD IQ TileOp issue count..................:       486
  |-- CMD IQ non-empty cycles....................:      2188
  |-- CMD IQ TileOp issue rate (tileops/cycle)...:0.22212066
  |-- CMDPipe tile backpressure events...........:         0
=======Core-Cycles Oldest-Block Top-Down (diagnostic)=======
Core cycles......................................:     19179
L1 Retiring......................................:      0.02%
L1 Recovery......................................:      0.01%
L1 Frontend Bound................................:     77.88%
L1 CMD Bound.....................................:      0.30%
L1 Backend Bound.................................:     21.55%
L1 Idle/Other....................................:      0.25%
  |-- L2 Memory Bound............................:      0.00%
  |-- L2 Group Sync Bound........................:      0.00%
  |-- L2 Core Bound..............................:     21.55%
    |-- L3 Cube..................................:      0.00%
    |-- L3 Vector................................:      1.49%
    |-- L3 TLSU..................................:     20.06%
    |-- L3 Scalar ALU............................:      0.00%
      |-- L4 Cube execution/queue owner..........:      0.00%
      |-- L4 Vector execution owner..............:      1.49%
      |-- L4 TLSU Tload owner....................:      2.51%
      |-- L4 TLSU Tstore owner...................:     17.55%
      |-- L4 Scalar ALU owner....................:      0.00%
Core-cycle attribution sum.......................:     19179
STID0 oldest observations........................:     19179
STID1 oldest observations........................:     19179
STID2 oldest observations........................:     19179
STID3 oldest observations........................:     19179
  |-- RETIRING representative STID...............:         0
  |-- RETIRING representative BID................:         9
  |-- RETIRING participant mask..................:        15
  |-- FRONTEND_BOUND representative STID.........:         0
  |-- FRONTEND_BOUND representative BID..........:         0
  |-- FRONTEND_BOUND participant mask............:        15
  |-- CMD_BOUND representative STID..............:         0
  |-- CMD_BOUND representative BID...............:         7
  |-- CMD_BOUND participant mask.................:         1
  |-- TLSU_TLOAD representative STID.............:         0
  |-- TLSU_TLOAD representative BID..............:         5
  |-- TLSU_TLOAD participant mask................:        15
  |-- TLSU_TSTORE representative STID............:         1
  |-- TLSU_TSTORE representative BID.............:         0
  |-- TLSU_TSTORE participant mask...............:        15
  |-- VECTOR representative STID.................:         0
  |-- VECTOR representative BID..................:         6
  |-- VECTOR participant mask....................:        15
  |-- FLUSH_RECOVERY representative STID.........:         0
  |-- FLUSH_RECOVERY representative BID..........:         7
  |-- FLUSH_RECOVERY participant mask............:         1
  |-- IDLE_NO_OLDEST representative STID.........:         0
  |-- IDLE_NO_OLDEST representative BID..........:18446744073709551615
  |-- IDLE_NO_OLDEST participant mask............:        15
===================superScalar Key Stats====================
superScalar Tileop Total Cycles..................:     76716
  |--Cube Tileop Total Cycles....................:         0
  |--Vector Tileop Total Cycles..................:      1379
  |--TLSU Tileop Total Cycles....................:     11905
superScalar Total Tileop Counter.................:       486
  |--Cube Execute Tileop Counter.................:         0
  |--Vector Execute Tileop Counter...............:       227
  |--TLSU Execute Tileop Counter.................:       259
superScalar Run Tileop Wall Cycles...............:     18631
  |--Cube Busy Resource-Cycles (PE-summed).......:         0
  |--Vector Busy Resource-Cycles (PE-summed).....:      3283
  |--TLSU Busy Resource-Cycles (PE-summed).......:     18629
  |--Cube Active Wall Cycles (union).............:         0
  |--Vector Active Wall Cycles (union)...........:      1765
  |--TLSU Active Wall Cycles (union).............:     18629
    |--TLSU Tload Resource-Cycles (PE-summed)....:     17819
      |--write Blocked By Ring Cycles............:         0
    |--TLSU Tstore Resource-Cycles (PE-summed)...:     17271
    |--TLSU Tmov Resource-Cycles (PE-summed).....:         0
    |--TLSU Mgather Resource-Cycles (PE-summed)..:         0
    |--TLSU Mscatter Resource-Cycles (PE-summed).:         0
    |--TLSU Vgather Resource-Cycles (PE-summed)..:         0
    |--TLSU Vscatter Resource-Cycles (PE-summed).:         0
  |--All Cores Idle Wall Cycles..................:       548
  |--Vector-Cube Concurrent Wall Cycles (union)..:         0
  |--Vector-Cube Active Wall Cycles (union)......:      1765
  |--Cube-TLSU Concurrent Wall Cycles (union)....:         0
  |--Cube-TLSU Active Wall Cycles (union)........:     18629
  |--Vector-TLSU Concurrent Wall Cycles (union)..:      1763
  |--Vector-TLSU Active Wall Cycles (union)......:     18631
=============TileOp Efficiency (explicit units)=============
PE0 CUBE ExecCycles/TileOp.......................:      0.00
PE0 CUBE TileOpRate (ops/cycle)..................:0.00000000
PE0 CUBE TileOp Occupancy (%)....................:      0.00
PE1 CUBE ExecCycles/TileOp.......................:      0.00
PE1 CUBE TileOpRate (ops/cycle)..................:0.00000000
PE1 CUBE TileOp Occupancy (%)....................:      0.00
PE2 CUBE ExecCycles/TileOp.......................:      0.00
PE2 CUBE TileOpRate (ops/cycle)..................:0.00000000
PE2 CUBE TileOp Occupancy (%)....................:      0.00
PE3 CUBE ExecCycles/TileOp.......................:      0.00
PE3 CUBE TileOpRate (ops/cycle)..................:0.00000000
PE3 CUBE TileOp Occupancy (%)....................:      0.00
PE0 VECTOR ReadLatency (cycles/op)...............:      0.00
PE0 VECTOR TileOpRate (ops/cycle)................:      0.00
PE0 VECTOR Utilization (%).......................:      0.00
PE1 VECTOR ReadLatency (cycles/op)...............:      0.00
PE1 VECTOR TileOpRate (ops/cycle)................:      0.00
PE1 VECTOR Utilization (%).......................:      0.00
PE2 VECTOR ReadLatency (cycles/op)...............:      0.00
PE2 VECTOR TileOpRate (ops/cycle)................:      0.00
PE2 VECTOR Utilization (%).......................:      0.00
PE3 VECTOR ReadLatency (cycles/op)...............:      0.00
PE3 VECTOR TileOpRate (ops/cycle)................:      0.00
PE3 VECTOR Utilization (%).......................:      0.00
PE0 TLSU Occupancy/Issue (cycles/event)..........:     14.65
PE0 TLSU IssueRate (events/cycle)................:      0.62
PE0 TLSU Utilization (%).........................:     97.17
Vector-Cube overlap ratio........................:      0.00
Vector-TLSU overlap ratio........................:      0.09
============PROB Status Occupancy (entry-cycles)============
  |--free........................................:         0
  |--alloc.......................................:    369226
  |--renamed.....................................:         0
  |--dispatched..................................:     54272
  |--in_queue....................................:    456157
  |--issued......................................:    101710
  |--executing...................................:     55751
  |--writeback...................................:     35180
  |--completed...................................:    808289
  |--retired.....................................:     92690
  |--fault.......................................:         0
  |--need_flush..................................:         0
===============Block Control Key Stats total================
Average Outstanding Block Number.................:      2.60
  |--Average Outstanding Cube Block Number.......:      0.00
  |--Average Outstanding Vector Block Number.....:      0.21
  |--Average Outstanding TLoad Number............:      0.61
  |--Average Outstanding TStore Number...........:      1.78
=============Block Control Key Stats SThread 0==============
Average Outstanding Block Number.................:      0.72
  |--Average Outstanding Cube Block Number.......:      0.00
  |--Average Outstanding Vector Block Number.....:      0.05
  |--Average Outstanding TLoad Number............:      0.16
  |--Average Outstanding TStore Number...........:      0.51
=============Block Control Key Stats SThread 1==============
Average Outstanding Block Number.................:      0.66
  |--Average Outstanding Cube Block Number.......:      0.00
  |--Average Outstanding Vector Block Number.....:      0.05
  |--Average Outstanding TLoad Number............:      0.16
  |--Average Outstanding TStore Number...........:      0.45
=============Block Control Key Stats SThread 2==============
Average Outstanding Block Number.................:      0.64
  |--Average Outstanding Cube Block Number.......:      0.00
  |--Average Outstanding Vector Block Number.....:      0.05
  |--Average Outstanding TLoad Number............:      0.15
  |--Average Outstanding TStore Number...........:      0.44
=============Block Control Key Stats SThread 3==============
Average Outstanding Block Number.................:      0.57
  |--Average Outstanding Cube Block Number.......:      0.00
  |--Average Outstanding Vector Block Number.....:      0.05
  |--Average Outstanding TLoad Number............:      0.14
  |--Average Outstanding TStore Number...........:      0.38
===================CubeCore 0 Statistics====================
Cube Total Cycles................................:     19179
Cube MAC Exec Occupancy..........................:         0    0.00%
Cube MAC Utilization.............................:      0.00    0.00%
Cube Logical MAC Count...........................:         0
Cube Equivalent MAC Count........................:      0.00
Cube Equivalent MAC Rate (MAC/cycle).............:      0.00
Cube core workload units (dtype-normalized)......:      0.00
Cube core workload rate (units/cycle)............:0.00000000
Cube Achieved TFLOPS (equivalent MACs, 1.65GHz)..:  0.000000
Cube core exe tileop count.......................:         0
Cube Uop Generated Count.........................:         0
Cube core retired uop count......................:         0
Cube core total load count.......................:         0
Cube core total store count (CellReg TileC writes):         0
Cube FP16 Logical MAC Count......................:         0
Cube FP16 Equivalent MAC Count...................:      0.00
Cube FP8 Logical MAC Count.......................:         0
Cube FP8 Equivalent MAC Count....................:      0.00
Cube FP4 Logical MAC Count.......................:         0
Cube FP4 Equivalent MAC Count....................:      0.00
Cube TileOp Occupancy............................:         0    0.00%
Cube Load Outstanding............................:         0    0.00%
Cube FixPipe/Store Occupancy.....................:         0    0.00%
Cube core average acc slot use...................:       N/A
Cube core average l0a entry use..................:       N/A
Cube core average l0b entry use..................:       N/A
Cube core average l0a entry use busy.............:       N/A
Cube core average l0b entry use busy.............:       N/A
Cube core average acc slot use busy..............:       N/A
Cube MAC Range...................................:         0
Cube Load Range..................................:         0
Cube Store Range.................................:         0
Cube Load-MAC Range Overlap......................:         0     N/A
accSlotAllocCount................................:         0
accSlotFreeCount.................................:         0
accSlotPeakInUse.................................:         0
accSlotWaitCount.................................:         0
bandPairMapPeakSize..............................:         0
bandPairMapFinalSize.............................:         0
batchDistributeCount.............................:         0
batchFallbackCount...............................:         0
m0TileCReadCount.................................:         0
m1TileCReadCount.................................:         0
tileCReadRequestCount............................:         0
tileCReadBytes...................................:         0
batchMissedDistributeCount.......................:         0
uniqueTileCSourceAddresses.......................:         0
Cube core exe uop count..........................:         0
Cube core retired uop count......................:         0
Cube core total load count.......................:         0
Cube core total store count (CellReg TileC writes):         0
  |--CellReg Load Count..........................:         0
    |--CellReg TileA Count.......................:         0
    |--CellReg TileB Count.......................:         0
    |--CellReg TileC Count.......................:         0
    |--CellReg LeftScale Count...................:         0
    |--CellReg RightScale Count..................:         0
  |--CellReg Load Bytes..........................:         0
    |--CellReg TileA Bytes.......................:         0
    |--CellReg TileB Bytes.......................:         0
    |--CellReg TileC Bytes.......................:         0
    |--CellReg LeftScale Bytes...................:         0
    |--CellReg RightScale Bytes..................:         0
  |--CellReg Store Count.........................:         0
    |--CellReg TileC Count.......................:         0
  |--CellReg Store Bytes.........................:         0
    |--CellReg TileC Bytes.......................:         0
  |--ShareTReg Load Count........................:         0
    |--ShareTReg TileA Count.....................:         0
    |--ShareTReg TileB Count.....................:         0
  |--ShareTReg Load Bytes........................:         0
    |--ShareTReg TileA Bytes.....................:         0
    |--ShareTReg TileB Bytes.....................:         0
===================CubeCore 1 Statistics====================
Cube Total Cycles................................:     19179
Cube MAC Exec Occupancy..........................:         0    0.00%
Cube MAC Utilization.............................:      0.00    0.00%
Cube Logical MAC Count...........................:         0
Cube Equivalent MAC Count........................:      0.00
Cube Equivalent MAC Rate (MAC/cycle).............:      0.00
Cube core workload units (dtype-normalized)......:      0.00
Cube core workload rate (units/cycle)............:0.00000000
Cube Achieved TFLOPS (equivalent MACs, 1.65GHz)..:  0.000000
Cube core exe tileop count.......................:         0
Cube Uop Generated Count.........................:         0
Cube core retired uop count......................:         0
Cube core total load count.......................:         0
Cube core total store count (CellReg TileC writes):         0
Cube FP16 Logical MAC Count......................:         0
Cube FP16 Equivalent MAC Count...................:      0.00
Cube FP8 Logical MAC Count.......................:         0
Cube FP8 Equivalent MAC Count....................:      0.00
Cube FP4 Logical MAC Count.......................:         0
Cube FP4 Equivalent MAC Count....................:      0.00
Cube TileOp Occupancy............................:         0    0.00%
Cube Load Outstanding............................:         0    0.00%
Cube FixPipe/Store Occupancy.....................:         0    0.00%
Cube core average acc slot use...................:       N/A
Cube core average l0a entry use..................:       N/A
Cube core average l0b entry use..................:       N/A
Cube core average l0a entry use busy.............:       N/A
Cube core average l0b entry use busy.............:       N/A
Cube core average acc slot use busy..............:       N/A
Cube MAC Range...................................:         0
Cube Load Range..................................:         0
Cube Store Range.................................:         0
Cube Load-MAC Range Overlap......................:         0     N/A
accSlotAllocCount................................:         0
accSlotFreeCount.................................:         0
accSlotPeakInUse.................................:         0
accSlotWaitCount.................................:         0
bandPairMapPeakSize..............................:         0
bandPairMapFinalSize.............................:         0
batchDistributeCount.............................:         0
batchFallbackCount...............................:         0
m0TileCReadCount.................................:         0
m1TileCReadCount.................................:         0
tileCReadRequestCount............................:         0
tileCReadBytes...................................:         0
batchMissedDistributeCount.......................:         0
uniqueTileCSourceAddresses.......................:         0
Cube core exe uop count..........................:         0
Cube core retired uop count......................:         0
Cube core total load count.......................:         0
Cube core total store count (CellReg TileC writes):         0
  |--CellReg Load Count..........................:         0
    |--CellReg TileA Count.......................:         0
    |--CellReg TileB Count.......................:         0
    |--CellReg TileC Count.......................:         0
    |--CellReg LeftScale Count...................:         0
    |--CellReg RightScale Count..................:         0
  |--CellReg Load Bytes..........................:         0
    |--CellReg TileA Bytes.......................:         0
    |--CellReg TileB Bytes.......................:         0
    |--CellReg TileC Bytes.......................:         0
    |--CellReg LeftScale Bytes...................:         0
    |--CellReg RightScale Bytes..................:         0
  |--CellReg Store Count.........................:         0
    |--CellReg TileC Count.......................:         0
  |--CellReg Store Bytes.........................:         0
    |--CellReg TileC Bytes.......................:         0
  |--ShareTReg Load Count........................:         0
    |--ShareTReg TileA Count.....................:         0
    |--ShareTReg TileB Count.....................:         0
  |--ShareTReg Load Bytes........................:         0
    |--ShareTReg TileA Bytes.....................:         0
    |--ShareTReg TileB Bytes.....................:         0
===================CubeCore 2 Statistics====================
Cube Total Cycles................................:     19179
Cube MAC Exec Occupancy..........................:         0    0.00%
Cube MAC Utilization.............................:      0.00    0.00%
Cube Logical MAC Count...........................:         0
Cube Equivalent MAC Count........................:      0.00
Cube Equivalent MAC Rate (MAC/cycle).............:      0.00
Cube core workload units (dtype-normalized)......:      0.00
Cube core workload rate (units/cycle)............:0.00000000
Cube Achieved TFLOPS (equivalent MACs, 1.65GHz)..:  0.000000
Cube core exe tileop count.......................:         0
Cube Uop Generated Count.........................:         0
Cube core retired uop count......................:         0
Cube core total load count.......................:         0
Cube core total store count (CellReg TileC writes):         0
Cube FP16 Logical MAC Count......................:         0
Cube FP16 Equivalent MAC Count...................:      0.00
Cube FP8 Logical MAC Count.......................:         0
Cube FP8 Equivalent MAC Count....................:      0.00
Cube FP4 Logical MAC Count.......................:         0
Cube FP4 Equivalent MAC Count....................:      0.00
Cube TileOp Occupancy............................:         0    0.00%
Cube Load Outstanding............................:         0    0.00%
Cube FixPipe/Store Occupancy.....................:         0    0.00%
Cube core average acc slot use...................:       N/A
Cube core average l0a entry use..................:       N/A
Cube core average l0b entry use..................:       N/A
Cube core average l0a entry use busy.............:       N/A
Cube core average l0b entry use busy.............:       N/A
Cube core average acc slot use busy..............:       N/A
Cube MAC Range...................................:         0
Cube Load Range..................................:         0
Cube Store Range.................................:         0
Cube Load-MAC Range Overlap......................:         0     N/A
accSlotAllocCount................................:         0
accSlotFreeCount.................................:         0
accSlotPeakInUse.................................:         0
accSlotWaitCount.................................:         0
bandPairMapPeakSize..............................:         0
bandPairMapFinalSize.............................:         0
batchDistributeCount.............................:         0
batchFallbackCount...............................:         0
m0TileCReadCount.................................:         0
m1TileCReadCount.................................:         0
tileCReadRequestCount............................:         0
tileCReadBytes...................................:         0
batchMissedDistributeCount.......................:         0
uniqueTileCSourceAddresses.......................:         0
Cube core exe uop count..........................:         0
Cube core retired uop count......................:         0
Cube core total load count.......................:         0
Cube core total store count (CellReg TileC writes):         0
  |--CellReg Load Count..........................:         0
    |--CellReg TileA Count.......................:         0
    |--CellReg TileB Count.......................:         0
    |--CellReg TileC Count.......................:         0
    |--CellReg LeftScale Count...................:         0
    |--CellReg RightScale Count..................:         0
  |--CellReg Load Bytes..........................:         0
    |--CellReg TileA Bytes.......................:         0
    |--CellReg TileB Bytes.......................:         0
    |--CellReg TileC Bytes.......................:         0
    |--CellReg LeftScale Bytes...................:         0
    |--CellReg RightScale Bytes..................:         0
  |--CellReg Store Count.........................:         0
    |--CellReg TileC Count.......................:         0
  |--CellReg Store Bytes.........................:         0
    |--CellReg TileC Bytes.......................:         0
  |--ShareTReg Load Count........................:         0
    |--ShareTReg TileA Count.....................:         0
    |--ShareTReg TileB Count.....................:         0
  |--ShareTReg Load Bytes........................:         0
    |--ShareTReg TileA Bytes.....................:         0
    |--ShareTReg TileB Bytes.....................:         0
===================CubeCore 3 Statistics====================
Cube Total Cycles................................:     19179
Cube MAC Exec Occupancy..........................:         0    0.00%
Cube MAC Utilization.............................:      0.00    0.00%
Cube Logical MAC Count...........................:         0
Cube Equivalent MAC Count........................:      0.00
Cube Equivalent MAC Rate (MAC/cycle).............:      0.00
Cube core workload units (dtype-normalized)......:      0.00
Cube core workload rate (units/cycle)............:0.00000000
Cube Achieved TFLOPS (equivalent MACs, 1.65GHz)..:  0.000000
Cube core exe tileop count.......................:         0
Cube Uop Generated Count.........................:         0
Cube core retired uop count......................:         0
Cube core total load count.......................:         0
Cube core total store count (CellReg TileC writes):         0
Cube FP16 Logical MAC Count......................:         0
Cube FP16 Equivalent MAC Count...................:      0.00
Cube FP8 Logical MAC Count.......................:         0
Cube FP8 Equivalent MAC Count....................:      0.00
Cube FP4 Logical MAC Count.......................:         0
Cube FP4 Equivalent MAC Count....................:      0.00
Cube TileOp Occupancy............................:         0    0.00%
Cube Load Outstanding............................:         0    0.00%
Cube FixPipe/Store Occupancy.....................:         0    0.00%
Cube core average acc slot use...................:       N/A
Cube core average l0a entry use..................:       N/A
Cube core average l0b entry use..................:       N/A
Cube core average l0a entry use busy.............:       N/A
Cube core average l0b entry use busy.............:       N/A
Cube core average acc slot use busy..............:       N/A
Cube MAC Range...................................:         0
Cube Load Range..................................:         0
Cube Store Range.................................:         0
Cube Load-MAC Range Overlap......................:         0     N/A
accSlotAllocCount................................:         0
accSlotFreeCount.................................:         0
accSlotPeakInUse.................................:         0
accSlotWaitCount.................................:         0
bandPairMapPeakSize..............................:         0
bandPairMapFinalSize.............................:         0
batchDistributeCount.............................:         0
batchFallbackCount...............................:         0
m0TileCReadCount.................................:         0
m1TileCReadCount.................................:         0
tileCReadRequestCount............................:         0
tileCReadBytes...................................:         0
batchMissedDistributeCount.......................:         0
uniqueTileCSourceAddresses.......................:         0
Cube core exe uop count..........................:         0
Cube core retired uop count......................:         0
Cube core total load count.......................:         0
Cube core total store count (CellReg TileC writes):         0
  |--CellReg Load Count..........................:         0
    |--CellReg TileA Count.......................:         0
    |--CellReg TileB Count.......................:         0
    |--CellReg TileC Count.......................:         0
    |--CellReg LeftScale Count...................:         0
    |--CellReg RightScale Count..................:         0
  |--CellReg Load Bytes..........................:         0
    |--CellReg TileA Bytes.......................:         0
    |--CellReg TileB Bytes.......................:         0
    |--CellReg TileC Bytes.......................:         0
    |--CellReg LeftScale Bytes...................:         0
    |--CellReg RightScale Bytes..................:         0
  |--CellReg Store Count.........................:         0
    |--CellReg TileC Count.......................:         0
  |--CellReg Store Bytes.........................:         0
    |--CellReg TileC Bytes.......................:         0
  |--ShareTReg Load Count........................:         0
    |--ShareTReg TileA Count.....................:         0
    |--ShareTReg TileB Count.....................:         0
  |--ShareTReg Load Bytes........................:         0
    |--ShareTReg TileA Bytes.....................:         0
    |--ShareTReg TileB Bytes.....................:         0
=============== TLSU tile-store STQ residency peId=0 ===============
  resident entry-cycles ....................: 15624
  |-- addr/interval not resolved ...........: 0  (0.00%)
  |-- tile data (rename) not ready .........: 10098  (64.63%)
  |-- BLOCKED BY NON-FLUSH POINTER .........: 1617  (10.35%)
  |-- older store still in STQ .............: 3747  (23.98%)
  |-- SCB full ............................: 0  (0.00%)
  store_issue=5094 scb_enter=5094 stq_peak=66 scb_peak=49
  invariants: stq_conservation=OK (created=4945 destroyed=4945) a3_tile_violation=0 scb_flush_hit=0 scb_waw_scalar=0 scb_waw_tile=0 nuke=4
=============== TLOAD Sub-path peId=0 ===============
  occupancy entry-cycles ..................: 53117 (30.43%)
  issue events ............................: 6823
=============== TSTORE Sub-path peId=0 ===============
  occupancy entry-cycles ..................: 121452 (69.57%)
  issue events ............................: 5094
=============== TMOV Sub-path peId=0 ===============
  occupancy entry-cycles ..................: 0 (0.00%)
  issue events ............................: 0
=====================Retired block Type=====================
Retired Block Num................................:      7485
  |--Retired STD Block Num.......................:      2903
  |--Retired PARALLEL Block Num..................:       486
    |--Retired CUBE Block Num....................:         0    0.00%
    |--Retired VCALL Block Num...................:       227   46.71%
    |--Retired TLSU Block Num....................:       259   53.29%
  |--Retired SYS Block Num.......................:         0
  |--Retired FP Block Num........................:      4096
  |--Retired OTHER Block Num.....................:         0
==================Retired Template Opcode===================
FENTRY...........................................:        17
FEXIT............................................:         0
FRET.............................................:        17
MEMSET...........................................:         5
MEMCOPY..........................................:         0
Retired Instruction Number.......................:     70101
  |--Retired Scalar Inst Number..................:     70101
  |--Retired Vec Inst Number.....................:         0
Retired Cube TileOp Number.......................:         0
Blocks Per Cycle.................................:  0.390271
IPC..............................................:  3.655092
Average BROB occupancy...........................:     34.84
  |--STID0 Average BROB occupancy................:  7.554096
  |--STID1 Average BROB occupancy................:  9.775223
  |--STID2 Average BROB occupancy................:  9.176860
  |--STID3 Average BROB occupancy................:  8.335315
Effective window size............................:     60.62
MPKB.............................................:     30.66
MPKI.............................................:      3.27
Simulation speed (Kilo Insts Per Second).........:      7.78
Discontinuous BPC Count..........................:      5975
Average Continuous BPC Length....................:  1.252720
Average fetch minsts/header per cycle............:     12.63
==========Block Control Detail Stats(Tile rename)===========
Tile register average tag num....................:     39.57
  |--T...........................................:     19.80
  |--U...........................................:     19.77
  |--M...........................................:      0.00
  |--N...........................................:      0.00
  |--ACC.........................................:      0.00
  |--STK.........................................:      0.00
  |--DEP.........................................:      0.00
  |--MCALL_GPR...................................:      0.00
  |--MCALL_STK...................................:      0.00
Tile register average occupied bytes (all threads):   8943.30
Tile register average utilization (%)............:    0.8529
  |--T occupied bytes............................:       827    9.25%
  |--U occupied bytes............................:      8115   90.74%
  |--M occupied bytes............................:         0    0.00%
  |--N occupied bytes............................:         0    0.00%
  |--ACC occupied bytes..........................:         0    0.00%
  |--STK occupied bytes..........................:         0    0.00%
  |--DEP occupied bytes..........................:         0    0.00%
  |--MCALL_GPR occupied bytes....................:         0    0.00%
  |--MCALL_STK occupied bytes....................:         0    0.00%
Tile register max size of T......................:     65536
  |-- utilization................................:      3584    5.47%
Tile register max size of U......................:     65536
  |-- utilization................................:      8960   13.67%
Tile register max size of M......................:     65536
  |-- utilization................................:         0    0.00%
Tile register max size of N......................:     65536
  |-- utilization................................:         0    0.00%
STID0 TileReg average occupied bytes.............:   2293.71
STID0 TileReg average utilization (%)............:    0.8750
STID1 TileReg average occupied bytes.............:   2245.86
STID1 TileReg average utilization (%)............:    0.8567
STID2 TileReg average occupied bytes.............:   2222.30
STID2 TileReg average utilization (%)............:    0.8477
STID3 TileReg average occupied bytes.............:   2181.44
STID3 TileReg average utilization (%)............:    0.8322
Tile size-class allocator enabled................:         1
Tile allocator unit size(B)......................:       128
Tile allocator requests..........................:       324
Tile allocator failures..........................:         0
Tile allocator successful requested units........:      1040
Tile allocator granted units.....................:      1040
Tile allocator class waste units.................:         0
Tile allocator split events......................:       157
Tile allocator merge events......................:        90
Tile allocator sum of per-thread peak(B).........:     40704
==============Block Control Stall Stats Total===============
BRob Full Stall..................................:         0
RENAME Stall.....................................:         0
Block Rename Get Stall...........................:         0
Block Rename Set Stall...........................:         0
BIsq Full Stall .................................:         0
TileReg Full Stall ..............................:         0
============Block Control Stall Stats SThread 0=============
BRob Full Stall..................................:         0
RENAME Stall.....................................:         0
Block Rename Get Stall...........................:         0
Block Rename Set Stall...........................:         0
BIsq Full Stall .................................:         0
TileReg Full Stall ..............................:         0
============Block Control Stall Stats SThread 1=============
BRob Full Stall..................................:         0
RENAME Stall.....................................:         0
Block Rename Get Stall...........................:         0
Block Rename Set Stall...........................:         0
BIsq Full Stall .................................:         0
TileReg Full Stall ..............................:         0
============Block Control Stall Stats SThread 2=============
BRob Full Stall..................................:         0
RENAME Stall.....................................:         0
Block Rename Get Stall...........................:         0
Block Rename Set Stall...........................:         0
BIsq Full Stall .................................:         0
TileReg Full Stall ..............................:         0
============Block Control Stall Stats SThread 3=============
BRob Full Stall..................................:         0
RENAME Stall.....................................:         0
Block Rename Get Stall...........................:         0
Block Rename Set Stall...........................:         0
BIsq Full Stall .................................:         0
TileReg Full Stall ..............................:         0
=====Block Control Detail Stats(Flush Statistics) Total=====
intra-block ld-st conflict.......................:         0
inter-block ld-st conflict.......................:         4
intra-block misp.................................:         0
inter-block misp.................................:       258
===Block Control Detail Stats(Flush Statistics) SThread 0===
intra-block ld-st conflict.......................:         0
inter-block ld-st conflict.......................:         2
intra-block misp.................................:         0
inter-block misp.................................:        66
===Block Control Detail Stats(Flush Statistics) SThread 1===
intra-block ld-st conflict.......................:         0
inter-block ld-st conflict.......................:         2
intra-block misp.................................:         0
inter-block misp.................................:        69
===Block Control Detail Stats(Flush Statistics) SThread 2===
intra-block ld-st conflict.......................:         0
inter-block ld-st conflict.......................:         0
intra-block misp.................................:         0
inter-block misp.................................:        67
===Block Control Detail Stats(Flush Statistics) SThread 3===
intra-block ld-st conflict.......................:         0
inter-block ld-st conflict.......................:         0
intra-block misp.................................:         0
inter-block misp.................................:        56
=====================SPE OOO&IEX stats======================
decode inst bubble...............................:     79026
average decode bundle............................:      0.00
Thread0 Pick Cnt.................................:     17931
Thread1 Pick Cnt.................................:     18663
Thread2 Pick Cnt.................................:     18721
Thread3 Pick Cnt.................................:     18715
Thread0 rob stall cnt............................:         0
Thread1 rob stall cnt............................:         0
Thread2 rob stall cnt............................:         0
Thread3 rob stall cnt............................:         0
decode pe rob stall..............................:         0
decode local gpr stall...........................:         0
inst buffer stall................................:         0
predicate reg stall..............................:         0
vector reg ptag stall............................:         0
vector local scalar reg stall....................:         0
retired ld inst..................................:      6576
retired st inst..................................:      4932
retired scalar inst..............................:     70101
retired vector inst..............................:         0
retired div/sqrt inst............................:         0
MAPQ lg0 stall...................................:         0
MAPQ lg1 stall...................................:       191
MAPQ lg2 stall...................................:         0
MAPQ lg3 stall...................................:         0
ROB lg0 stall....................................:         0
ROB lg1 stall....................................:         0
ROB lg2 stall....................................:         0
ROB lg3 stall....................................:         0
Thread0 decode cycle.............................:      4769
Thread1 decode cycle.............................:      4763
Thread2 decode cycle.............................:      4759
Thread3 decode cycle.............................:      4794
Thread0 alloc cycle..............................:      4453
Thread1 alloc cycle..............................:      4651
Thread2 alloc cycle..............................:      4660
Thread3 alloc cycle..............................:      4660
Thread0 rename cycle.............................:      4446
Thread1 rename cycle.............................:      4607
Thread2 rename cycle.............................:      4606
Thread3 rename cycle.............................:      4605
Thread0 d2_s1 dispatch cnt.......................:      4390
Thread1 d2_s1 dispatch cnt.......................:      4033
Thread2 d2_s1 dispatch cnt.......................:      4232
Thread3 d2_s1 dispatch cnt.......................:      4232
Thread0 slots_total..............................:     38152
Thread1 slots_total..............................:     38104
Thread2 slots_total..............................:     38072
Thread3 slots_total..............................:     38352
Thread0 slots_rob_allocated......................:     17931
Thread1 slots_rob_allocated......................:     18663
Thread2 slots_rob_allocated......................:     18721
Thread3 slots_rob_allocated......................:     18715
Thread0 slots_fe_bubble..........................:     20221
Thread1 slots_fe_bubble..........................:     19441
Thread2 slots_fe_bubble..........................:     19351
Thread3 slots_fe_bubble..........................:     19637
Thread0 slots_idle...............................:         0
Thread1 slots_idle...............................:         0
Thread2 slots_idle...............................:         0
Thread3 slots_idle...............................:         0
Thread0 robStall.................................:         0
Thread1 robStall.................................:         0
Thread2 robStall.................................:         0
Thread3 robStall.................................:         0
Thread0 retired_load.............................:      1597
Thread1 retired_load.............................:      1660
Thread2 retired_load.............................:      1660
Thread3 retired_load.............................:      1659
Thread0 retired_store............................:      1269
Thread1 retired_store............................:      1221
Thread2 retired_store............................:      1221
Thread3 retired_store............................:      1221
Thread0 retired_innerJump........................:         0
Thread1 retired_innerJump........................:         0
Thread2 retired_innerJump........................:         0
Thread3 retired_innerJump........................:         0
Thread0 retiredAluInst...........................:     14299
Thread1 retiredAluInst...........................:     14632
Thread2 retiredAluInst...........................:     14766
Thread3 retiredAluInst...........................:     14896
Thread0 retiredSAluInst..........................:     14299
Thread1 retiredSAluInst..........................:     14632
Thread2 retiredSAluInst..........................:     14766
Thread3 retiredSAluInst..........................:     14896
Thread0 retiredVAluInst..........................:         0
Thread1 retiredVAluInst..........................:         0
Thread2 retiredVAluInst..........................:         0
Thread3 retiredVAluInst..........................:         0
Thread0 retiredScalar............................:     17165
Thread1 retiredScalar............................:     17513
Thread2 retiredScalar............................:     17647
Thread3 retiredScalar............................:     17776
Thread0 retiredVector............................:         0
Thread1 retiredVector............................:         0
Thread2 retiredVector............................:         0
Thread3 retiredVector............................:         0
Thread0 retiredDivSqrt...........................:         0
Thread1 retiredDivSqrt...........................:         0
Thread2 retiredDivSqrt...........................:         0
Thread3 retiredDivSqrt...........................:         0
====================Vector PMU Stats PE0====================
PEId.............................................:         0
TileopNum........................................:        59
UopNum...........................................:       204
SplitCellCountMismatch...........................:         0
SplitPartialCellUopCount.........................:         0
SplitUopAvgPayloadBytes..........................:       N/A
UopQDispatch_INT.................................:         0
UopQReadyBypass_INT..............................:         0
UopQDispatchSrcBufFullCycles_INT.................:         0
UopQDispatchSrcBufFullBlockedCycles_INT..........:         0
VecSrcCellNotReadyCycles_INT.....................:        51
SharedReadPortWaitCycles_INT.....................:         0
UopQDispatch_FMA.................................:         0
UopQReadyBypass_FMA..............................:         0
UopQDispatchSrcBufFullCycles_FMA.................:         0
UopQDispatchSrcBufFullBlockedCycles_FMA..........:         0
VecSrcCellNotReadyCycles_FMA.....................:        95
SharedReadPortWaitCycles_FMA.....................:         0
UopQDispatch_LNEXP...............................:         0
UopQReadyBypass_LNEXP............................:         0
UopQDispatchSrcBufFullCycles_LNEXP...............:         0
UopQDispatchSrcBufFullBlockedCycles_LNEXP........:         0
VecSrcCellNotReadyCycles_LNEXP...................:         0
SharedReadPortWaitCycles_LNEXP...................:         0
CellReadMergedUops...............................:         0
StaticUopsIssued.................................:       204
StaticBoardBlockCycles...........................:         0
StaticWritebacks.................................:       204
StaticDynPipeBlockCycles.........................:         0
DynStaticChainBlockCycles........................:         0
ExpandTagHits_INT................................:         0
ExpandTagMisses_INT..............................:         0
ExpandBankFills_INT..............................:         0
ExpandTempFills_INT..............................:         0
ExpandEvicts_INT.................................:         0
ExpandTagHits_FMA................................:         0
ExpandTagMisses_FMA..............................:         0
ExpandBankFills_FMA..............................:         0
ExpandTempFills_FMA..............................:         0
ExpandEvicts_FMA.................................:         0
ExpandTagHits_LNEXP..............................:         0
ExpandTagMisses_LNEXP............................:         0
ExpandBankFills_LNEXP............................:         0
ExpandTempFills_LNEXP............................:         0
ExpandEvicts_LNEXP...............................:         0
ExpandFillDrops..................................:         0
ExpandReadStaleFallbacks cls0....................:         0
ExpandReadStaleFallbacks cls1....................:         0
ExpandReadStaleFallbacks cls2....................:         0
LeSharedPortBlockCycles..........................:         0
LeSrc1CarrySkips.................................:         0
=======Static Path Bank Access / Conflict Attribution=======
  StaticBankReads Bank[0]........................:        22
  StaticBankReads Bank[1]........................:        22
  StaticBankReads Bank[2]........................:        30
  StaticBankReads Bank[3]........................:        30
  StaticBankReads Bank[4]........................:        42
  StaticBankReads Bank[5]........................:        42
  StaticBankReads Bank[6]........................:        42
  StaticBankReads Bank[7]........................:        42
  StaticDetectReadBlocks Bank[0].................:         0
  StaticDetectReadBlocks Bank[1].................:         0
  StaticDetectReadBlocks Bank[2].................:         1
  StaticDetectReadBlocks Bank[3].................:         0
  StaticDetectReadBlocks Bank[4].................:         0
  StaticDetectReadBlocks Bank[5].................:         1
  StaticDetectReadBlocks Bank[6].................:         1
  StaticDetectReadBlocks Bank[7].................:         1
  StaticDetectWriteBlocks Bank[0]................:         0
  StaticDetectWriteBlocks Bank[1]................:         0
  StaticDetectWriteBlocks Bank[2]................:         0
  StaticDetectWriteBlocks Bank[3]................:         0
  StaticDetectWriteBlocks Bank[4]................:         0
  StaticDetectWriteBlocks Bank[5]................:         0
  StaticDetectWriteBlocks Bank[6]................:         0
  StaticDetectWriteBlocks Bank[7]................:         0
  StaticIntYieldBlocks Bank[0]...................:         0
  StaticIntYieldBlocks Bank[1]...................:         0
  StaticIntYieldBlocks Bank[2]...................:         0
  StaticIntYieldBlocks Bank[3]...................:         0
  StaticIntYieldBlocks Bank[4]...................:         0
  StaticIntYieldBlocks Bank[5]...................:         0
  StaticIntYieldBlocks Bank[6]...................:         0
  StaticIntYieldBlocks Bank[7]...................:         0
  StaticBoardOccSum Bank[0]......................:       345
  StaticBoardOccSum Bank[1]......................:       345
  StaticBoardOccSum Bank[2]......................:       345
  StaticBoardOccSum Bank[3]......................:       345
  StaticBoardOccSum Bank[4]......................:       375
  StaticBoardOccSum Bank[5]......................:       375
  StaticBoardOccSum Bank[6]......................:       363
  StaticBoardOccSum Bank[7]......................:       363
  StaticBoardOccColSum Col[0]....................:       340
  StaticBoardOccColSum Col[1]....................:       340
  StaticBoardOccColSum Col[2]....................:       340
  StaticBoardOccColSum Col[3]....................:       204
  StaticBoardOccColSum Col[4]....................:       204
  StaticBoardOccColSum Col[5]....................:       204
  StaticBoardOccColSum Col[6]....................:       204
  StaticBoardOccColSum Col[7]....................:       204
  StaticBoardOccColSum Col[8]....................:       204
  StaticBoardOccColSum Col[9]....................:       204
  StaticBoardOccColSum Col[10]...................:       204
  StaticBoardOccColSum Col[11]...................:       204
  StaticBoardOccColSum Col[12]...................:         0
  StaticBoardOccColSum Col[13]...................:         0
  StaticBoardOccColSum Col[14]...................:         0
  StaticBoardOccColSum Col[15]...................:         0
VecAluAcceptCycles_FMA...........................:       136
VecAluAcceptCycles_INT...........................:        68
VecAluAcceptCycles_LNEXP.........................:         0
VecTripleIssueCycles.............................:         0
VecDualIssueCycles...............................:         2
VecSingleIssueCycles.............................:       200
VecIdleIssueCycles...............................:     18977
CellReadMergeSaved...............................:         0
SrcBufBypassIssue................................:         0
SplitRawGateBlocked..............................:         0
SplitNoFreeSlotCycles............................:         0
IPC(UOP).........................................:  0.010637
RowExpandTileNum.................................:         0
RowReduceTileNum.................................:         0
ReadNum..........................................:         0
CellReadAccessTotal..............................:       272
CellReadAccess_INT...............................:         0
CellReadAccess_FMA...............................:       272
CellReadAccess_LNEXP.............................:         0
ReadLat..........................................:      0.00
  |--LatLE5......................................:         0
  |--LatLE10.....................................:         0
  |--LatLE15.....................................:         0
  |--LatGT15.....................................:         0
WriteNum.........................................:         0
CellWriteAccessTotal.............................:       204
CellWriteAccess_INT..............................:        68
CellWriteAccess_FMA..............................:       136
CellWriteAccess_LNEXP............................:         0
TempForwardHits_INT..............................:         0
TempForwardHits_FMA..............................:         0
TempForwardHits_LNEXP............................:         0
TempForwardMisses_INT............................:         0
TempForwardMisses_FMA............................:       272
TempForwardMisses_LNEXP..........................:         0
ExpandTagHits_INT................................:         0
ExpandTagHits_FMA................................:         0
ExpandTagHits_LNEXP..............................:         0
ExpandTagMisses_INT..............................:         0
ExpandTagMisses_FMA..............................:         0
ExpandTagMisses_LNEXP............................:         0
ExpandBankFills_INT..............................:         0
ExpandBankFills_FMA..............................:         0
ExpandBankFills_LNEXP............................:         0
ExpandTempFills_INT..............................:         0
ExpandTempFills_FMA..............................:         0
ExpandTempFills_LNEXP............................:         0
ExpandEvicts_INT.................................:         0
ExpandEvicts_FMA.................................:         0
ExpandEvicts_LNEXP...............................:         0
LeSharedPortBlockCycles..........................:         0
WriteLat.........................................:      0.00
  |--LatLE5......................................:         0
  |--LatLE10.....................................:         0
  |--LatLE15.....................................:         0
  |--LatGT15.....................................:         0
====================Vector PMU Stats PE1====================
PEId.............................................:         1
TileopNum........................................:        56
UopNum...........................................:       192
SplitCellCountMismatch...........................:         0
SplitPartialCellUopCount.........................:         0
SplitUopAvgPayloadBytes..........................:       N/A
UopQDispatch_INT.................................:         0
UopQReadyBypass_INT..............................:         0
UopQDispatchSrcBufFullCycles_INT.................:         0
UopQDispatchSrcBufFullBlockedCycles_INT..........:         0
VecSrcCellNotReadyCycles_INT.....................:        48
SharedReadPortWaitCycles_INT.....................:         0
UopQDispatch_FMA.................................:         0
UopQReadyBypass_FMA..............................:         0
UopQDispatchSrcBufFullCycles_FMA.................:         0
UopQDispatchSrcBufFullBlockedCycles_FMA..........:         0
VecSrcCellNotReadyCycles_FMA.....................:        89
SharedReadPortWaitCycles_FMA.....................:         0
UopQDispatch_LNEXP...............................:         0
UopQReadyBypass_LNEXP............................:         0
UopQDispatchSrcBufFullCycles_LNEXP...............:         0
UopQDispatchSrcBufFullBlockedCycles_LNEXP........:         0
VecSrcCellNotReadyCycles_LNEXP...................:         0
SharedReadPortWaitCycles_LNEXP...................:         0
CellReadMergedUops...............................:         0
StaticUopsIssued.................................:       192
StaticBoardBlockCycles...........................:         0
StaticWritebacks.................................:       192
StaticDynPipeBlockCycles.........................:         0
DynStaticChainBlockCycles........................:         0
ExpandTagHits_INT................................:         0
ExpandTagMisses_INT..............................:         0
ExpandBankFills_INT..............................:         0
ExpandTempFills_INT..............................:         0
ExpandEvicts_INT.................................:         0
ExpandTagHits_FMA................................:         0
ExpandTagMisses_FMA..............................:         0
ExpandBankFills_FMA..............................:         0
ExpandTempFills_FMA..............................:         0
ExpandEvicts_FMA.................................:         0
ExpandTagHits_LNEXP..............................:         0
ExpandTagMisses_LNEXP............................:         0
ExpandBankFills_LNEXP............................:         0
ExpandTempFills_LNEXP............................:         0
ExpandEvicts_LNEXP...............................:         0
ExpandFillDrops..................................:         0
ExpandReadStaleFallbacks cls0....................:         0
ExpandReadStaleFallbacks cls1....................:         0
ExpandReadStaleFallbacks cls2....................:         0
LeSharedPortBlockCycles..........................:         0
LeSrc1CarrySkips.................................:         0
=======Static Path Bank Access / Conflict Attribution=======
  StaticBankReads Bank[0]........................:        36
  StaticBankReads Bank[1]........................:        36
  StaticBankReads Bank[2]........................:        36
  StaticBankReads Bank[3]........................:        36
  StaticBankReads Bank[4]........................:        22
  StaticBankReads Bank[5]........................:        22
  StaticBankReads Bank[6]........................:        34
  StaticBankReads Bank[7]........................:        34
  StaticDetectReadBlocks Bank[0].................:         0
  StaticDetectReadBlocks Bank[1].................:         0
  StaticDetectReadBlocks Bank[2].................:         0
  StaticDetectReadBlocks Bank[3].................:         0
  StaticDetectReadBlocks Bank[4].................:         0
  StaticDetectReadBlocks Bank[5].................:         0
  StaticDetectReadBlocks Bank[6].................:         0
  StaticDetectReadBlocks Bank[7].................:         0
  StaticDetectWriteBlocks Bank[0]................:         0
  StaticDetectWriteBlocks Bank[1]................:         0
  StaticDetectWriteBlocks Bank[2]................:         0
  StaticDetectWriteBlocks Bank[3]................:         0
  StaticDetectWriteBlocks Bank[4]................:         0
  StaticDetectWriteBlocks Bank[5]................:         0
  StaticDetectWriteBlocks Bank[6]................:         0
  StaticDetectWriteBlocks Bank[7]................:         0
  StaticIntYieldBlocks Bank[0]...................:         0
  StaticIntYieldBlocks Bank[1]...................:         0
  StaticIntYieldBlocks Bank[2]...................:         0
  StaticIntYieldBlocks Bank[3]...................:         0
  StaticIntYieldBlocks Bank[4]...................:         0
  StaticIntYieldBlocks Bank[5]...................:         0
  StaticIntYieldBlocks Bank[6]...................:         0
  StaticIntYieldBlocks Bank[7]...................:         0
  StaticBoardOccSum Bank[0]......................:       354
  StaticBoardOccSum Bank[1]......................:       354
  StaticBoardOccSum Bank[2]......................:       330
  StaticBoardOccSum Bank[3]......................:       330
  StaticBoardOccSum Bank[4]......................:       333
  StaticBoardOccSum Bank[5]......................:       333
  StaticBoardOccSum Bank[6]......................:       327
  StaticBoardOccSum Bank[7]......................:       327
  StaticBoardOccColSum Col[0]....................:       320
  StaticBoardOccColSum Col[1]....................:       320
  StaticBoardOccColSum Col[2]....................:       320
  StaticBoardOccColSum Col[3]....................:       192
  StaticBoardOccColSum Col[4]....................:       192
  StaticBoardOccColSum Col[5]....................:       192
  StaticBoardOccColSum Col[6]....................:       192
  StaticBoardOccColSum Col[7]....................:       192
  StaticBoardOccColSum Col[8]....................:       192
  StaticBoardOccColSum Col[9]....................:       192
  StaticBoardOccColSum Col[10]...................:       192
  StaticBoardOccColSum Col[11]...................:       192
  StaticBoardOccColSum Col[12]...................:         0
  StaticBoardOccColSum Col[13]...................:         0
  StaticBoardOccColSum Col[14]...................:         0
  StaticBoardOccColSum Col[15]...................:         0
VecAluAcceptCycles_FMA...........................:       128
VecAluAcceptCycles_INT...........................:        64
VecAluAcceptCycles_LNEXP.........................:         0
VecTripleIssueCycles.............................:         0
VecDualIssueCycles...............................:         0
VecSingleIssueCycles.............................:       192
VecIdleIssueCycles...............................:     18987
CellReadMergeSaved...............................:         0
SrcBufBypassIssue................................:         0
SplitRawGateBlocked..............................:         0
SplitNoFreeSlotCycles............................:         0
IPC(UOP).........................................:  0.010011
RowExpandTileNum.................................:         0
RowReduceTileNum.................................:         0
ReadNum..........................................:         0
CellReadAccessTotal..............................:       256
CellReadAccess_INT...............................:         0
CellReadAccess_FMA...............................:       256
CellReadAccess_LNEXP.............................:         0
ReadLat..........................................:      0.00
  |--LatLE5......................................:         0
  |--LatLE10.....................................:         0
  |--LatLE15.....................................:         0
  |--LatGT15.....................................:         0
WriteNum.........................................:         0
CellWriteAccessTotal.............................:       192
CellWriteAccess_INT..............................:        64
CellWriteAccess_FMA..............................:       128
CellWriteAccess_LNEXP............................:         0
TempForwardHits_INT..............................:         0
TempForwardHits_FMA..............................:         0
TempForwardHits_LNEXP............................:         0
TempForwardMisses_INT............................:         0
TempForwardMisses_FMA............................:       256
TempForwardMisses_LNEXP..........................:         0
ExpandTagHits_INT................................:         0
ExpandTagHits_FMA................................:         0
ExpandTagHits_LNEXP..............................:         0
ExpandTagMisses_INT..............................:         0
ExpandTagMisses_FMA..............................:         0
ExpandTagMisses_LNEXP............................:         0
ExpandBankFills_INT..............................:         0
ExpandBankFills_FMA..............................:         0
ExpandBankFills_LNEXP............................:         0
ExpandTempFills_INT..............................:         0
ExpandTempFills_FMA..............................:         0
ExpandTempFills_LNEXP............................:         0
ExpandEvicts_INT.................................:         0
ExpandEvicts_FMA.................................:         0
ExpandEvicts_LNEXP...............................:         0
LeSharedPortBlockCycles..........................:         0
WriteLat.........................................:      0.00
  |--LatLE5......................................:         0
  |--LatLE10.....................................:         0
  |--LatLE15.....................................:         0
  |--LatGT15.....................................:         0
====================Vector PMU Stats PE2====================
PEId.............................................:         2
TileopNum........................................:        56
UopNum...........................................:       192
SplitCellCountMismatch...........................:         0
SplitPartialCellUopCount.........................:         0
SplitUopAvgPayloadBytes..........................:       N/A
UopQDispatch_INT.................................:         0
UopQReadyBypass_INT..............................:         0
UopQDispatchSrcBufFullCycles_INT.................:         0
UopQDispatchSrcBufFullBlockedCycles_INT..........:         0
VecSrcCellNotReadyCycles_INT.....................:        48
SharedReadPortWaitCycles_INT.....................:         0
UopQDispatch_FMA.................................:         0
UopQReadyBypass_FMA..............................:         0
UopQDispatchSrcBufFullCycles_FMA.................:         0
UopQDispatchSrcBufFullBlockedCycles_FMA..........:         0
VecSrcCellNotReadyCycles_FMA.....................:        88
SharedReadPortWaitCycles_FMA.....................:         0
UopQDispatch_LNEXP...............................:         0
UopQReadyBypass_LNEXP............................:         0
UopQDispatchSrcBufFullCycles_LNEXP...............:         0
UopQDispatchSrcBufFullBlockedCycles_LNEXP........:         0
VecSrcCellNotReadyCycles_LNEXP...................:         0
SharedReadPortWaitCycles_LNEXP...................:         0
CellReadMergedUops...............................:         0
StaticUopsIssued.................................:       192
StaticBoardBlockCycles...........................:         1
StaticWritebacks.................................:       192
StaticDynPipeBlockCycles.........................:         0
DynStaticChainBlockCycles........................:         0
ExpandTagHits_INT................................:         0
ExpandTagMisses_INT..............................:         0
ExpandBankFills_INT..............................:         0
ExpandTempFills_INT..............................:         0
ExpandEvicts_INT.................................:         0
ExpandTagHits_FMA................................:         0
ExpandTagMisses_FMA..............................:         0
ExpandBankFills_FMA..............................:         0
ExpandTempFills_FMA..............................:         0
ExpandEvicts_FMA.................................:         0
ExpandTagHits_LNEXP..............................:         0
ExpandTagMisses_LNEXP............................:         0
ExpandBankFills_LNEXP............................:         0
ExpandTempFills_LNEXP............................:         0
ExpandEvicts_LNEXP...............................:         0
ExpandFillDrops..................................:         0
ExpandReadStaleFallbacks cls0....................:         0
ExpandReadStaleFallbacks cls1....................:         0
ExpandReadStaleFallbacks cls2....................:         0
LeSharedPortBlockCycles..........................:         0
LeSrc1CarrySkips.................................:         0
=======Static Path Bank Access / Conflict Attribution=======
  StaticBankReads Bank[0]........................:        44
  StaticBankReads Bank[1]........................:        44
  StaticBankReads Bank[2]........................:        40
  StaticBankReads Bank[3]........................:        40
  StaticBankReads Bank[4]........................:        24
  StaticBankReads Bank[5]........................:        24
  StaticBankReads Bank[6]........................:        20
  StaticBankReads Bank[7]........................:        20
  StaticDetectReadBlocks Bank[0].................:         0
  StaticDetectReadBlocks Bank[1].................:         0
  StaticDetectReadBlocks Bank[2].................:         0
  StaticDetectReadBlocks Bank[3].................:         1
  StaticDetectReadBlocks Bank[4].................:         0
  StaticDetectReadBlocks Bank[5].................:         0
  StaticDetectReadBlocks Bank[6].................:         0
  StaticDetectReadBlocks Bank[7].................:         0
  StaticDetectWriteBlocks Bank[0]................:         0
  StaticDetectWriteBlocks Bank[1]................:         0
  StaticDetectWriteBlocks Bank[2]................:         0
  StaticDetectWriteBlocks Bank[3]................:         0
  StaticDetectWriteBlocks Bank[4]................:         0
  StaticDetectWriteBlocks Bank[5]................:         0
  StaticDetectWriteBlocks Bank[6]................:         0
  StaticDetectWriteBlocks Bank[7]................:         0
  StaticIntYieldBlocks Bank[0]...................:         0
  StaticIntYieldBlocks Bank[1]...................:         0
  StaticIntYieldBlocks Bank[2]...................:         0
  StaticIntYieldBlocks Bank[3]...................:         0
  StaticIntYieldBlocks Bank[4]...................:         0
  StaticIntYieldBlocks Bank[5]...................:         0
  StaticIntYieldBlocks Bank[6]...................:         0
  StaticIntYieldBlocks Bank[7]...................:         0
  StaticBoardOccSum Bank[0]......................:       378
  StaticBoardOccSum Bank[1]......................:       378
  StaticBoardOccSum Bank[2]......................:       360
  StaticBoardOccSum Bank[3]......................:       360
  StaticBoardOccSum Bank[4]......................:       312
  StaticBoardOccSum Bank[5]......................:       312
  StaticBoardOccSum Bank[6]......................:       294
  StaticBoardOccSum Bank[7]......................:       294
  StaticBoardOccColSum Col[0]....................:       320
  StaticBoardOccColSum Col[1]....................:       320
  StaticBoardOccColSum Col[2]....................:       320
  StaticBoardOccColSum Col[3]....................:       192
  StaticBoardOccColSum Col[4]....................:       192
  StaticBoardOccColSum Col[5]....................:       192
  StaticBoardOccColSum Col[6]....................:       192
  StaticBoardOccColSum Col[7]....................:       192
  StaticBoardOccColSum Col[8]....................:       192
  StaticBoardOccColSum Col[9]....................:       192
  StaticBoardOccColSum Col[10]...................:       192
  StaticBoardOccColSum Col[11]...................:       192
  StaticBoardOccColSum Col[12]...................:         0
  StaticBoardOccColSum Col[13]...................:         0
  StaticBoardOccColSum Col[14]...................:         0
  StaticBoardOccColSum Col[15]...................:         0
VecAluAcceptCycles_FMA...........................:       128
VecAluAcceptCycles_INT...........................:        64
VecAluAcceptCycles_LNEXP.........................:         0
VecTripleIssueCycles.............................:         0
VecDualIssueCycles...............................:         5
VecSingleIssueCycles.............................:       182
VecIdleIssueCycles...............................:     18992
CellReadMergeSaved...............................:         0
SrcBufBypassIssue................................:         0
SplitRawGateBlocked..............................:         0
SplitNoFreeSlotCycles............................:         0
IPC(UOP).........................................:  0.010011
RowExpandTileNum.................................:         0
RowReduceTileNum.................................:         0
ReadNum..........................................:         0
CellReadAccessTotal..............................:       256
CellReadAccess_INT...............................:         0
CellReadAccess_FMA...............................:       256
CellReadAccess_LNEXP.............................:         0
ReadLat..........................................:      0.00
  |--LatLE5......................................:         0
  |--LatLE10.....................................:         0
  |--LatLE15.....................................:         0
  |--LatGT15.....................................:         0
WriteNum.........................................:         0
CellWriteAccessTotal.............................:       192
CellWriteAccess_INT..............................:        64
CellWriteAccess_FMA..............................:       128
CellWriteAccess_LNEXP............................:         0
TempForwardHits_INT..............................:         0
TempForwardHits_FMA..............................:         0
TempForwardHits_LNEXP............................:         0
TempForwardMisses_INT............................:         0
TempForwardMisses_FMA............................:       256
TempForwardMisses_LNEXP..........................:         0
ExpandTagHits_INT................................:         0
ExpandTagHits_FMA................................:         0
ExpandTagHits_LNEXP..............................:         0
ExpandTagMisses_INT..............................:         0
ExpandTagMisses_FMA..............................:         0
ExpandTagMisses_LNEXP............................:         0
ExpandBankFills_INT..............................:         0
ExpandBankFills_FMA..............................:         0
ExpandBankFills_LNEXP............................:         0
ExpandTempFills_INT..............................:         0
ExpandTempFills_FMA..............................:         0
ExpandTempFills_LNEXP............................:         0
ExpandEvicts_INT.................................:         0
ExpandEvicts_FMA.................................:         0
ExpandEvicts_LNEXP...............................:         0
LeSharedPortBlockCycles..........................:         0
WriteLat.........................................:      0.00
  |--LatLE5......................................:         0
  |--LatLE10.....................................:         0
  |--LatLE15.....................................:         0
  |--LatGT15.....................................:         0
====================Vector PMU Stats PE3====================
PEId.............................................:         3
TileopNum........................................:        56
UopNum...........................................:       192
SplitCellCountMismatch...........................:         0
SplitPartialCellUopCount.........................:         0
SplitUopAvgPayloadBytes..........................:       N/A
UopQDispatch_INT.................................:         0
UopQReadyBypass_INT..............................:         0
UopQDispatchSrcBufFullCycles_INT.................:         0
UopQDispatchSrcBufFullBlockedCycles_INT..........:         0
VecSrcCellNotReadyCycles_INT.....................:        48
SharedReadPortWaitCycles_INT.....................:         0
UopQDispatch_FMA.................................:         0
UopQReadyBypass_FMA..............................:         0
UopQDispatchSrcBufFullCycles_FMA.................:         0
UopQDispatchSrcBufFullBlockedCycles_FMA..........:         0
VecSrcCellNotReadyCycles_FMA.....................:        89
SharedReadPortWaitCycles_FMA.....................:         0
UopQDispatch_LNEXP...............................:         0
UopQReadyBypass_LNEXP............................:         0
UopQDispatchSrcBufFullCycles_LNEXP...............:         0
UopQDispatchSrcBufFullBlockedCycles_LNEXP........:         0
VecSrcCellNotReadyCycles_LNEXP...................:         0
SharedReadPortWaitCycles_LNEXP...................:         0
CellReadMergedUops...............................:         0
StaticUopsIssued.................................:       192
StaticBoardBlockCycles...........................:         0
StaticWritebacks.................................:       192
StaticDynPipeBlockCycles.........................:         0
DynStaticChainBlockCycles........................:         0
ExpandTagHits_INT................................:         0
ExpandTagMisses_INT..............................:         0
ExpandBankFills_INT..............................:         0
ExpandTempFills_INT..............................:         0
ExpandEvicts_INT.................................:         0
ExpandTagHits_FMA................................:         0
ExpandTagMisses_FMA..............................:         0
ExpandBankFills_FMA..............................:         0
ExpandTempFills_FMA..............................:         0
ExpandEvicts_FMA.................................:         0
ExpandTagHits_LNEXP..............................:         0
ExpandTagMisses_LNEXP............................:         0
ExpandBankFills_LNEXP............................:         0
ExpandTempFills_LNEXP............................:         0
ExpandEvicts_LNEXP...............................:         0
ExpandFillDrops..................................:         0
ExpandReadStaleFallbacks cls0....................:         0
ExpandReadStaleFallbacks cls1....................:         0
ExpandReadStaleFallbacks cls2....................:         0
LeSharedPortBlockCycles..........................:         0
LeSrc1CarrySkips.................................:         0
=======Static Path Bank Access / Conflict Attribution=======
  StaticBankReads Bank[0]........................:        38
  StaticBankReads Bank[1]........................:        38
  StaticBankReads Bank[2]........................:        26
  StaticBankReads Bank[3]........................:        26
  StaticBankReads Bank[4]........................:        32
  StaticBankReads Bank[5]........................:        32
  StaticBankReads Bank[6]........................:        32
  StaticBankReads Bank[7]........................:        32
  StaticDetectReadBlocks Bank[0].................:         0
  StaticDetectReadBlocks Bank[1].................:         1
  StaticDetectReadBlocks Bank[2].................:         0
  StaticDetectReadBlocks Bank[3].................:         0
  StaticDetectReadBlocks Bank[4].................:         0
  StaticDetectReadBlocks Bank[5].................:         0
  StaticDetectReadBlocks Bank[6].................:         0
  StaticDetectReadBlocks Bank[7].................:         0
  StaticDetectWriteBlocks Bank[0]................:         0
  StaticDetectWriteBlocks Bank[1]................:         0
  StaticDetectWriteBlocks Bank[2]................:         0
  StaticDetectWriteBlocks Bank[3]................:         0
  StaticDetectWriteBlocks Bank[4]................:         0
  StaticDetectWriteBlocks Bank[5]................:         0
  StaticDetectWriteBlocks Bank[6]................:         0
  StaticDetectWriteBlocks Bank[7]................:         0
  StaticIntYieldBlocks Bank[0]...................:         0
  StaticIntYieldBlocks Bank[1]...................:         0
  StaticIntYieldBlocks Bank[2]...................:         0
  StaticIntYieldBlocks Bank[3]...................:         0
  StaticIntYieldBlocks Bank[4]...................:         0
  StaticIntYieldBlocks Bank[5]...................:         0
  StaticIntYieldBlocks Bank[6]...................:         0
  StaticIntYieldBlocks Bank[7]...................:         0
  StaticBoardOccSum Bank[0]......................:       333
  StaticBoardOccSum Bank[1]......................:       333
  StaticBoardOccSum Bank[2]......................:       327
  StaticBoardOccSum Bank[3]......................:       327
  StaticBoardOccSum Bank[4]......................:       348
  StaticBoardOccSum Bank[5]......................:       348
  StaticBoardOccSum Bank[6]......................:       336
  StaticBoardOccSum Bank[7]......................:       336
  StaticBoardOccColSum Col[0]....................:       320
  StaticBoardOccColSum Col[1]....................:       320
  StaticBoardOccColSum Col[2]....................:       320
  StaticBoardOccColSum Col[3]....................:       192
  StaticBoardOccColSum Col[4]....................:       192
  StaticBoardOccColSum Col[5]....................:       192
  StaticBoardOccColSum Col[6]....................:       192
  StaticBoardOccColSum Col[7]....................:       192
  StaticBoardOccColSum Col[8]....................:       192
  StaticBoardOccColSum Col[9]....................:       192
  StaticBoardOccColSum Col[10]...................:       192
  StaticBoardOccColSum Col[11]...................:       192
  StaticBoardOccColSum Col[12]...................:         0
  StaticBoardOccColSum Col[13]...................:         0
  StaticBoardOccColSum Col[14]...................:         0
  StaticBoardOccColSum Col[15]...................:         0
VecAluAcceptCycles_FMA...........................:       128
VecAluAcceptCycles_INT...........................:        64
VecAluAcceptCycles_LNEXP.........................:         0
VecTripleIssueCycles.............................:         0
VecDualIssueCycles...............................:         2
VecSingleIssueCycles.............................:       188
VecIdleIssueCycles...............................:     18989
CellReadMergeSaved...............................:         0
SrcBufBypassIssue................................:         0
SplitRawGateBlocked..............................:         0
SplitNoFreeSlotCycles............................:         0
IPC(UOP).........................................:  0.010011
RowExpandTileNum.................................:         0
RowReduceTileNum.................................:         0
ReadNum..........................................:         0
CellReadAccessTotal..............................:       256
CellReadAccess_INT...............................:         0
CellReadAccess_FMA...............................:       256
CellReadAccess_LNEXP.............................:         0
ReadLat..........................................:      0.00
  |--LatLE5......................................:         0
  |--LatLE10.....................................:         0
  |--LatLE15.....................................:         0
  |--LatGT15.....................................:         0
WriteNum.........................................:         0
CellWriteAccessTotal.............................:       192
CellWriteAccess_INT..............................:        64
CellWriteAccess_FMA..............................:       128
CellWriteAccess_LNEXP............................:         0
TempForwardHits_INT..............................:         0
TempForwardHits_FMA..............................:         0
TempForwardHits_LNEXP............................:         0
TempForwardMisses_INT............................:         0
TempForwardMisses_FMA............................:       256
TempForwardMisses_LNEXP..........................:         0
ExpandTagHits_INT................................:         0
ExpandTagHits_FMA................................:         0
ExpandTagHits_LNEXP..............................:         0
ExpandTagMisses_INT..............................:         0
ExpandTagMisses_FMA..............................:         0
ExpandTagMisses_LNEXP............................:         0
ExpandBankFills_INT..............................:         0
ExpandBankFills_FMA..............................:         0
ExpandBankFills_LNEXP............................:         0
ExpandTempFills_INT..............................:         0
ExpandTempFills_FMA..............................:         0
ExpandTempFills_LNEXP............................:         0
ExpandEvicts_INT.................................:         0
ExpandEvicts_FMA.................................:         0
ExpandEvicts_LNEXP...............................:         0
LeSharedPortBlockCycles..........................:         0
WriteLat.........................................:      0.00
  |--LatLE5......................................:         0
  |--LatLE10.....................................:         0
  |--LatLE15.....................................:         0
  |--LatGT15.....................................:         0
===============CellReg Bank Arbitration Stats===============
Bank Active Cycles (>=1 pending).................:       780
  |--Bank Conflict Cycles (>=2 pending)..........:         0    0.00%
  |--Bank Urgent(aged) Cycles....................:         0
Bank Grants (winners) Total......................:       780
Bank Lose (non-winner waits) Total...............:         0
Bank Port-Yield (no free channel) Total..........:         0
Total Served Read Bytes..........................:     66560
Total Served Write Bytes.........................:     33280
  |--RQ_CUBE Win.................................:         0
  |--RQ_CUBE Lose................................:         0     N/A
  |--RQ_CUBE PortYield...........................:         0
  |--RQ_CUBE Served Bytes........................:         0
  |--RQ_VEC Win..................................:         0
  |--RQ_VEC Lose.................................:         0     N/A
  |--RQ_VEC PortYield............................:         0
  |--RQ_VEC Served Bytes.........................:         0
  |--RQ_TLSU Win.................................:       520
  |--RQ_TLSU Lose................................:         0    0.00%
  |--RQ_TLSU PortYield...........................:         0
  |--RQ_TLSU Served Bytes........................:     66560
  |--WQ_CUBE Win.................................:         0
  |--WQ_CUBE Lose................................:         0     N/A
  |--WQ_CUBE PortYield...........................:         0
  |--WQ_CUBE Served Bytes........................:         0
  |--WQ_VEC Win..................................:         0
  |--WQ_VEC Lose.................................:         0     N/A
  |--WQ_VEC PortYield............................:         0
  |--WQ_VEC Served Bytes.........................:         0
  |--WQ_VEC_LNEXP Win............................:         0
  |--WQ_VEC_LNEXP Lose...........................:         0     N/A
  |--WQ_VEC_LNEXP PortYield......................:         0
  |--WQ_VEC_LNEXP Served Bytes...................:         0
  |--WQ_TLSU Win.................................:       260
  |--WQ_TLSU Lose................................:         0    0.00%
  |--WQ_TLSU PortYield...........................:         0
  |--WQ_TLSU Served Bytes........................:     33280
==============CellReg CUBE Bank-Group Backlog===============
WQ_CUBE active cycles............................:         0
  |--WQ_CUBE cross-group cycles..................:         0     N/A
RQ_CUBE active cycles............................:         0
  |--RQ_CUBE cross-group cycles..................:         0     N/A
CUBE Rd+Wr concurrent cycles.....................:         0
  |--Rd/Wr different-group cycles................:         0     N/A
  |--Wr-starved-by-Rd cycles (each owns a group).:         0     N/A
Direct OOR access dropped (pool end).............:         0
===========CellReg Per-Bank Conflict Distribution===========
  Bank[0] conflict cycles........................:         0     N/A
  Bank[1] conflict cycles........................:         0     N/A
  Bank[2] conflict cycles........................:         0     N/A
  Bank[3] conflict cycles........................:         0     N/A
  Bank[4] conflict cycles........................:         0     N/A
  Bank[5] conflict cycles........................:         0     N/A
  Bank[6] conflict cycles........................:         0     N/A
  Bank[7] conflict cycles........................:         0     N/A
==================SuperScalar Report Stop===================
