./bin/gfsim -f /mnt/workspace/v300_0923_tilework/linx/SuperNPUBench/benchmark/one-level-arch/output/solution/group_token_vec/elf/solution_group_token_vec_group_token_vec_mt_dyn.elf --conf fourpe -s core.bp_mode=1 -s core.deadlock_cycles=20000000 
[gfsim] explicit PE config present; skipping ELF auto-detection
Parse Config File:
Parse Config File:
Parse Config File:
Parse Config File:
Parse Config File:
Parse Config File:
Parse Config File:
Parse Config File:
Parse Config File:
Parse Config File:
Parse Config File:
Parse Config File:
Parse Config File:
Parse Config File:
Parse Config File:
Parse Config File:
Parse Config File:
Parse Config File:
Parse Config File:
Parse Config File:
Parse Config File:
Parse Config File:
Parse Config File:
Parse Config File:
Parse Config File:
Parse Config File:
Parse Config File:
Parse Config File:
Parse Config File:
Parse Config File:
Parse Config File:
Parse Config File:
Parse Config File:
Parse Config File:
Parse Config File:
Parse Config File:
Parse Config File:
Parse Config File:
Parse Config File:
Parse Config File:
Parse Config File:
Parse Config File:
Parse Config File:
Parse Config File:
Parse Config File:
Parse Config File:
Parse Config File:
Parse Config File:
Parse Config File:
Parse Config File:
Parse Config File:
Parse Config File:
Parse Config File:
Parse Config File:
Parse Config File:
Parse Config File:
Parse Config File:
Parse Config File:
Parse Config File:
Parse Config File:
Parse Config File:
Parse Config File:
Parse Config File:
Override configurations:
core.bp_mode=1
core.deadlock_cycles=20000000
core.threadCount=4
core.stdPeCount=1
core.cube_core_num=4
core.cube_thread_num=1
core.vec_core_num=4
fourpe.pe_cluster_enable=true
fourpe.pe_cluster_count=4
fourpe.pe_cluster_frontend_thread_count=4
fourpe.pe_cluster_aggregate_decode_width=8
fourpe.pe_cluster_gpr_rename_partition_entries=128
fourpe.pe_cluster_scalar_rob_partition_entries=128
fourpe.pe_cluster_scalar_iq_partition_entries=128
fourpe.pe_cluster_block_rob_partition_entries=256
fourpe.pe_cluster_block_iq_partition_entries=88
fourpe.pe_cluster_local_reg_partition_entries=88
bfu.brq_depth=1024
fourpe.pe_cluster_partition_borrow_enable=false
fourpe.pe_cluster_eligible_rr_fairness_check=true
fourpe.pe_cluster_group_contract_fatal=false
dfx.swimCounterSampleInterval=8
Memory: 0x10200 - 0x10248 (Size=0KB) [.rodata]
Memory: 0x1024c - 0x1029f (Size=0KB) [.eh_frame_hdr]
Memory: 0x102a0 - 0x103ab (Size=0KB) [.eh_frame]
Memory: 0x113ac - 0x138e7 (Size=9KB) [.text]
Memory: 0x148e8 - 0x1496f (Size=0KB) [.init_array]
Memory: 0x14970 - 0x14987 (Size=0KB) [.data.rel.ro]
Memory: 0x15988 - 0x15a13 (Size=0KB) [.sbss]
Memory: 0x18000 - 0x8417b (Size=432KB) [.bss]
Memory: 0x84180 - 0x8094180 (Size=131136KB) [stack mem]
Memory: 0x4000802000 - 0x4008803000 (Size=131076KB) [map mem]
tid: 0 Core@100000: Retired blocks 24231. BROB head info: B169 STID0 BPC 0x11518 [STD COND]
tid: 1 Core@100000: Retired blocks 24231. BROB head info: B170 STID1 BPC 0x11518 [STD COND]
tid: 2 Core@100000: Retired blocks 24231. BROB head info: B170 STID2 BPC 0x11518 [STD COND]
tid: 3 Core@100000: Retired blocks 24231. BROB head info: B170 STID3 BPC 0x11518 [STD COND]
tid: 0 Core@200000: Retired blocks 50568. BROB head info: B98 STID0 BPC 0x11588 [STD COND]
tid: 1 Core@200000: Retired blocks 50568. BROB head info: B98 STID1 BPC 0x11588 [STD COND]
tid: 2 Core@200000: Retired blocks 50568. BROB head info: B98 STID2 BPC 0x11588 [STD COND]
tid: 3 Core@200000: Retired blocks 50568. BROB head info: B98 STID3 BPC 0x11588 [STD COND]
tid: 0 Core@300000: Retired blocks 90412. BROB head info: B75 STID0 BPC 0x120a6 [STD DIRECT]
tid: 1 Core@300000: Retired blocks 90412. BROB head info: B75 STID1 BPC 0x120a6 [STD DIRECT]
tid: 2 Core@300000: Retired blocks 90412. BROB head info: B75 STID2 BPC 0x120a6 [STD DIRECT]
tid: 3 Core@300000: Retired blocks 90412. BROB head info: B75 STID3 BPC 0x120a6 [STD DIRECT]
tid: 0 Core@400000: Retired blocks 99741. BROB head info: B103 STID0 BPC 0x13168 [TMA FALL] rdy:1  TLOAD, lb0:16, lb1:4, lb2:16 UINT32 DR, NORM.normal, UINT32, zero GMBase:0x19000 stride:64 -> T TileTag:0 generation:1 physValid:1 addr:0x0 regCat:0 accSrcCat:0 accDstCat:0 size:256 ready:0 isZero: 0 cellTracked: 0
tid: 1 Core@400000: Retired blocks 99741. BROB head info: B103 STID1 BPC 0x13168 [TMA FALL] rdy:1  TLOAD, lb0:16, lb1:4, lb2:16 UINT32 DR, NORM.normal, UINT32, zero GMBase:0x19100 stride:64 -> T TileTag:0 generation:1 physValid:1 addr:0x0 regCat:0 accSrcCat:0 accDstCat:0 size:256 ready:0 isZero: 0 cellTracked: 0
tid: 2 Core@400000: Retired blocks 99741. BROB head info: B103 STID2 BPC 0x13168 [TMA FALL] rdy:1  TLOAD, lb0:16, lb1:4, lb2:16 UINT32 DR, NORM.normal, UINT32, zero GMBase:0x19200 stride:64 -> T TileTag:0 generation:1 physValid:1 addr:0x0 regCat:0 accSrcCat:0 accDstCat:0 size:256 ready:0 isZero: 0 cellTracked: 0
tid: 3 Core@400000: Retired blocks 99741. BROB head info: B104 STID3 BPC 0x13168 [TMA FALL] rdy:1  TLOAD, lb0:16, lb1:4, lb2:16 UINT32 DR, NORM.normal, UINT32, zero GMBase:0x19300 stride:64 -> T TileTag:0 generation:1 physValid:1 addr:0x0 regCat:0 accSrcCat:0 accDstCat:0 size:256 ready:0 isZero: 0 cellTracked: 0
tid: 0 Core@500000: Retired blocks 99741. BROB head info: B103 STID0 BPC 0x13168 [TMA FALL] rdy:1  TLOAD, lb0:16, lb1:4, lb2:16 UINT32 DR, NORM.normal, UINT32, zero GMBase:0x19000 stride:64 -> T TileTag:0 generation:1 physValid:1 addr:0x0 regCat:0 accSrcCat:0 accDstCat:0 size:256 ready:0 isZero: 0 cellTracked: 0
tid: 1 Core@500000: Retired blocks 99741. BROB head info: B103 STID1 BPC 0x13168 [TMA FALL] rdy:1  TLOAD, lb0:16, lb1:4, lb2:16 UINT32 DR, NORM.normal, UINT32, zero GMBase:0x19100 stride:64 -> T TileTag:0 generation:1 physValid:1 addr:0x0 regCat:0 accSrcCat:0 accDstCat:0 size:256 ready:0 isZero: 0 cellTracked: 0
tid: 2 Core@500000: Retired blocks 99741. BROB head info: B103 STID2 BPC 0x13168 [TMA FALL] rdy:1  TLOAD, lb0:16, lb1:4, lb2:16 UINT32 DR, NORM.normal, UINT32, zero GMBase:0x19200 stride:64 -> T TileTag:0 generation:1 physValid:1 addr:0x0 regCat:0 accSrcCat:0 accDstCat:0 size:256 ready:0 isZero: 0 cellTracked: 0
tid: 3 Core@500000: Retired blocks 99741. BROB head info: B104 STID3 BPC 0x13168 [TMA FALL] rdy:1  TLOAD, lb0:16, lb1:4, lb2:16 UINT32 DR, NORM.normal, UINT32, zero GMBase:0x19300 stride:64 -> T TileTag:0 generation:1 physValid:1 addr:0x0 regCat:0 accSrcCat:0 accDstCat:0 size:256 ready:0 isZero: 0 cellTracked: 0
tid: 0 Core@600000: Retired blocks 99741. BROB head info: B103 STID0 BPC 0x13168 [TMA FALL] rdy:1  TLOAD, lb0:16, lb1:4, lb2:16 UINT32 DR, NORM.normal, UINT32, zero GMBase:0x19000 stride:64 -> T TileTag:0 generation:1 physValid:1 addr:0x0 regCat:0 accSrcCat:0 accDstCat:0 size:256 ready:0 isZero: 0 cellTracked: 0
tid: 1 Core@600000: Retired blocks 99741. BROB head info: B103 STID1 BPC 0x13168 [TMA FALL] rdy:1  TLOAD, lb0:16, lb1:4, lb2:16 UINT32 DR, NORM.normal, UINT32, zero GMBase:0x19100 stride:64 -> T TileTag:0 generation:1 physValid:1 addr:0x0 regCat:0 accSrcCat:0 accDstCat:0 size:256 ready:0 isZero: 0 cellTracked: 0
tid: 2 Core@600000: Retired blocks 99741. BROB head info: B103 STID2 BPC 0x13168 [TMA FALL] rdy:1  TLOAD, lb0:16, lb1:4, lb2:16 UINT32 DR, NORM.normal, UINT32, zero GMBase:0x19200 stride:64 -> T TileTag:0 generation:1 physValid:1 addr:0x0 regCat:0 accSrcCat:0 accDstCat:0 size:256 ready:0 isZero: 0 cellTracked: 0
tid: 3 Core@600000: Retired blocks 99741. BROB head info: B104 STID3 BPC 0x13168 [TMA FALL] rdy:1  TLOAD, lb0:16, lb1:4, lb2:16 UINT32 DR, NORM.normal, UINT32, zero GMBase:0x19300 stride:64 -> T TileTag:0 generation:1 physValid:1 addr:0x0 regCat:0 accSrcCat:0 accDstCat:0 size:256 ready:0 isZero: 0 cellTracked: 0
tid: 0 Core@700000: Retired blocks 99741. BROB head info: B103 STID0 BPC 0x13168 [TMA FALL] rdy:1  TLOAD, lb0:16, lb1:4, lb2:16 UINT32 DR, NORM.normal, UINT32, zero GMBase:0x19000 stride:64 -> T TileTag:0 generation:1 physValid:1 addr:0x0 regCat:0 accSrcCat:0 accDstCat:0 size:256 ready:0 isZero: 0 cellTracked: 0
tid: 1 Core@700000: Retired blocks 99741. BROB head info: B103 STID1 BPC 0x13168 [TMA FALL] rdy:1  TLOAD, lb0:16, lb1:4, lb2:16 UINT32 DR, NORM.normal, UINT32, zero GMBase:0x19100 stride:64 -> T TileTag:0 generation:1 physValid:1 addr:0x0 regCat:0 accSrcCat:0 accDstCat:0 size:256 ready:0 isZero: 0 cellTracked: 0
tid: 2 Core@700000: Retired blocks 99741. BROB head info: B103 STID2 BPC 0x13168 [TMA FALL] rdy:1  TLOAD, lb0:16, lb1:4, lb2:16 UINT32 DR, NORM.normal, UINT32, zero GMBase:0x19200 stride:64 -> T TileTag:0 generation:1 physValid:1 addr:0x0 regCat:0 accSrcCat:0 accDstCat:0 size:256 ready:0 isZero: 0 cellTracked: 0
tid: 3 Core@700000: Retired blocks 99741. BROB head info: B104 STID3 BPC 0x13168 [TMA FALL] rdy:1  TLOAD, lb0:16, lb1:4, lb2:16 UINT32 DR, NORM.normal, UINT32, zero GMBase:0x19300 stride:64 -> T TileTag:0 generation:1 physValid:1 addr:0x0 regCat:0 accSrcCat:0 accDstCat:0 size:256 ready:0 isZero: 0 cellTracked: 0
tid: 0 Core@800000: Retired blocks 99741. BROB head info: B103 STID0 BPC 0x13168 [TMA FALL] rdy:1  TLOAD, lb0:16, lb1:4, lb2:16 UINT32 DR, NORM.normal, UINT32, zero GMBase:0x19000 stride:64 -> T TileTag:0 generation:1 physValid:1 addr:0x0 regCat:0 accSrcCat:0 accDstCat:0 size:256 ready:0 isZero: 0 cellTracked: 0
tid: 1 Core@800000: Retired blocks 99741. BROB head info: B103 STID1 BPC 0x13168 [TMA FALL] rdy:1  TLOAD, lb0:16, lb1:4, lb2:16 UINT32 DR, NORM.normal, UINT32, zero GMBase:0x19100 stride:64 -> T TileTag:0 generation:1 physValid:1 addr:0x0 regCat:0 accSrcCat:0 accDstCat:0 size:256 ready:0 isZero: 0 cellTracked: 0
tid: 2 Core@800000: Retired blocks 99741. BROB head info: B103 STID2 BPC 0x13168 [TMA FALL] rdy:1  TLOAD, lb0:16, lb1:4, lb2:16 UINT32 DR, NORM.normal, UINT32, zero GMBase:0x19200 stride:64 -> T TileTag:0 generation:1 physValid:1 addr:0x0 regCat:0 accSrcCat:0 accDstCat:0 size:256 ready:0 isZero: 0 cellTracked: 0
tid: 3 Core@800000: Retired blocks 99741. BROB head info: B104 STID3 BPC 0x13168 [TMA FALL] rdy:1  TLOAD, lb0:16, lb1:4, lb2:16 UINT32 DR, NORM.normal, UINT32, zero GMBase:0x19300 stride:64 -> T TileTag:0 generation:1 physValid:1 addr:0x0 regCat:0 accSrcCat:0 accDstCat:0 size:256 ready:0 isZero: 0 cellTracked: 0
tid: 0 Core@900000: Retired blocks 99741. BROB head info: B103 STID0 BPC 0x13168 [TMA FALL] rdy:1  TLOAD, lb0:16, lb1:4, lb2:16 UINT32 DR, NORM.normal, UINT32, zero GMBase:0x19000 stride:64 -> T TileTag:0 generation:1 physValid:1 addr:0x0 regCat:0 accSrcCat:0 accDstCat:0 size:256 ready:0 isZero: 0 cellTracked: 0
tid: 1 Core@900000: Retired blocks 99741. BROB head info: B103 STID1 BPC 0x13168 [TMA FALL] rdy:1  TLOAD, lb0:16, lb1:4, lb2:16 UINT32 DR, NORM.normal, UINT32, zero GMBase:0x19100 stride:64 -> T TileTag:0 generation:1 physValid:1 addr:0x0 regCat:0 accSrcCat:0 accDstCat:0 size:256 ready:0 isZero: 0 cellTracked: 0
tid: 2 Core@900000: Retired blocks 99741. BROB head info: B103 STID2 BPC 0x13168 [TMA FALL] rdy:1  TLOAD, lb0:16, lb1:4, lb2:16 UINT32 DR, NORM.normal, UINT32, zero GMBase:0x19200 stride:64 -> T TileTag:0 generation:1 physValid:1 addr:0x0 regCat:0 accSrcCat:0 accDstCat:0 size:256 ready:0 isZero: 0 cellTracked: 0
tid: 3 Core@900000: Retired blocks 99741. BROB head info: B104 STID3 BPC 0x13168 [TMA FALL] rdy:1  TLOAD, lb0:16, lb1:4, lb2:16 UINT32 DR, NORM.normal, UINT32, zero GMBase:0x19300 stride:64 -> T TileTag:0 generation:1 physValid:1 addr:0x0 regCat:0 accSrcCat:0 accDstCat:0 size:256 ready:0 isZero: 0 cellTracked: 0
tid: 0 Core@1000000: Retired blocks 99741. BROB head info: B103 STID0 BPC 0x13168 [TMA FALL] rdy:1  TLOAD, lb0:16, lb1:4, lb2:16 UINT32 DR, NORM.normal, UINT32, zero GMBase:0x19000 stride:64 -> T TileTag:0 generation:1 physValid:1 addr:0x0 regCat:0 accSrcCat:0 accDstCat:0 size:256 ready:0 isZero: 0 cellTracked: 0
tid: 1 Core@1000000: Retired blocks 99741. BROB head info: B103 STID1 BPC 0x13168 [TMA FALL] rdy:1  TLOAD, lb0:16, lb1:4, lb2:16 UINT32 DR, NORM.normal, UINT32, zero GMBase:0x19100 stride:64 -> T TileTag:0 generation:1 physValid:1 addr:0x0 regCat:0 accSrcCat:0 accDstCat:0 size:256 ready:0 isZero: 0 cellTracked: 0
tid: 2 Core@1000000: Retired blocks 99741. BROB head info: B103 STID2 BPC 0x13168 [TMA FALL] rdy:1  TLOAD, lb0:16, lb1:4, lb2:16 UINT32 DR, NORM.normal, UINT32, zero GMBase:0x19200 stride:64 -> T TileTag:0 generation:1 physValid:1 addr:0x0 regCat:0 accSrcCat:0 accDstCat:0 size:256 ready:0 isZero: 0 cellTracked: 0
tid: 3 Core@1000000: Retired blocks 99741. BROB head info: B104 STID3 BPC 0x13168 [TMA FALL] rdy:1  TLOAD, lb0:16, lb1:4, lb2:16 UINT32 DR, NORM.normal, UINT32, zero GMBase:0x19300 stride:64 -> T TileTag:0 generation:1 physValid:1 addr:0x0 regCat:0 accSrcCat:0 accDstCat:0 size:256 ready:0 isZero: 0 cellTracked: 0
tid: 0 Core@1100000: Retired blocks 99741. BROB head info: B103 STID0 BPC 0x13168 [TMA FALL] rdy:1  TLOAD, lb0:16, lb1:4, lb2:16 UINT32 DR, NORM.normal, UINT32, zero GMBase:0x19000 stride:64 -> T TileTag:0 generation:1 physValid:1 addr:0x0 regCat:0 accSrcCat:0 accDstCat:0 size:256 ready:0 isZero: 0 cellTracked: 0
tid: 1 Core@1100000: Retired blocks 99741. BROB head info: B103 STID1 BPC 0x13168 [TMA FALL] rdy:1  TLOAD, lb0:16, lb1:4, lb2:16 UINT32 DR, NORM.normal, UINT32, zero GMBase:0x19100 stride:64 -> T TileTag:0 generation:1 physValid:1 addr:0x0 regCat:0 accSrcCat:0 accDstCat:0 size:256 ready:0 isZero: 0 cellTracked: 0
tid: 2 Core@1100000: Retired blocks 99741. BROB head info: B103 STID2 BPC 0x13168 [TMA FALL] rdy:1  TLOAD, lb0:16, lb1:4, lb2:16 UINT32 DR, NORM.normal, UINT32, zero GMBase:0x19200 stride:64 -> T TileTag:0 generation:1 physValid:1 addr:0x0 regCat:0 accSrcCat:0 accDstCat:0 size:256 ready:0 isZero: 0 cellTracked: 0
tid: 3 Core@1100000: Retired blocks 99741. BROB head info: B104 STID3 BPC 0x13168 [TMA FALL] rdy:1  TLOAD, lb0:16, lb1:4, lb2:16 UINT32 DR, NORM.normal, UINT32, zero GMBase:0x19300 stride:64 -> T TileTag:0 generation:1 physValid:1 addr:0x0 regCat:0 accSrcCat:0 accDstCat:0 size:256 ready:0 isZero: 0 cellTracked: 0
tid: 0 Core@1200000: Retired blocks 99741. BROB head info: B103 STID0 BPC 0x13168 [TMA FALL] rdy:1  TLOAD, lb0:16, lb1:4, lb2:16 UINT32 DR, NORM.normal, UINT32, zero GMBase:0x19000 stride:64 -> T TileTag:0 generation:1 physValid:1 addr:0x0 regCat:0 accSrcCat:0 accDstCat:0 size:256 ready:0 isZero: 0 cellTracked: 0
tid: 1 Core@1200000: Retired blocks 99741. BROB head info: B103 STID1 BPC 0x13168 [TMA FALL] rdy:1  TLOAD, lb0:16, lb1:4, lb2:16 UINT32 DR, NORM.normal, UINT32, zero GMBase:0x19100 stride:64 -> T TileTag:0 generation:1 physValid:1 addr:0x0 regCat:0 accSrcCat:0 accDstCat:0 size:256 ready:0 isZero: 0 cellTracked: 0
tid: 2 Core@1200000: Retired blocks 99741. BROB head info: B103 STID2 BPC 0x13168 [TMA FALL] rdy:1  TLOAD, lb0:16, lb1:4, lb2:16 UINT32 DR, NORM.normal, UINT32, zero GMBase:0x19200 stride:64 -> T TileTag:0 generation:1 physValid:1 addr:0x0 regCat:0 accSrcCat:0 accDstCat:0 size:256 ready:0 isZero: 0 cellTracked: 0
tid: 3 Core@1200000: Retired blocks 99741. BROB head info: B104 STID3 BPC 0x13168 [TMA FALL] rdy:1  TLOAD, lb0:16, lb1:4, lb2:16 UINT32 DR, NORM.normal, UINT32, zero GMBase:0x19300 stride:64 -> T TileTag:0 generation:1 physValid:1 addr:0x0 regCat:0 accSrcCat:0 accDstCat:0 size:256 ready:0 isZero: 0 cellTracked: 0
tid: 0 Core@1300000: Retired blocks 99741. BROB head info: B103 STID0 BPC 0x13168 [TMA FALL] rdy:1  TLOAD, lb0:16, lb1:4, lb2:16 UINT32 DR, NORM.normal, UINT32, zero GMBase:0x19000 stride:64 -> T TileTag:0 generation:1 physValid:1 addr:0x0 regCat:0 accSrcCat:0 accDstCat:0 size:256 ready:0 isZero: 0 cellTracked: 0
tid: 1 Core@1300000: Retired blocks 99741. BROB head info: B103 STID1 BPC 0x13168 [TMA FALL] rdy:1  TLOAD, lb0:16, lb1:4, lb2:16 UINT32 DR, NORM.normal, UINT32, zero GMBase:0x19100 stride:64 -> T TileTag:0 generation:1 physValid:1 addr:0x0 regCat:0 accSrcCat:0 accDstCat:0 size:256 ready:0 isZero: 0 cellTracked: 0
tid: 2 Core@1300000: Retired blocks 99741. BROB head info: B103 STID2 BPC 0x13168 [TMA FALL] rdy:1  TLOAD, lb0:16, lb1:4, lb2:16 UINT32 DR, NORM.normal, UINT32, zero GMBase:0x19200 stride:64 -> T TileTag:0 generation:1 physValid:1 addr:0x0 regCat:0 accSrcCat:0 accDstCat:0 size:256 ready:0 isZero: 0 cellTracked: 0
tid: 3 Core@1300000: Retired blocks 99741. BROB head info: B104 STID3 BPC 0x13168 [TMA FALL] rdy:1  TLOAD, lb0:16, lb1:4, lb2:16 UINT32 DR, NORM.normal, UINT32, zero GMBase:0x19300 stride:64 -> T TileTag:0 generation:1 physValid:1 addr:0x0 regCat:0 accSrcCat:0 accDstCat:0 size:256 ready:0 isZero: 0 cellTracked: 0
tid: 0 Core@1400000: Retired blocks 99741. BROB head info: B103 STID0 BPC 0x13168 [TMA FALL] rdy:1  TLOAD, lb0:16, lb1:4, lb2:16 UINT32 DR, NORM.normal, UINT32, zero GMBase:0x19000 stride:64 -> T TileTag:0 generation:1 physValid:1 addr:0x0 regCat:0 accSrcCat:0 accDstCat:0 size:256 ready:0 isZero: 0 cellTracked: 0
tid: 1 Core@1400000: Retired blocks 99741. BROB head info: B103 STID1 BPC 0x13168 [TMA FALL] rdy:1  TLOAD, lb0:16, lb1:4, lb2:16 UINT32 DR, NORM.normal, UINT32, zero GMBase:0x19100 stride:64 -> T TileTag:0 generation:1 physValid:1 addr:0x0 regCat:0 accSrcCat:0 accDstCat:0 size:256 ready:0 isZero: 0 cellTracked: 0
tid: 2 Core@1400000: Retired blocks 99741. BROB head info: B103 STID2 BPC 0x13168 [TMA FALL] rdy:1  TLOAD, lb0:16, lb1:4, lb2:16 UINT32 DR, NORM.normal, UINT32, zero GMBase:0x19200 stride:64 -> T TileTag:0 generation:1 physValid:1 addr:0x0 regCat:0 accSrcCat:0 accDstCat:0 size:256 ready:0 isZero: 0 cellTracked: 0
tid: 3 Core@1400000: Retired blocks 99741. BROB head info: B104 STID3 BPC 0x13168 [TMA FALL] rdy:1  TLOAD, lb0:16, lb1:4, lb2:16 UINT32 DR, NORM.normal, UINT32, zero GMBase:0x19300 stride:64 -> T TileTag:0 generation:1 physValid:1 addr:0x0 regCat:0 accSrcCat:0 accDstCat:0 size:256 ready:0 isZero: 0 cellTracked: 0
tid: 0 Core@1500000: Retired blocks 99741. BROB head info: B103 STID0 BPC 0x13168 [TMA FALL] rdy:1  TLOAD, lb0:16, lb1:4, lb2:16 UINT32 DR, NORM.normal, UINT32, zero GMBase:0x19000 stride:64 -> T TileTag:0 generation:1 physValid:1 addr:0x0 regCat:0 accSrcCat:0 accDstCat:0 size:256 ready:0 isZero: 0 cellTracked: 0
tid: 1 Core@1500000: Retired blocks 99741. BROB head info: B103 STID1 BPC 0x13168 [TMA FALL] rdy:1  TLOAD, lb0:16, lb1:4, lb2:16 UINT32 DR, NORM.normal, UINT32, zero GMBase:0x19100 stride:64 -> T TileTag:0 generation:1 physValid:1 addr:0x0 regCat:0 accSrcCat:0 accDstCat:0 size:256 ready:0 isZero: 0 cellTracked: 0
tid: 2 Core@1500000: Retired blocks 99741. BROB head info: B103 STID2 BPC 0x13168 [TMA FALL] rdy:1  TLOAD, lb0:16, lb1:4, lb2:16 UINT32 DR, NORM.normal, UINT32, zero GMBase:0x19200 stride:64 -> T TileTag:0 generation:1 physValid:1 addr:0x0 regCat:0 accSrcCat:0 accDstCat:0 size:256 ready:0 isZero: 0 cellTracked: 0
tid: 3 Core@1500000: Retired blocks 99741. BROB head info: B104 STID3 BPC 0x13168 [TMA FALL] rdy:1  TLOAD, lb0:16, lb1:4, lb2:16 UINT32 DR, NORM.normal, UINT32, zero GMBase:0x19300 stride:64 -> T TileTag:0 generation:1 physValid:1 addr:0x0 regCat:0 accSrcCat:0 accDstCat:0 size:256 ready:0 isZero: 0 cellTracked: 0
tid: 0 Core@1600000: Retired blocks 99741. BROB head info: B103 STID0 BPC 0x13168 [TMA FALL] rdy:1  TLOAD, lb0:16, lb1:4, lb2:16 UINT32 DR, NORM.normal, UINT32, zero GMBase:0x19000 stride:64 -> T TileTag:0 generation:1 physValid:1 addr:0x0 regCat:0 accSrcCat:0 accDstCat:0 size:256 ready:0 isZero: 0 cellTracked: 0
tid: 1 Core@1600000: Retired blocks 99741. BROB head info: B103 STID1 BPC 0x13168 [TMA FALL] rdy:1  TLOAD, lb0:16, lb1:4, lb2:16 UINT32 DR, NORM.normal, UINT32, zero GMBase:0x19100 stride:64 -> T TileTag:0 generation:1 physValid:1 addr:0x0 regCat:0 accSrcCat:0 accDstCat:0 size:256 ready:0 isZero: 0 cellTracked: 0
tid: 2 Core@1600000: Retired blocks 99741. BROB head info: B103 STID2 BPC 0x13168 [TMA FALL] rdy:1  TLOAD, lb0:16, lb1:4, lb2:16 UINT32 DR, NORM.normal, UINT32, zero GMBase:0x19200 stride:64 -> T TileTag:0 generation:1 physValid:1 addr:0x0 regCat:0 accSrcCat:0 accDstCat:0 size:256 ready:0 isZero: 0 cellTracked: 0
tid: 3 Core@1600000: Retired blocks 99741. BROB head info: B104 STID3 BPC 0x13168 [TMA FALL] rdy:1  TLOAD, lb0:16, lb1:4, lb2:16 UINT32 DR, NORM.normal, UINT32, zero GMBase:0x19300 stride:64 -> T TileTag:0 generation:1 physValid:1 addr:0x0 regCat:0 accSrcCat:0 accDstCat:0 size:256 ready:0 isZero: 0 cellTracked: 0
tid: 0 Core@1700000: Retired blocks 99741. BROB head info: B103 STID0 BPC 0x13168 [TMA FALL] rdy:1  TLOAD, lb0:16, lb1:4, lb2:16 UINT32 DR, NORM.normal, UINT32, zero GMBase:0x19000 stride:64 -> T TileTag:0 generation:1 physValid:1 addr:0x0 regCat:0 accSrcCat:0 accDstCat:0 size:256 ready:0 isZero: 0 cellTracked: 0
tid: 1 Core@1700000: Retired blocks 99741. BROB head info: B103 STID1 BPC 0x13168 [TMA FALL] rdy:1  TLOAD, lb0:16, lb1:4, lb2:16 UINT32 DR, NORM.normal, UINT32, zero GMBase:0x19100 stride:64 -> T TileTag:0 generation:1 physValid:1 addr:0x0 regCat:0 accSrcCat:0 accDstCat:0 size:256 ready:0 isZero: 0 cellTracked: 0
tid: 2 Core@1700000: Retired blocks 99741. BROB head info: B103 STID2 BPC 0x13168 [TMA FALL] rdy:1  TLOAD, lb0:16, lb1:4, lb2:16 UINT32 DR, NORM.normal, UINT32, zero GMBase:0x19200 stride:64 -> T TileTag:0 generation:1 physValid:1 addr:0x0 regCat:0 accSrcCat:0 accDstCat:0 size:256 ready:0 isZero: 0 cellTracked: 0
tid: 3 Core@1700000: Retired blocks 99741. BROB head info: B104 STID3 BPC 0x13168 [TMA FALL] rdy:1  TLOAD, lb0:16, lb1:4, lb2:16 UINT32 DR, NORM.normal, UINT32, zero GMBase:0x19300 stride:64 -> T TileTag:0 generation:1 physValid:1 addr:0x0 regCat:0 accSrcCat:0 accDstCat:0 size:256 ready:0 isZero: 0 cellTracked: 0
tid: 0 Core@1800000: Retired blocks 99741. BROB head info: B103 STID0 BPC 0x13168 [TMA FALL] rdy:1  TLOAD, lb0:16, lb1:4, lb2:16 UINT32 DR, NORM.normal, UINT32, zero GMBase:0x19000 stride:64 -> T TileTag:0 generation:1 physValid:1 addr:0x0 regCat:0 accSrcCat:0 accDstCat:0 size:256 ready:0 isZero: 0 cellTracked: 0
tid: 1 Core@1800000: Retired blocks 99741. BROB head info: B103 STID1 BPC 0x13168 [TMA FALL] rdy:1  TLOAD, lb0:16, lb1:4, lb2:16 UINT32 DR, NORM.normal, UINT32, zero GMBase:0x19100 stride:64 -> T TileTag:0 generation:1 physValid:1 addr:0x0 regCat:0 accSrcCat:0 accDstCat:0 size:256 ready:0 isZero: 0 cellTracked: 0
tid: 2 Core@1800000: Retired blocks 99741. BROB head info: B103 STID2 BPC 0x13168 [TMA FALL] rdy:1  TLOAD, lb0:16, lb1:4, lb2:16 UINT32 DR, NORM.normal, UINT32, zero GMBase:0x19200 stride:64 -> T TileTag:0 generation:1 physValid:1 addr:0x0 regCat:0 accSrcCat:0 accDstCat:0 size:256 ready:0 isZero: 0 cellTracked: 0
tid: 3 Core@1800000: Retired blocks 99741. BROB head info: B104 STID3 BPC 0x13168 [TMA FALL] rdy:1  TLOAD, lb0:16, lb1:4, lb2:16 UINT32 DR, NORM.normal, UINT32, zero GMBase:0x19300 stride:64 -> T TileTag:0 generation:1 physValid:1 addr:0x0 regCat:0 accSrcCat:0 accDstCat:0 size:256 ready:0 isZero: 0 cellTracked: 0
tid: 0 Core@1900000: Retired blocks 99741. BROB head info: B103 STID0 BPC 0x13168 [TMA FALL] rdy:1  TLOAD, lb0:16, lb1:4, lb2:16 UINT32 DR, NORM.normal, UINT32, zero GMBase:0x19000 stride:64 -> T TileTag:0 generation:1 physValid:1 addr:0x0 regCat:0 accSrcCat:0 accDstCat:0 size:256 ready:0 isZero: 0 cellTracked: 0
tid: 1 Core@1900000: Retired blocks 99741. BROB head info: B103 STID1 BPC 0x13168 [TMA FALL] rdy:1  TLOAD, lb0:16, lb1:4, lb2:16 UINT32 DR, NORM.normal, UINT32, zero GMBase:0x19100 stride:64 -> T TileTag:0 generation:1 physValid:1 addr:0x0 regCat:0 accSrcCat:0 accDstCat:0 size:256 ready:0 isZero: 0 cellTracked: 0
tid: 2 Core@1900000: Retired blocks 99741. BROB head info: B103 STID2 BPC 0x13168 [TMA FALL] rdy:1  TLOAD, lb0:16, lb1:4, lb2:16 UINT32 DR, NORM.normal, UINT32, zero GMBase:0x19200 stride:64 -> T TileTag:0 generation:1 physValid:1 addr:0x0 regCat:0 accSrcCat:0 accDstCat:0 size:256 ready:0 isZero: 0 cellTracked: 0
tid: 3 Core@1900000: Retired blocks 99741. BROB head info: B104 STID3 BPC 0x13168 [TMA FALL] rdy:1  TLOAD, lb0:16, lb1:4, lb2:16 UINT32 DR, NORM.normal, UINT32, zero GMBase:0x19300 stride:64 -> T TileTag:0 generation:1 physValid:1 addr:0x0 regCat:0 accSrcCat:0 accDstCat:0 size:256 ready:0 isZero: 0 cellTracked: 0
tid: 0 Core@2000000: Retired blocks 99741. BROB head info: B103 STID0 BPC 0x13168 [TMA FALL] rdy:1  TLOAD, lb0:16, lb1:4, lb2:16 UINT32 DR, NORM.normal, UINT32, zero GMBase:0x19000 stride:64 -> T TileTag:0 generation:1 physValid:1 addr:0x0 regCat:0 accSrcCat:0 accDstCat:0 size:256 ready:0 isZero: 0 cellTracked: 0
tid: 1 Core@2000000: Retired blocks 99741. BROB head info: B103 STID1 BPC 0x13168 [TMA FALL] rdy:1  TLOAD, lb0:16, lb1:4, lb2:16 UINT32 DR, NORM.normal, UINT32, zero GMBase:0x19100 stride:64 -> T TileTag:0 generation:1 physValid:1 addr:0x0 regCat:0 accSrcCat:0 accDstCat:0 size:256 ready:0 isZero: 0 cellTracked: 0
tid: 2 Core@2000000: Retired blocks 99741. BROB head info: B103 STID2 BPC 0x13168 [TMA FALL] rdy:1  TLOAD, lb0:16, lb1:4, lb2:16 UINT32 DR, NORM.normal, UINT32, zero GMBase:0x19200 stride:64 -> T TileTag:0 generation:1 physValid:1 addr:0x0 regCat:0 accSrcCat:0 accDstCat:0 size:256 ready:0 isZero: 0 cellTracked: 0
tid: 3 Core@2000000: Retired blocks 99741. BROB head info: B104 STID3 BPC 0x13168 [TMA FALL] rdy:1  TLOAD, lb0:16, lb1:4, lb2:16 UINT32 DR, NORM.normal, UINT32, zero GMBase:0x19300 stride:64 -> T TileTag:0 generation:1 physValid:1 addr:0x0 regCat:0 accSrcCat:0 accDstCat:0 size:256 ready:0 isZero: 0 cellTracked: 0
tid: 0 Core@2100000: Retired blocks 99741. BROB head info: B103 STID0 BPC 0x13168 [TMA FALL] rdy:1  TLOAD, lb0:16, lb1:4, lb2:16 UINT32 DR, NORM.normal, UINT32, zero GMBase:0x19000 stride:64 -> T TileTag:0 generation:1 physValid:1 addr:0x0 regCat:0 accSrcCat:0 accDstCat:0 size:256 ready:0 isZero: 0 cellTracked: 0
tid: 1 Core@2100000: Retired blocks 99741. BROB head info: B103 STID1 BPC 0x13168 [TMA FALL] rdy:1  TLOAD, lb0:16, lb1:4, lb2:16 UINT32 DR, NORM.normal, UINT32, zero GMBase:0x19100 stride:64 -> T TileTag:0 generation:1 physValid:1 addr:0x0 regCat:0 accSrcCat:0 accDstCat:0 size:256 ready:0 isZero: 0 cellTracked: 0
tid: 2 Core@2100000: Retired blocks 99741. BROB head info: B103 STID2 BPC 0x13168 [TMA FALL] rdy:1  TLOAD, lb0:16, lb1:4, lb2:16 UINT32 DR, NORM.normal, UINT32, zero GMBase:0x19200 stride:64 -> T TileTag:0 generation:1 physValid:1 addr:0x0 regCat:0 accSrcCat:0 accDstCat:0 size:256 ready:0 isZero: 0 cellTracked: 0
tid: 3 Core@2100000: Retired blocks 99741. BROB head info: B104 STID3 BPC 0x13168 [TMA FALL] rdy:1  TLOAD, lb0:16, lb1:4, lb2:16 UINT32 DR, NORM.normal, UINT32, zero GMBase:0x19300 stride:64 -> T TileTag:0 generation:1 physValid:1 addr:0x0 regCat:0 accSrcCat:0 accDstCat:0 size:256 ready:0 isZero: 0 cellTracked: 0
tid: 0 Core@2200000: Retired blocks 99741. BROB head info: B103 STID0 BPC 0x13168 [TMA FALL] rdy:1  TLOAD, lb0:16, lb1:4, lb2:16 UINT32 DR, NORM.normal, UINT32, zero GMBase:0x19000 stride:64 -> T TileTag:0 generation:1 physValid:1 addr:0x0 regCat:0 accSrcCat:0 accDstCat:0 size:256 ready:0 isZero: 0 cellTracked: 0
tid: 1 Core@2200000: Retired blocks 99741. BROB head info: B103 STID1 BPC 0x13168 [TMA FALL] rdy:1  TLOAD, lb0:16, lb1:4, lb2:16 UINT32 DR, NORM.normal, UINT32, zero GMBase:0x19100 stride:64 -> T TileTag:0 generation:1 physValid:1 addr:0x0 regCat:0 accSrcCat:0 accDstCat:0 size:256 ready:0 isZero: 0 cellTracked: 0
tid: 2 Core@2200000: Retired blocks 99741. BROB head info: B103 STID2 BPC 0x13168 [TMA FALL] rdy:1  TLOAD, lb0:16, lb1:4, lb2:16 UINT32 DR, NORM.normal, UINT32, zero GMBase:0x19200 stride:64 -> T TileTag:0 generation:1 physValid:1 addr:0x0 regCat:0 accSrcCat:0 accDstCat:0 size:256 ready:0 isZero: 0 cellTracked: 0
tid: 3 Core@2200000: Retired blocks 99741. BROB head info: B104 STID3 BPC 0x13168 [TMA FALL] rdy:1  TLOAD, lb0:16, lb1:4, lb2:16 UINT32 DR, NORM.normal, UINT32, zero GMBase:0x19300 stride:64 -> T TileTag:0 generation:1 physValid:1 addr:0x0 regCat:0 accSrcCat:0 accDstCat:0 size:256 ready:0 isZero: 0 cellTracked: 0
tid: 0 Core@2300000: Retired blocks 99741. BROB head info: B103 STID0 BPC 0x13168 [TMA FALL] rdy:1  TLOAD, lb0:16, lb1:4, lb2:16 UINT32 DR, NORM.normal, UINT32, zero GMBase:0x19000 stride:64 -> T TileTag:0 generation:1 physValid:1 addr:0x0 regCat:0 accSrcCat:0 accDstCat:0 size:256 ready:0 isZero: 0 cellTracked: 0
tid: 1 Core@2300000: Retired blocks 99741. BROB head info: B103 STID1 BPC 0x13168 [TMA FALL] rdy:1  TLOAD, lb0:16, lb1:4, lb2:16 UINT32 DR, NORM.normal, UINT32, zero GMBase:0x19100 stride:64 -> T TileTag:0 generation:1 physValid:1 addr:0x0 regCat:0 accSrcCat:0 accDstCat:0 size:256 ready:0 isZero: 0 cellTracked: 0
tid: 2 Core@2300000: Retired blocks 99741. BROB head info: B103 STID2 BPC 0x13168 [TMA FALL] rdy:1  TLOAD, lb0:16, lb1:4, lb2:16 UINT32 DR, NORM.normal, UINT32, zero GMBase:0x19200 stride:64 -> T TileTag:0 generation:1 physValid:1 addr:0x0 regCat:0 accSrcCat:0 accDstCat:0 size:256 ready:0 isZero: 0 cellTracked: 0
tid: 3 Core@2300000: Retired blocks 99741. BROB head info: B104 STID3 BPC 0x13168 [TMA FALL] rdy:1  TLOAD, lb0:16, lb1:4, lb2:16 UINT32 DR, NORM.normal, UINT32, zero GMBase:0x19300 stride:64 -> T TileTag:0 generation:1 physValid:1 addr:0x0 regCat:0 accSrcCat:0 accDstCat:0 size:256 ready:0 isZero: 0 cellTracked: 0
tid: 0 Core@2400000: Retired blocks 99741. BROB head info: B103 STID0 BPC 0x13168 [TMA FALL] rdy:1  TLOAD, lb0:16, lb1:4, lb2:16 UINT32 DR, NORM.normal, UINT32, zero GMBase:0x19000 stride:64 -> T TileTag:0 generation:1 physValid:1 addr:0x0 regCat:0 accSrcCat:0 accDstCat:0 size:256 ready:0 isZero: 0 cellTracked: 0
tid: 1 Core@2400000: Retired blocks 99741. BROB head info: B103 STID1 BPC 0x13168 [TMA FALL] rdy:1  TLOAD, lb0:16, lb1:4, lb2:16 UINT32 DR, NORM.normal, UINT32, zero GMBase:0x19100 stride:64 -> T TileTag:0 generation:1 physValid:1 addr:0x0 regCat:0 accSrcCat:0 accDstCat:0 size:256 ready:0 isZero: 0 cellTracked: 0
tid: 2 Core@2400000: Retired blocks 99741. BROB head info: B103 STID2 BPC 0x13168 [TMA FALL] rdy:1  TLOAD, lb0:16, lb1:4, lb2:16 UINT32 DR, NORM.normal, UINT32, zero GMBase:0x19200 stride:64 -> T TileTag:0 generation:1 physValid:1 addr:0x0 regCat:0 accSrcCat:0 accDstCat:0 size:256 ready:0 isZero: 0 cellTracked: 0
tid: 3 Core@2400000: Retired blocks 99741. BROB head info: B104 STID3 BPC 0x13168 [TMA FALL] rdy:1  TLOAD, lb0:16, lb1:4, lb2:16 UINT32 DR, NORM.normal, UINT32, zero GMBase:0x19300 stride:64 -> T TileTag:0 generation:1 physValid:1 addr:0x0 regCat:0 accSrcCat:0 accDstCat:0 size:256 ready:0 isZero: 0 cellTracked: 0
tid: 0 Core@2500000: Retired blocks 99741. BROB head info: B103 STID0 BPC 0x13168 [TMA FALL] rdy:1  TLOAD, lb0:16, lb1:4, lb2:16 UINT32 DR, NORM.normal, UINT32, zero GMBase:0x19000 stride:64 -> T TileTag:0 generation:1 physValid:1 addr:0x0 regCat:0 accSrcCat:0 accDstCat:0 size:256 ready:0 isZero: 0 cellTracked: 0
tid: 1 Core@2500000: Retired blocks 99741. BROB head info: B103 STID1 BPC 0x13168 [TMA FALL] rdy:1  TLOAD, lb0:16, lb1:4, lb2:16 UINT32 DR, NORM.normal, UINT32, zero GMBase:0x19100 stride:64 -> T TileTag:0 generation:1 physValid:1 addr:0x0 regCat:0 accSrcCat:0 accDstCat:0 size:256 ready:0 isZero: 0 cellTracked: 0
tid: 2 Core@2500000: Retired blocks 99741. BROB head info: B103 STID2 BPC 0x13168 [TMA FALL] rdy:1  TLOAD, lb0:16, lb1:4, lb2:16 UINT32 DR, NORM.normal, UINT32, zero GMBase:0x19200 stride:64 -> T TileTag:0 generation:1 physValid:1 addr:0x0 regCat:0 accSrcCat:0 accDstCat:0 size:256 ready:0 isZero: 0 cellTracked: 0
tid: 3 Core@2500000: Retired blocks 99741. BROB head info: B104 STID3 BPC 0x13168 [TMA FALL] rdy:1  TLOAD, lb0:16, lb1:4, lb2:16 UINT32 DR, NORM.normal, UINT32, zero GMBase:0x19300 stride:64 -> T TileTag:0 generation:1 physValid:1 addr:0x0 regCat:0 accSrcCat:0 accDstCat:0 size:256 ready:0 isZero: 0 cellTracked: 0
tid: 0 Core@2600000: Retired blocks 99741. BROB head info: B103 STID0 BPC 0x13168 [TMA FALL] rdy:1  TLOAD, lb0:16, lb1:4, lb2:16 UINT32 DR, NORM.normal, UINT32, zero GMBase:0x19000 stride:64 -> T TileTag:0 generation:1 physValid:1 addr:0x0 regCat:0 accSrcCat:0 accDstCat:0 size:256 ready:0 isZero: 0 cellTracked: 0
tid: 1 Core@2600000: Retired blocks 99741. BROB head info: B103 STID1 BPC 0x13168 [TMA FALL] rdy:1  TLOAD, lb0:16, lb1:4, lb2:16 UINT32 DR, NORM.normal, UINT32, zero GMBase:0x19100 stride:64 -> T TileTag:0 generation:1 physValid:1 addr:0x0 regCat:0 accSrcCat:0 accDstCat:0 size:256 ready:0 isZero: 0 cellTracked: 0
tid: 2 Core@2600000: Retired blocks 99741. BROB head info: B103 STID2 BPC 0x13168 [TMA FALL] rdy:1  TLOAD, lb0:16, lb1:4, lb2:16 UINT32 DR, NORM.normal, UINT32, zero GMBase:0x19200 stride:64 -> T TileTag:0 generation:1 physValid:1 addr:0x0 regCat:0 accSrcCat:0 accDstCat:0 size:256 ready:0 isZero: 0 cellTracked: 0
tid: 3 Core@2600000: Retired blocks 99741. BROB head info: B104 STID3 BPC 0x13168 [TMA FALL] rdy:1  TLOAD, lb0:16, lb1:4, lb2:16 UINT32 DR, NORM.normal, UINT32, zero GMBase:0x19300 stride:64 -> T TileTag:0 generation:1 physValid:1 addr:0x0 regCat:0 accSrcCat:0 accDstCat:0 size:256 ready:0 isZero: 0 cellTracked: 0
tid: 0 Core@2700000: Retired blocks 99741. BROB head info: B103 STID0 BPC 0x13168 [TMA FALL] rdy:1  TLOAD, lb0:16, lb1:4, lb2:16 UINT32 DR, NORM.normal, UINT32, zero GMBase:0x19000 stride:64 -> T TileTag:0 generation:1 physValid:1 addr:0x0 regCat:0 accSrcCat:0 accDstCat:0 size:256 ready:0 isZero: 0 cellTracked: 0
tid: 1 Core@2700000: Retired blocks 99741. BROB head info: B103 STID1 BPC 0x13168 [TMA FALL] rdy:1  TLOAD, lb0:16, lb1:4, lb2:16 UINT32 DR, NORM.normal, UINT32, zero GMBase:0x19100 stride:64 -> T TileTag:0 generation:1 physValid:1 addr:0x0 regCat:0 accSrcCat:0 accDstCat:0 size:256 ready:0 isZero: 0 cellTracked: 0
tid: 2 Core@2700000: Retired blocks 99741. BROB head info: B103 STID2 BPC 0x13168 [TMA FALL] rdy:1  TLOAD, lb0:16, lb1:4, lb2:16 UINT32 DR, NORM.normal, UINT32, zero GMBase:0x19200 stride:64 -> T TileTag:0 generation:1 physValid:1 addr:0x0 regCat:0 accSrcCat:0 accDstCat:0 size:256 ready:0 isZero: 0 cellTracked: 0
tid: 3 Core@2700000: Retired blocks 99741. BROB head info: B104 STID3 BPC 0x13168 [TMA FALL] rdy:1  TLOAD, lb0:16, lb1:4, lb2:16 UINT32 DR, NORM.normal, UINT32, zero GMBase:0x19300 stride:64 -> T TileTag:0 generation:1 physValid:1 addr:0x0 regCat:0 accSrcCat:0 accDstCat:0 size:256 ready:0 isZero: 0 cellTracked: 0
tid: 0 Core@2800000: Retired blocks 99741. BROB head info: B103 STID0 BPC 0x13168 [TMA FALL] rdy:1  TLOAD, lb0:16, lb1:4, lb2:16 UINT32 DR, NORM.normal, UINT32, zero GMBase:0x19000 stride:64 -> T TileTag:0 generation:1 physValid:1 addr:0x0 regCat:0 accSrcCat:0 accDstCat:0 size:256 ready:0 isZero: 0 cellTracked: 0
tid: 1 Core@2800000: Retired blocks 99741. BROB head info: B103 STID1 BPC 0x13168 [TMA FALL] rdy:1  TLOAD, lb0:16, lb1:4, lb2:16 UINT32 DR, NORM.normal, UINT32, zero GMBase:0x19100 stride:64 -> T TileTag:0 generation:1 physValid:1 addr:0x0 regCat:0 accSrcCat:0 accDstCat:0 size:256 ready:0 isZero: 0 cellTracked: 0
tid: 2 Core@2800000: Retired blocks 99741. BROB head info: B103 STID2 BPC 0x13168 [TMA FALL] rdy:1  TLOAD, lb0:16, lb1:4, lb2:16 UINT32 DR, NORM.normal, UINT32, zero GMBase:0x19200 stride:64 -> T TileTag:0 generation:1 physValid:1 addr:0x0 regCat:0 accSrcCat:0 accDstCat:0 size:256 ready:0 isZero: 0 cellTracked: 0
tid: 3 Core@2800000: Retired blocks 99741. BROB head info: B104 STID3 BPC 0x13168 [TMA FALL] rdy:1  TLOAD, lb0:16, lb1:4, lb2:16 UINT32 DR, NORM.normal, UINT32, zero GMBase:0x19300 stride:64 -> T TileTag:0 generation:1 physValid:1 addr:0x0 regCat:0 accSrcCat:0 accDstCat:0 size:256 ready:0 isZero: 0 cellTracked: 0
tid: 0 Core@2900000: Retired blocks 99741. BROB head info: B103 STID0 BPC 0x13168 [TMA FALL] rdy:1  TLOAD, lb0:16, lb1:4, lb2:16 UINT32 DR, NORM.normal, UINT32, zero GMBase:0x19000 stride:64 -> T TileTag:0 generation:1 physValid:1 addr:0x0 regCat:0 accSrcCat:0 accDstCat:0 size:256 ready:0 isZero: 0 cellTracked: 0
tid: 1 Core@2900000: Retired blocks 99741. BROB head info: B103 STID1 BPC 0x13168 [TMA FALL] rdy:1  TLOAD, lb0:16, lb1:4, lb2:16 UINT32 DR, NORM.normal, UINT32, zero GMBase:0x19100 stride:64 -> T TileTag:0 generation:1 physValid:1 addr:0x0 regCat:0 accSrcCat:0 accDstCat:0 size:256 ready:0 isZero: 0 cellTracked: 0
tid: 2 Core@2900000: Retired blocks 99741. BROB head info: B103 STID2 BPC 0x13168 [TMA FALL] rdy:1  TLOAD, lb0:16, lb1:4, lb2:16 UINT32 DR, NORM.normal, UINT32, zero GMBase:0x19200 stride:64 -> T TileTag:0 generation:1 physValid:1 addr:0x0 regCat:0 accSrcCat:0 accDstCat:0 size:256 ready:0 isZero: 0 cellTracked: 0
tid: 3 Core@2900000: Retired blocks 99741. BROB head info: B104 STID3 BPC 0x13168 [TMA FALL] rdy:1  TLOAD, lb0:16, lb1:4, lb2:16 UINT32 DR, NORM.normal, UINT32, zero GMBase:0x19300 stride:64 -> T TileTag:0 generation:1 physValid:1 addr:0x0 regCat:0 accSrcCat:0 accDstCat:0 size:256 ready:0 isZero: 0 cellTracked: 0
tid: 0 Core@3000000: Retired blocks 99741. BROB head info: B103 STID0 BPC 0x13168 [TMA FALL] rdy:1  TLOAD, lb0:16, lb1:4, lb2:16 UINT32 DR, NORM.normal, UINT32, zero GMBase:0x19000 stride:64 -> T TileTag:0 generation:1 physValid:1 addr:0x0 regCat:0 accSrcCat:0 accDstCat:0 size:256 ready:0 isZero: 0 cellTracked: 0
tid: 1 Core@3000000: Retired blocks 99741. BROB head info: B103 STID1 BPC 0x13168 [TMA FALL] rdy:1  TLOAD, lb0:16, lb1:4, lb2:16 UINT32 DR, NORM.normal, UINT32, zero GMBase:0x19100 stride:64 -> T TileTag:0 generation:1 physValid:1 addr:0x0 regCat:0 accSrcCat:0 accDstCat:0 size:256 ready:0 isZero: 0 cellTracked: 0
tid: 2 Core@3000000: Retired blocks 99741. BROB head info: B103 STID2 BPC 0x13168 [TMA FALL] rdy:1  TLOAD, lb0:16, lb1:4, lb2:16 UINT32 DR, NORM.normal, UINT32, zero GMBase:0x19200 stride:64 -> T TileTag:0 generation:1 physValid:1 addr:0x0 regCat:0 accSrcCat:0 accDstCat:0 size:256 ready:0 isZero: 0 cellTracked: 0
tid: 3 Core@3000000: Retired blocks 99741. BROB head info: B104 STID3 BPC 0x13168 [TMA FALL] rdy:1  TLOAD, lb0:16, lb1:4, lb2:16 UINT32 DR, NORM.normal, UINT32, zero GMBase:0x19300 stride:64 -> T TileTag:0 generation:1 physValid:1 addr:0x0 regCat:0 accSrcCat:0 accDstCat:0 size:256 ready:0 isZero: 0 cellTracked: 0
tid: 0 Core@3100000: Retired blocks 99741. BROB head info: B103 STID0 BPC 0x13168 [TMA FALL] rdy:1  TLOAD, lb0:16, lb1:4, lb2:16 UINT32 DR, NORM.normal, UINT32, zero GMBase:0x19000 stride:64 -> T TileTag:0 generation:1 physValid:1 addr:0x0 regCat:0 accSrcCat:0 accDstCat:0 size:256 ready:0 isZero: 0 cellTracked: 0
tid: 1 Core@3100000: Retired blocks 99741. BROB head info: B103 STID1 BPC 0x13168 [TMA FALL] rdy:1  TLOAD, lb0:16, lb1:4, lb2:16 UINT32 DR, NORM.normal, UINT32, zero GMBase:0x19100 stride:64 -> T TileTag:0 generation:1 physValid:1 addr:0x0 regCat:0 accSrcCat:0 accDstCat:0 size:256 ready:0 isZero: 0 cellTracked: 0
tid: 2 Core@3100000: Retired blocks 99741. BROB head info: B103 STID2 BPC 0x13168 [TMA FALL] rdy:1  TLOAD, lb0:16, lb1:4, lb2:16 UINT32 DR, NORM.normal, UINT32, zero GMBase:0x19200 stride:64 -> T TileTag:0 generation:1 physValid:1 addr:0x0 regCat:0 accSrcCat:0 accDstCat:0 size:256 ready:0 isZero: 0 cellTracked: 0
tid: 3 Core@3100000: Retired blocks 99741. BROB head info: B104 STID3 BPC 0x13168 [TMA FALL] rdy:1  TLOAD, lb0:16, lb1:4, lb2:16 UINT32 DR, NORM.normal, UINT32, zero GMBase:0x19300 stride:64 -> T TileTag:0 generation:1 physValid:1 addr:0x0 regCat:0 accSrcCat:0 accDstCat:0 size:256 ready:0 isZero: 0 cellTracked: 0
tid: 0 Core@3200000: Retired blocks 99741. BROB head info: B103 STID0 BPC 0x13168 [TMA FALL] rdy:1  TLOAD, lb0:16, lb1:4, lb2:16 UINT32 DR, NORM.normal, UINT32, zero GMBase:0x19000 stride:64 -> T TileTag:0 generation:1 physValid:1 addr:0x0 regCat:0 accSrcCat:0 accDstCat:0 size:256 ready:0 isZero: 0 cellTracked: 0
tid: 1 Core@3200000: Retired blocks 99741. BROB head info: B103 STID1 BPC 0x13168 [TMA FALL] rdy:1  TLOAD, lb0:16, lb1:4, lb2:16 UINT32 DR, NORM.normal, UINT32, zero GMBase:0x19100 stride:64 -> T TileTag:0 generation:1 physValid:1 addr:0x0 regCat:0 accSrcCat:0 accDstCat:0 size:256 ready:0 isZero: 0 cellTracked: 0
tid: 2 Core@3200000: Retired blocks 99741. BROB head info: B103 STID2 BPC 0x13168 [TMA FALL] rdy:1  TLOAD, lb0:16, lb1:4, lb2:16 UINT32 DR, NORM.normal, UINT32, zero GMBase:0x19200 stride:64 -> T TileTag:0 generation:1 physValid:1 addr:0x0 regCat:0 accSrcCat:0 accDstCat:0 size:256 ready:0 isZero: 0 cellTracked: 0
tid: 3 Core@3200000: Retired blocks 99741. BROB head info: B104 STID3 BPC 0x13168 [TMA FALL] rdy:1  TLOAD, lb0:16, lb1:4, lb2:16 UINT32 DR, NORM.normal, UINT32, zero GMBase:0x19300 stride:64 -> T TileTag:0 generation:1 physValid:1 addr:0x0 regCat:0 accSrcCat:0 accDstCat:0 size:256 ready:0 isZero: 0 cellTracked: 0
tid: 0 Core@3300000: Retired blocks 99741. BROB head info: B103 STID0 BPC 0x13168 [TMA FALL] rdy:1  TLOAD, lb0:16, lb1:4, lb2:16 UINT32 DR, NORM.normal, UINT32, zero GMBase:0x19000 stride:64 -> T TileTag:0 generation:1 physValid:1 addr:0x0 regCat:0 accSrcCat:0 accDstCat:0 size:256 ready:0 isZero: 0 cellTracked: 0
tid: 1 Core@3300000: Retired blocks 99741. BROB head info: B103 STID1 BPC 0x13168 [TMA FALL] rdy:1  TLOAD, lb0:16, lb1:4, lb2:16 UINT32 DR, NORM.normal, UINT32, zero GMBase:0x19100 stride:64 -> T TileTag:0 generation:1 physValid:1 addr:0x0 regCat:0 accSrcCat:0 accDstCat:0 size:256 ready:0 isZero: 0 cellTracked: 0
tid: 2 Core@3300000: Retired blocks 99741. BROB head info: B103 STID2 BPC 0x13168 [TMA FALL] rdy:1  TLOAD, lb0:16, lb1:4, lb2:16 UINT32 DR, NORM.normal, UINT32, zero GMBase:0x19200 stride:64 -> T TileTag:0 generation:1 physValid:1 addr:0x0 regCat:0 accSrcCat:0 accDstCat:0 size:256 ready:0 isZero: 0 cellTracked: 0
tid: 3 Core@3300000: Retired blocks 99741. BROB head info: B104 STID3 BPC 0x13168 [TMA FALL] rdy:1  TLOAD, lb0:16, lb1:4, lb2:16 UINT32 DR, NORM.normal, UINT32, zero GMBase:0x19300 stride:64 -> T TileTag:0 generation:1 physValid:1 addr:0x0 regCat:0 accSrcCat:0 accDstCat:0 size:256 ready:0 isZero: 0 cellTracked: 0
tid: 0 Core@3400000: Retired blocks 99741. BROB head info: B103 STID0 BPC 0x13168 [TMA FALL] rdy:1  TLOAD, lb0:16, lb1:4, lb2:16 UINT32 DR, NORM.normal, UINT32, zero GMBase:0x19000 stride:64 -> T TileTag:0 generation:1 physValid:1 addr:0x0 regCat:0 accSrcCat:0 accDstCat:0 size:256 ready:0 isZero: 0 cellTracked: 0
tid: 1 Core@3400000: Retired blocks 99741. BROB head info: B103 STID1 BPC 0x13168 [TMA FALL] rdy:1  TLOAD, lb0:16, lb1:4, lb2:16 UINT32 DR, NORM.normal, UINT32, zero GMBase:0x19100 stride:64 -> T TileTag:0 generation:1 physValid:1 addr:0x0 regCat:0 accSrcCat:0 accDstCat:0 size:256 ready:0 isZero: 0 cellTracked: 0
tid: 2 Core@3400000: Retired blocks 99741. BROB head info: B103 STID2 BPC 0x13168 [TMA FALL] rdy:1  TLOAD, lb0:16, lb1:4, lb2:16 UINT32 DR, NORM.normal, UINT32, zero GMBase:0x19200 stride:64 -> T TileTag:0 generation:1 physValid:1 addr:0x0 regCat:0 accSrcCat:0 accDstCat:0 size:256 ready:0 isZero: 0 cellTracked: 0
tid: 3 Core@3400000: Retired blocks 99741. BROB head info: B104 STID3 BPC 0x13168 [TMA FALL] rdy:1  TLOAD, lb0:16, lb1:4, lb2:16 UINT32 DR, NORM.normal, UINT32, zero GMBase:0x19300 stride:64 -> T TileTag:0 generation:1 physValid:1 addr:0x0 regCat:0 accSrcCat:0 accDstCat:0 size:256 ready:0 isZero: 0 cellTracked: 0
tid: 0 Core@3500000: Retired blocks 99741. BROB head info: B103 STID0 BPC 0x13168 [TMA FALL] rdy:1  TLOAD, lb0:16, lb1:4, lb2:16 UINT32 DR, NORM.normal, UINT32, zero GMBase:0x19000 stride:64 -> T TileTag:0 generation:1 physValid:1 addr:0x0 regCat:0 accSrcCat:0 accDstCat:0 size:256 ready:0 isZero: 0 cellTracked: 0
tid: 1 Core@3500000: Retired blocks 99741. BROB head info: B103 STID1 BPC 0x13168 [TMA FALL] rdy:1  TLOAD, lb0:16, lb1:4, lb2:16 UINT32 DR, NORM.normal, UINT32, zero GMBase:0x19100 stride:64 -> T TileTag:0 generation:1 physValid:1 addr:0x0 regCat:0 accSrcCat:0 accDstCat:0 size:256 ready:0 isZero: 0 cellTracked: 0
tid: 2 Core@3500000: Retired blocks 99741. BROB head info: B103 STID2 BPC 0x13168 [TMA FALL] rdy:1  TLOAD, lb0:16, lb1:4, lb2:16 UINT32 DR, NORM.normal, UINT32, zero GMBase:0x19200 stride:64 -> T TileTag:0 generation:1 physValid:1 addr:0x0 regCat:0 accSrcCat:0 accDstCat:0 size:256 ready:0 isZero: 0 cellTracked: 0
tid: 3 Core@3500000: Retired blocks 99741. BROB head info: B104 STID3 BPC 0x13168 [TMA FALL] rdy:1  TLOAD, lb0:16, lb1:4, lb2:16 UINT32 DR, NORM.normal, UINT32, zero GMBase:0x19300 stride:64 -> T TileTag:0 generation:1 physValid:1 addr:0x0 regCat:0 accSrcCat:0 accDstCat:0 size:256 ready:0 isZero: 0 cellTracked: 0
tid: 0 Core@3600000: Retired blocks 99741. BROB head info: B103 STID0 BPC 0x13168 [TMA FALL] rdy:1  TLOAD, lb0:16, lb1:4, lb2:16 UINT32 DR, NORM.normal, UINT32, zero GMBase:0x19000 stride:64 -> T TileTag:0 generation:1 physValid:1 addr:0x0 regCat:0 accSrcCat:0 accDstCat:0 size:256 ready:0 isZero: 0 cellTracked: 0
tid: 1 Core@3600000: Retired blocks 99741. BROB head info: B103 STID1 BPC 0x13168 [TMA FALL] rdy:1  TLOAD, lb0:16, lb1:4, lb2:16 UINT32 DR, NORM.normal, UINT32, zero GMBase:0x19100 stride:64 -> T TileTag:0 generation:1 physValid:1 addr:0x0 regCat:0 accSrcCat:0 accDstCat:0 size:256 ready:0 isZero: 0 cellTracked: 0
tid: 2 Core@3600000: Retired blocks 99741. BROB head info: B103 STID2 BPC 0x13168 [TMA FALL] rdy:1  TLOAD, lb0:16, lb1:4, lb2:16 UINT32 DR, NORM.normal, UINT32, zero GMBase:0x19200 stride:64 -> T TileTag:0 generation:1 physValid:1 addr:0x0 regCat:0 accSrcCat:0 accDstCat:0 size:256 ready:0 isZero: 0 cellTracked: 0
tid: 3 Core@3600000: Retired blocks 99741. BROB head info: B104 STID3 BPC 0x13168 [TMA FALL] rdy:1  TLOAD, lb0:16, lb1:4, lb2:16 UINT32 DR, NORM.normal, UINT32, zero GMBase:0x19300 stride:64 -> T TileTag:0 generation:1 physValid:1 addr:0x0 regCat:0 accSrcCat:0 accDstCat:0 size:256 ready:0 isZero: 0 cellTracked: 0
tid: 0 Core@3700000: Retired blocks 99741. BROB head info: B103 STID0 BPC 0x13168 [TMA FALL] rdy:1  TLOAD, lb0:16, lb1:4, lb2:16 UINT32 DR, NORM.normal, UINT32, zero GMBase:0x19000 stride:64 -> T TileTag:0 generation:1 physValid:1 addr:0x0 regCat:0 accSrcCat:0 accDstCat:0 size:256 ready:0 isZero: 0 cellTracked: 0
tid: 1 Core@3700000: Retired blocks 99741. BROB head info: B103 STID1 BPC 0x13168 [TMA FALL] rdy:1  TLOAD, lb0:16, lb1:4, lb2:16 UINT32 DR, NORM.normal, UINT32, zero GMBase:0x19100 stride:64 -> T TileTag:0 generation:1 physValid:1 addr:0x0 regCat:0 accSrcCat:0 accDstCat:0 size:256 ready:0 isZero: 0 cellTracked: 0
tid: 2 Core@3700000: Retired blocks 99741. BROB head info: B103 STID2 BPC 0x13168 [TMA FALL] rdy:1  TLOAD, lb0:16, lb1:4, lb2:16 UINT32 DR, NORM.normal, UINT32, zero GMBase:0x19200 stride:64 -> T TileTag:0 generation:1 physValid:1 addr:0x0 regCat:0 accSrcCat:0 accDstCat:0 size:256 ready:0 isZero: 0 cellTracked: 0
tid: 3 Core@3700000: Retired blocks 99741. BROB head info: B104 STID3 BPC 0x13168 [TMA FALL] rdy:1  TLOAD, lb0:16, lb1:4, lb2:16 UINT32 DR, NORM.normal, UINT32, zero GMBase:0x19300 stride:64 -> T TileTag:0 generation:1 physValid:1 addr:0x0 regCat:0 accSrcCat:0 accDstCat:0 size:256 ready:0 isZero: 0 cellTracked: 0
tid: 0 Core@3800000: Retired blocks 99741. BROB head info: B103 STID0 BPC 0x13168 [TMA FALL] rdy:1  TLOAD, lb0:16, lb1:4, lb2:16 UINT32 DR, NORM.normal, UINT32, zero GMBase:0x19000 stride:64 -> T TileTag:0 generation:1 physValid:1 addr:0x0 regCat:0 accSrcCat:0 accDstCat:0 size:256 ready:0 isZero: 0 cellTracked: 0
tid: 1 Core@3800000: Retired blocks 99741. BROB head info: B103 STID1 BPC 0x13168 [TMA FALL] rdy:1  TLOAD, lb0:16, lb1:4, lb2:16 UINT32 DR, NORM.normal, UINT32, zero GMBase:0x19100 stride:64 -> T TileTag:0 generation:1 physValid:1 addr:0x0 regCat:0 accSrcCat:0 accDstCat:0 size:256 ready:0 isZero: 0 cellTracked: 0
tid: 2 Core@3800000: Retired blocks 99741. BROB head info: B103 STID2 BPC 0x13168 [TMA FALL] rdy:1  TLOAD, lb0:16, lb1:4, lb2:16 UINT32 DR, NORM.normal, UINT32, zero GMBase:0x19200 stride:64 -> T TileTag:0 generation:1 physValid:1 addr:0x0 regCat:0 accSrcCat:0 accDstCat:0 size:256 ready:0 isZero: 0 cellTracked: 0
tid: 3 Core@3800000: Retired blocks 99741. BROB head info: B104 STID3 BPC 0x13168 [TMA FALL] rdy:1  TLOAD, lb0:16, lb1:4, lb2:16 UINT32 DR, NORM.normal, UINT32, zero GMBase:0x19300 stride:64 -> T TileTag:0 generation:1 physValid:1 addr:0x0 regCat:0 accSrcCat:0 accDstCat:0 size:256 ready:0 isZero: 0 cellTracked: 0
tid: 0 Core@3900000: Retired blocks 99741. BROB head info: B103 STID0 BPC 0x13168 [TMA FALL] rdy:1  TLOAD, lb0:16, lb1:4, lb2:16 UINT32 DR, NORM.normal, UINT32, zero GMBase:0x19000 stride:64 -> T TileTag:0 generation:1 physValid:1 addr:0x0 regCat:0 accSrcCat:0 accDstCat:0 size:256 ready:0 isZero: 0 cellTracked: 0
tid: 1 Core@3900000: Retired blocks 99741. BROB head info: B103 STID1 BPC 0x13168 [TMA FALL] rdy:1  TLOAD, lb0:16, lb1:4, lb2:16 UINT32 DR, NORM.normal, UINT32, zero GMBase:0x19100 stride:64 -> T TileTag:0 generation:1 physValid:1 addr:0x0 regCat:0 accSrcCat:0 accDstCat:0 size:256 ready:0 isZero: 0 cellTracked: 0
tid: 2 Core@3900000: Retired blocks 99741. BROB head info: B103 STID2 BPC 0x13168 [TMA FALL] rdy:1  TLOAD, lb0:16, lb1:4, lb2:16 UINT32 DR, NORM.normal, UINT32, zero GMBase:0x19200 stride:64 -> T TileTag:0 generation:1 physValid:1 addr:0x0 regCat:0 accSrcCat:0 accDstCat:0 size:256 ready:0 isZero: 0 cellTracked: 0
tid: 3 Core@3900000: Retired blocks 99741. BROB head info: B104 STID3 BPC 0x13168 [TMA FALL] rdy:1  TLOAD, lb0:16, lb1:4, lb2:16 UINT32 DR, NORM.normal, UINT32, zero GMBase:0x19300 stride:64 -> T TileTag:0 generation:1 physValid:1 addr:0x0 regCat:0 accSrcCat:0 accDstCat:0 size:256 ready:0 isZero: 0 cellTracked: 0
tid: 0 Core@4000000: Retired blocks 99741. BROB head info: B103 STID0 BPC 0x13168 [TMA FALL] rdy:1  TLOAD, lb0:16, lb1:4, lb2:16 UINT32 DR, NORM.normal, UINT32, zero GMBase:0x19000 stride:64 -> T TileTag:0 generation:1 physValid:1 addr:0x0 regCat:0 accSrcCat:0 accDstCat:0 size:256 ready:0 isZero: 0 cellTracked: 0
tid: 1 Core@4000000: Retired blocks 99741. BROB head info: B103 STID1 BPC 0x13168 [TMA FALL] rdy:1  TLOAD, lb0:16, lb1:4, lb2:16 UINT32 DR, NORM.normal, UINT32, zero GMBase:0x19100 stride:64 -> T TileTag:0 generation:1 physValid:1 addr:0x0 regCat:0 accSrcCat:0 accDstCat:0 size:256 ready:0 isZero: 0 cellTracked: 0
tid: 2 Core@4000000: Retired blocks 99741. BROB head info: B103 STID2 BPC 0x13168 [TMA FALL] rdy:1  TLOAD, lb0:16, lb1:4, lb2:16 UINT32 DR, NORM.normal, UINT32, zero GMBase:0x19200 stride:64 -> T TileTag:0 generation:1 physValid:1 addr:0x0 regCat:0 accSrcCat:0 accDstCat:0 size:256 ready:0 isZero: 0 cellTracked: 0
tid: 3 Core@4000000: Retired blocks 99741. BROB head info: B104 STID3 BPC 0x13168 [TMA FALL] rdy:1  TLOAD, lb0:16, lb1:4, lb2:16 UINT32 DR, NORM.normal, UINT32, zero GMBase:0x19300 stride:64 -> T TileTag:0 generation:1 physValid:1 addr:0x0 regCat:0 accSrcCat:0 accDstCat:0 size:256 ready:0 isZero: 0 cellTracked: 0
tid: 0 Core@4100000: Retired blocks 99741. BROB head info: B103 STID0 BPC 0x13168 [TMA FALL] rdy:1  TLOAD, lb0:16, lb1:4, lb2:16 UINT32 DR, NORM.normal, UINT32, zero GMBase:0x19000 stride:64 -> T TileTag:0 generation:1 physValid:1 addr:0x0 regCat:0 accSrcCat:0 accDstCat:0 size:256 ready:0 isZero: 0 cellTracked: 0
tid: 1 Core@4100000: Retired blocks 99741. BROB head info: B103 STID1 BPC 0x13168 [TMA FALL] rdy:1  TLOAD, lb0:16, lb1:4, lb2:16 UINT32 DR, NORM.normal, UINT32, zero GMBase:0x19100 stride:64 -> T TileTag:0 generation:1 physValid:1 addr:0x0 regCat:0 accSrcCat:0 accDstCat:0 size:256 ready:0 isZero: 0 cellTracked: 0
tid: 2 Core@4100000: Retired blocks 99741. BROB head info: B103 STID2 BPC 0x13168 [TMA FALL] rdy:1  TLOAD, lb0:16, lb1:4, lb2:16 UINT32 DR, NORM.normal, UINT32, zero GMBase:0x19200 stride:64 -> T TileTag:0 generation:1 physValid:1 addr:0x0 regCat:0 accSrcCat:0 accDstCat:0 size:256 ready:0 isZero: 0 cellTracked: 0
tid: 3 Core@4100000: Retired blocks 99741. BROB head info: B104 STID3 BPC 0x13168 [TMA FALL] rdy:1  TLOAD, lb0:16, lb1:4, lb2:16 UINT32 DR, NORM.normal, UINT32, zero GMBase:0x19300 stride:64 -> T TileTag:0 generation:1 physValid:1 addr:0x0 regCat:0 accSrcCat:0 accDstCat:0 size:256 ready:0 isZero: 0 cellTracked: 0
tid: 0 Core@4200000: Retired blocks 99741. BROB head info: B103 STID0 BPC 0x13168 [TMA FALL] rdy:1  TLOAD, lb0:16, lb1:4, lb2:16 UINT32 DR, NORM.normal, UINT32, zero GMBase:0x19000 stride:64 -> T TileTag:0 generation:1 physValid:1 addr:0x0 regCat:0 accSrcCat:0 accDstCat:0 size:256 ready:0 isZero: 0 cellTracked: 0
tid: 1 Core@4200000: Retired blocks 99741. BROB head info: B103 STID1 BPC 0x13168 [TMA FALL] rdy:1  TLOAD, lb0:16, lb1:4, lb2:16 UINT32 DR, NORM.normal, UINT32, zero GMBase:0x19100 stride:64 -> T TileTag:0 generation:1 physValid:1 addr:0x0 regCat:0 accSrcCat:0 accDstCat:0 size:256 ready:0 isZero: 0 cellTracked: 0
tid: 2 Core@4200000: Retired blocks 99741. BROB head info: B103 STID2 BPC 0x13168 [TMA FALL] rdy:1  TLOAD, lb0:16, lb1:4, lb2:16 UINT32 DR, NORM.normal, UINT32, zero GMBase:0x19200 stride:64 -> T TileTag:0 generation:1 physValid:1 addr:0x0 regCat:0 accSrcCat:0 accDstCat:0 size:256 ready:0 isZero: 0 cellTracked: 0
tid: 3 Core@4200000: Retired blocks 99741. BROB head info: B104 STID3 BPC 0x13168 [TMA FALL] rdy:1  TLOAD, lb0:16, lb1:4, lb2:16 UINT32 DR, NORM.normal, UINT32, zero GMBase:0x19300 stride:64 -> T TileTag:0 generation:1 physValid:1 addr:0x0 regCat:0 accSrcCat:0 accDstCat:0 size:256 ready:0 isZero: 0 cellTracked: 0
tid: 0 Core@4300000: Retired blocks 99741. BROB head info: B103 STID0 BPC 0x13168 [TMA FALL] rdy:1  TLOAD, lb0:16, lb1:4, lb2:16 UINT32 DR, NORM.normal, UINT32, zero GMBase:0x19000 stride:64 -> T TileTag:0 generation:1 physValid:1 addr:0x0 regCat:0 accSrcCat:0 accDstCat:0 size:256 ready:0 isZero: 0 cellTracked: 0
tid: 1 Core@4300000: Retired blocks 99741. BROB head info: B103 STID1 BPC 0x13168 [TMA FALL] rdy:1  TLOAD, lb0:16, lb1:4, lb2:16 UINT32 DR, NORM.normal, UINT32, zero GMBase:0x19100 stride:64 -> T TileTag:0 generation:1 physValid:1 addr:0x0 regCat:0 accSrcCat:0 accDstCat:0 size:256 ready:0 isZero: 0 cellTracked: 0
tid: 2 Core@4300000: Retired blocks 99741. BROB head info: B103 STID2 BPC 0x13168 [TMA FALL] rdy:1  TLOAD, lb0:16, lb1:4, lb2:16 UINT32 DR, NORM.normal, UINT32, zero GMBase:0x19200 stride:64 -> T TileTag:0 generation:1 physValid:1 addr:0x0 regCat:0 accSrcCat:0 accDstCat:0 size:256 ready:0 isZero: 0 cellTracked: 0
tid: 3 Core@4300000: Retired blocks 99741. BROB head info: B104 STID3 BPC 0x13168 [TMA FALL] rdy:1  TLOAD, lb0:16, lb1:4, lb2:16 UINT32 DR, NORM.normal, UINT32, zero GMBase:0x19300 stride:64 -> T TileTag:0 generation:1 physValid:1 addr:0x0 regCat:0 accSrcCat:0 accDstCat:0 size:256 ready:0 isZero: 0 cellTracked: 0
tid: 0 Core@4400000: Retired blocks 99741. BROB head info: B103 STID0 BPC 0x13168 [TMA FALL] rdy:1  TLOAD, lb0:16, lb1:4, lb2:16 UINT32 DR, NORM.normal, UINT32, zero GMBase:0x19000 stride:64 -> T TileTag:0 generation:1 physValid:1 addr:0x0 regCat:0 accSrcCat:0 accDstCat:0 size:256 ready:0 isZero: 0 cellTracked: 0
tid: 1 Core@4400000: Retired blocks 99741. BROB head info: B103 STID1 BPC 0x13168 [TMA FALL] rdy:1  TLOAD, lb0:16, lb1:4, lb2:16 UINT32 DR, NORM.normal, UINT32, zero GMBase:0x19100 stride:64 -> T TileTag:0 generation:1 physValid:1 addr:0x0 regCat:0 accSrcCat:0 accDstCat:0 size:256 ready:0 isZero: 0 cellTracked: 0
tid: 2 Core@4400000: Retired blocks 99741. BROB head info: B103 STID2 BPC 0x13168 [TMA FALL] rdy:1  TLOAD, lb0:16, lb1:4, lb2:16 UINT32 DR, NORM.normal, UINT32, zero GMBase:0x19200 stride:64 -> T TileTag:0 generation:1 physValid:1 addr:0x0 regCat:0 accSrcCat:0 accDstCat:0 size:256 ready:0 isZero: 0 cellTracked: 0
tid: 3 Core@4400000: Retired blocks 99741. BROB head info: B104 STID3 BPC 0x13168 [TMA FALL] rdy:1  TLOAD, lb0:16, lb1:4, lb2:16 UINT32 DR, NORM.normal, UINT32, zero GMBase:0x19300 stride:64 -> T TileTag:0 generation:1 physValid:1 addr:0x0 regCat:0 accSrcCat:0 accDstCat:0 size:256 ready:0 isZero: 0 cellTracked: 0
