/tmp/opencode/ssm-main/bin/gfsim -f /tmp/opencode/pr163/benchmark/one-level-arch/output/solution/moe_dispatch/elf/solution_moe_dispatch_moe_dispatch_mt.elf -s core.threadCount=4 core.vec_core_num=4 
[gfsim] ELF auto-detect: single-PE; using default config
Override configurations:
core.threadCount=4
core.vec_core_num=4
Memory: 0x10200 - 0x10258 (Size=0KB) [.rodata]
Memory: 0x1025c - 0x1027f (Size=0KB) [.eh_frame_hdr]
Memory: 0x10280 - 0x1030b (Size=0KB) [.eh_frame]
Memory: 0x1130c - 0x11dd5 (Size=2KB) [.text]
Memory: 0x12dd8 - 0x12e07 (Size=0KB) [.init_array]
Memory: 0x12e08 - 0x12e1f (Size=0KB) [.data.rel.ro]
Memory: 0x14000 - 0x2e0ab (Size=104KB) [.bss]
Memory: 0x2e0b0 - 0x2e0df (Size=0KB) [.sbss]
Memory: 0x2e0e0 - 0x803e0e0 (Size=131136KB) [stack mem]
Memory: 0x4000802000 - 0x4008803000 (Size=131076KB) [map mem]
Simulation time: 9s 
+-------------------------+--------------+
| Block Control Config Name | Value        |
+-------------------------+--------------+
| inst_decode_bw          | 4            |
| block_rob_depth         | 256          |
| BISQ:cube_isq_depth     | 32           |
| BISQ:vector_isq_depth   | 32           |
+-------------------------+--------------+
+-------------------+--------------+
| CUBE Config Name  | Value        |
+-------------------+--------------+
| uop_isq_depth     | 32           |
| tcvt_isq_depth    | 16           |
| L0A_size          | 64           |
| L0B_size          | 64           |
| L0C_size          | 64           |
+-------------------+--------------+
===================SuperScalar NPU Stats====================
Total Cycles.....................................:     18779
================SuperScalar Unified Top-Down================
Retiring.........................................:     44.32%
Bad Speculation..................................:      0.15%
Frontend Bound...................................:      0.26%
CMD Bound........................................:      0.61%
Backend Bound....................................:     54.66%
  |-- LD Retiring................................:      3.92%
  |-- ST Retiring................................:      3.20%
  |-- BR Retiring................................:      0.00%
  |-- ALU Retiring...............................:     37.20%
  |-- Other Retiring.............................:      0.00%
  |-- Misprediction..............................:      0.15%
  |-- Machine Clear..............................:      0.00%
  |-- Fetch Latency..............................:      0.00%
  |-- Fetch Bandwidth............................:      0.00%
    |-- Branch Resteering........................:      0.00%
    |-- ITLB/BTLB miss...........................:      0.00%
    |-- BHC miss penalty.........................:      0.00%
    |-- Other fetch lat..........................:      0.00%
    |-- Decode Stall.............................:      0.00%
    |-- Rename Stall.............................:      0.00%
    |-- BROB Stall...............................:      0.00%
    |-- SYS Block Stall..........................:      0.00%
  |-- CMD queue backpressure.....................:      0.61%
    |-- Operand not ready........................:      0.61%
    |-- BIQ capacity full........................:      0.00%
      |-- CUBE BIQ full..........................:      0.00%
      |-- VECTOR BIQ full........................:      0.00%
      |-- TLSU BIQ full..........................:      0.00%
      |-- GROUP/SHU BIQ full.....................:      0.00%
      |-- Other BIQ full.........................:      0.00%
    |-- TileReg capacity full....................:      0.00%
    |-- GPR LPV/no-cancel gate...................:      0.00%
    |-- Other CMD queue block....................:      0.00%
  |-- CMDPipe tile backpressure..................:      0.00%
    |-- TileReg resource unavailable.............:      0.00%
    |-- Other CMDPipe stall......................:      0.00%
  |-- Other CMD control..........................:      0.00%
  |-- Memory Bound...............................:      0.00%
  |-- Core Bound.................................:     54.66%
    |-- L1 Bound.................................:      0.00%
    |-- L2 Bound.................................:      0.00%
    |-- L3/DRAM Bound............................:      0.00%
    |-- Store Bound..............................:      0.00%
    |-- Scalar ALU...............................:     17.92%
    |-- Cube.....................................:      0.00%
    |-- Vector...................................:      2.91%
    |-- TLSU Tload...............................:     17.04%
    |-- TLSU Tstore..............................:     16.80%
    |-- TLSU TMOV................................:      0.00%
    |-- Idle.....................................:      0.00%
    |-- Other Core...............................:      0.00%
      |-- Simple ALU pipe full...................:      0.00%
      |-- Complex INT busy.......................:      8.43%
      |-- Branch port busy.......................:     11.14%
===============Top-Down Boundary Attribution================
IFU-OEX boundary observations (slots)............:     75116
  |-- Frontend supply bubble (F5)................:      6.72%
  |-- Backend backpressure (F5)..................:      0.00%
  |-- Delivered to OEX (F5)......................:     93.28%
CMD queue/Pipe boundary observations (cycles)....:     18779
  |-- CMD queue supply bubble....................:     87.19%
  |-- CMD queue backpressure.....................:      0.61%
  |-- CMD blocked union cycles...................:       114
  |-- CMD issued slots...........................:      3281
  |-- CMD IQ TileOp issue count..................:       486
  |-- CMD IQ non-empty cycles....................:      2406
  |-- CMD IQ TileOp issue rate (tileops/cycle)...:0.20199501
  |-- CMDPipe tile backpressure events...........:         0
=======Core-Cycles Oldest-Block Top-Down (diagnostic)=======
Core cycles......................................:     18779
L1 Retiring......................................:      0.33%
L1 Recovery......................................:      0.00%
L1 Frontend Bound................................:     77.61%
L1 CMD Bound.....................................:      0.00%
L1 Backend Bound.................................:     21.81%
L1 Idle/Other....................................:      0.26%
  |-- L2 Memory Bound............................:      0.00%
  |-- L2 Group Sync Bound........................:      0.00%
  |-- L2 Core Bound..............................:     21.81%
    |-- L3 Cube..................................:      0.00%
    |-- L3 Vector................................:      1.69%
    |-- L3 TLSU..................................:     20.12%
    |-- L3 Scalar ALU............................:      0.00%
      |-- L4 Cube execution/queue owner..........:      0.00%
      |-- L4 Vector execution owner..............:      1.69%
      |-- L4 TLSU Tload owner....................:      2.52%
      |-- L4 TLSU Tstore owner...................:     17.59%
      |-- L4 Scalar ALU owner....................:      0.00%
Core-cycle attribution sum.......................:     18779
STID0 oldest observations........................:     18779
STID1 oldest observations........................:     18779
STID2 oldest observations........................:     18779
STID3 oldest observations........................:     18779
  |-- RETIRING representative STID...............:         3
  |-- RETIRING representative BID................:        99
  |-- RETIRING participant mask..................:        15
  |-- FRONTEND_BOUND representative STID.........:         0
  |-- FRONTEND_BOUND representative BID..........:         0
  |-- FRONTEND_BOUND participant mask............:        15
  |-- TLSU_TLOAD representative STID.............:         1
  |-- TLSU_TLOAD representative BID..............:         4
  |-- TLSU_TLOAD participant mask................:        15
  |-- TLSU_TSTORE representative STID............:         3
  |-- TLSU_TSTORE representative BID.............:         3
  |-- TLSU_TSTORE participant mask...............:        15
  |-- VECTOR representative STID.................:         1
  |-- VECTOR representative BID..................:         5
  |-- VECTOR participant mask....................:        15
  |-- IDLE_NO_OLDEST representative STID.........:         0
  |-- IDLE_NO_OLDEST representative BID..........:18446744073709551615
  |-- IDLE_NO_OLDEST participant mask............:        15
===================superScalar Key Stats====================
superScalar Tileop Total Cycles..................:     75116
  |--Cube Tileop Total Cycles....................:         0
  |--Vector Tileop Total Cycles..................:      1298
  |--TLSU Tileop Total Cycles....................:     11085
superScalar Total Tileop Counter.................:       486
  |--Cube Execute Tileop Counter.................:         0
  |--Vector Execute Tileop Counter...............:       227
  |--TLSU Execute Tileop Counter.................:       259
superScalar Run Tileop Wall Cycles...............:     18075
  |--Cube Busy Resource-Cycles (PE-summed).......:         0
  |--Vector Busy Resource-Cycles (PE-summed).....:      3284
  |--TLSU Busy Resource-Cycles (PE-summed).......:     18075
  |--Cube Active Wall Cycles (union).............:         0
  |--Vector Active Wall Cycles (union)...........:      1946
  |--TLSU Active Wall Cycles (union).............:     18075
    |--TLSU Tload Resource-Cycles (PE-summed)....:     17288
      |--write Blocked By Ring Cycles............:         0
    |--TLSU Tstore Resource-Cycles (PE-summed)...:     17041
    |--TLSU Tmov Resource-Cycles (PE-summed).....:         0
    |--TLSU Mgather Resource-Cycles (PE-summed)..:         0
    |--TLSU Mscatter Resource-Cycles (PE-summed).:         0
    |--TLSU Vgather Resource-Cycles (PE-summed)..:         0
    |--TLSU Vscatter Resource-Cycles (PE-summed).:         0
  |--All Cores Idle Wall Cycles..................:       704
  |--Vector-Cube Concurrent Wall Cycles (union)..:         0
  |--Vector-Cube Active Wall Cycles (union)......:      1946
  |--Cube-TLSU Concurrent Wall Cycles (union)....:         0
  |--Cube-TLSU Active Wall Cycles (union)........:     18075
  |--Vector-TLSU Concurrent Wall Cycles (union)..:      1946
  |--Vector-TLSU Active Wall Cycles (union)......:     18075
=============TileOp Efficiency (explicit units)=============
PE0 CUBE ExecCycles/TileOp.......................:      0.00
PE0 CUBE TileOpRate (ops/cycle)..................:0.00000000
PE0 CUBE TileOp Occupancy (%)....................:      0.00
PE0 VECTOR ReadLatency (cycles/op)...............:      0.00
PE0 VECTOR TileOpRate (ops/cycle)................:      0.00
PE0 VECTOR Utilization (%).......................:      0.00
PE1 VECTOR ReadLatency (cycles/op)...............:      0.00
PE1 VECTOR TileOpRate (ops/cycle)................:      0.00
PE1 VECTOR Utilization (%).......................:      0.00
PE2 VECTOR ReadLatency (cycles/op)...............:      0.00
PE2 VECTOR TileOpRate (ops/cycle)................:      0.00
PE2 VECTOR Utilization (%).......................:      0.00
PE3 VECTOR ReadLatency (cycles/op)...............:      0.00
PE3 VECTOR TileOpRate (ops/cycle)................:      0.00
PE3 VECTOR Utilization (%).......................:      0.00
PE0 TLSU Occupancy/Issue (cycles/event)..........:     15.38
PE0 TLSU IssueRate (events/cycle)................:      0.59
PE0 TLSU Utilization (%).........................:     97.01
Vector-Cube overlap ratio........................:      0.00
Vector-TLSU overlap ratio........................:      0.11
============PROB Status Occupancy (entry-cycles)============
  |--free........................................:         0
  |--alloc.......................................:    308893
  |--renamed.....................................:         0
  |--dispatched..................................:     52435
  |--in_queue....................................:    426923
  |--issued......................................:     98907
  |--executing...................................:     55035
  |--writeback...................................:     34789
  |--completed...................................:    785741
  |--retired.....................................:     87842
  |--fault.......................................:         0
  |--need_flush..................................:         0
===============Block Control Key Stats total================
Average Outstanding Block Number.................:      2.61
  |--Average Outstanding Cube Block Number.......:      0.00
  |--Average Outstanding Vector Block Number.....:      0.21
  |--Average Outstanding TLoad Number............:      0.61
  |--Average Outstanding TStore Number...........:      1.79
=============Block Control Key Stats SThread 0==============
Average Outstanding Block Number.................:      0.74
  |--Average Outstanding Cube Block Number.......:      0.00
  |--Average Outstanding Vector Block Number.....:      0.05
  |--Average Outstanding TLoad Number............:      0.17
  |--Average Outstanding TStore Number...........:      0.51
=============Block Control Key Stats SThread 1==============
Average Outstanding Block Number.................:      0.68
  |--Average Outstanding Cube Block Number.......:      0.00
  |--Average Outstanding Vector Block Number.....:      0.05
  |--Average Outstanding TLoad Number............:      0.16
  |--Average Outstanding TStore Number...........:      0.47
=============Block Control Key Stats SThread 2==============
Average Outstanding Block Number.................:      0.58
  |--Average Outstanding Cube Block Number.......:      0.00
  |--Average Outstanding Vector Block Number.....:      0.05
  |--Average Outstanding TLoad Number............:      0.14
  |--Average Outstanding TStore Number...........:      0.39
=============Block Control Key Stats SThread 3==============
Average Outstanding Block Number.................:      0.60
  |--Average Outstanding Cube Block Number.......:      0.00
  |--Average Outstanding Vector Block Number.....:      0.05
  |--Average Outstanding TLoad Number............:      0.14
  |--Average Outstanding TStore Number...........:      0.41
===================CubeCore 0 Statistics====================
Cube Total Cycles................................:     18779
Cube MAC Exec Occupancy..........................:         0    0.00%
Cube MAC Utilization.............................:      0.00    0.00%
Cube Logical MAC Count...........................:         0
Cube Equivalent MAC Count........................:      0.00
Cube Equivalent MAC Rate (MAC/cycle).............:      0.00
Cube core workload units (dtype-normalized)......:      0.00
Cube core workload rate (units/cycle)............:0.00000000
Cube Achieved TFLOPS (equivalent MACs, 1.65GHz)..:  0.000000
Cube core exe tileop count.......................:         0
Cube Uop Generated Count.........................:         0
Cube core retired uop count......................:         0
Cube core total load count.......................:         0
Cube core total store count (CellReg TileC writes):         0
Cube FP16 Logical MAC Count......................:         0
Cube FP16 Equivalent MAC Count...................:      0.00
Cube FP8 Logical MAC Count.......................:         0
Cube FP8 Equivalent MAC Count....................:      0.00
Cube FP4 Logical MAC Count.......................:         0
Cube FP4 Equivalent MAC Count....................:      0.00
Cube TileOp Occupancy............................:         0    0.00%
Cube Load Outstanding............................:         0    0.00%
Cube FixPipe/Store Occupancy.....................:         0    0.00%
Cube core average acc slot use...................:       N/A
Cube core average l0a entry use..................:       N/A
Cube core average l0b entry use..................:       N/A
Cube core average l0a entry use busy.............:       N/A
Cube core average l0b entry use busy.............:       N/A
Cube core average acc slot use busy..............:       N/A
Cube MAC Range...................................:         0
Cube Load Range..................................:         0
Cube Store Range.................................:         0
Cube Load-MAC Range Overlap......................:         0     N/A
accSlotAllocCount................................:         0
accSlotFreeCount.................................:         0
accSlotPeakInUse.................................:         0
accSlotWaitCount.................................:         0
bandPairMapPeakSize..............................:         0
bandPairMapFinalSize.............................:         0
batchDistributeCount.............................:         0
batchFallbackCount...............................:         0
m0TileCReadCount.................................:         0
m1TileCReadCount.................................:         0
tileCReadRequestCount............................:         0
tileCReadBytes...................................:         0
batchMissedDistributeCount.......................:         0
uniqueTileCSourceAddresses.......................:         0
Cube core exe uop count..........................:         0
Cube core retired uop count......................:         0
Cube core total load count.......................:         0
Cube core total store count (CellReg TileC writes):         0
  |--CellReg Load Count..........................:         0
    |--CellReg TileA Count.......................:         0
    |--CellReg TileB Count.......................:         0
    |--CellReg TileC Count.......................:         0
    |--CellReg LeftScale Count...................:         0
    |--CellReg RightScale Count..................:         0
  |--CellReg Load Bytes..........................:         0
    |--CellReg TileA Bytes.......................:         0
    |--CellReg TileB Bytes.......................:         0
    |--CellReg TileC Bytes.......................:         0
    |--CellReg LeftScale Bytes...................:         0
    |--CellReg RightScale Bytes..................:         0
  |--CellReg Store Count.........................:         0
    |--CellReg TileC Count.......................:         0
  |--CellReg Store Bytes.........................:         0
    |--CellReg TileC Bytes.......................:         0
  |--ShareTReg Load Count........................:         0
    |--ShareTReg TileA Count.....................:         0
    |--ShareTReg TileB Count.....................:         0
  |--ShareTReg Load Bytes........................:         0
    |--ShareTReg TileA Bytes.....................:         0
    |--ShareTReg TileB Bytes.....................:         0
=============== TLSU tile-store STQ residency peId=0 ===============
  resident entry-cycles ....................: 15688
  |-- addr/interval not resolved ...........: 0  (0.00%)
  |-- tile data (rename) not ready .........: 10014  (63.83%)
  |-- BLOCKED BY NON-FLUSH POINTER .........: 2040  (13.00%)
  |-- older store still in STQ .............: 3472  (22.13%)
  |-- SCB full ............................: 0  (0.00%)
  store_issue=4965 scb_enter=4965 stq_peak=80 scb_peak=52
  invariants: stq_conservation=OK (created=4812 destroyed=4812) a3_tile_violation=0 scb_flush_hit=0 scb_waw_scalar=0 scb_waw_tile=0 nuke=0
=============== TLOAD Sub-path peId=0 ===============
  occupancy entry-cycles ..................: 49626 (29.01%)
  issue events ............................: 6154
=============== TSTORE Sub-path peId=0 ===============
  occupancy entry-cycles ..................: 121428 (70.99%)
  issue events ............................: 4965
=============== TMOV Sub-path peId=0 ===============
  occupancy entry-cycles ..................: 0 (0.00%)
  issue events ............................: 0
=====================Retired block Type=====================
Retired Block Num................................:      6703
  |--Retired STD Block Num.......................:      2121
  |--Retired PARALLEL Block Num..................:       486
    |--Retired CUBE Block Num....................:         0    0.00%
    |--Retired VCALL Block Num...................:       227   46.71%
    |--Retired TLSU Block Num....................:       259   53.29%
  |--Retired SYS Block Num.......................:         0
  |--Retired FP Block Num........................:      4096
  |--Retired OTHER Block Num.....................:         0
==================Retired Template Opcode===================
FENTRY...........................................:        12
FEXIT............................................:         0
FRET.............................................:        12
MEMSET...........................................:         0
MEMCOPY..........................................:         0
Retired Instruction Number.......................:     66581
  |--Retired Scalar Inst Number..................:     66581
  |--Retired Vec Inst Number.....................:         0
Retired Cube TileOp Number.......................:         0
Blocks Per Cycle.................................:  0.356941
IPC..............................................:  3.545503
Average BROB occupancy...........................:     31.80
  |--STID0 Average BROB occupancy................:  9.216199
  |--STID1 Average BROB occupancy................:  8.189520
  |--STID2 Average BROB occupancy................:  7.197668
  |--STID3 Average BROB occupancy................:  7.198999
Effective window size............................:     55.71
MPKB.............................................:     34.67
MPKI.............................................:      3.47
Simulation speed (Kilo Insts Per Second).........:      7.31
Discontinuous BPC Count..........................:      5491
Average Continuous BPC Length....................:  1.220725
Average fetch minsts/header per cycle............:     11.39
==========Block Control Detail Stats(Tile rename)===========
Tile register average tag num....................:     38.23
  |--T...........................................:     19.14
  |--U...........................................:     19.09
  |--M...........................................:      0.00
  |--N...........................................:      0.00
  |--ACC.........................................:      0.00
  |--STK.........................................:      0.00
  |--DEP.........................................:      0.00
  |--MCALL_GPR...................................:      0.00
  |--MCALL_STK...................................:      0.00
Tile register average occupied bytes (all threads):   8748.54
Tile register average utilization (%)............:    0.8343
  |--T occupied bytes............................:       847    9.68%
  |--U occupied bytes............................:      7901   90.32%
  |--M occupied bytes............................:         0    0.00%
  |--N occupied bytes............................:         0    0.00%
  |--ACC occupied bytes..........................:         0    0.00%
  |--STK occupied bytes..........................:         0    0.00%
  |--DEP occupied bytes..........................:         0    0.00%
  |--MCALL_GPR occupied bytes....................:         0    0.00%
  |--MCALL_STK occupied bytes....................:         0    0.00%
Tile register max size of T......................:     65536
  |-- utilization................................:      3584    5.47%
Tile register max size of U......................:     65536
  |-- utilization................................:      8448   12.89%
Tile register max size of M......................:     65536
  |-- utilization................................:         0    0.00%
Tile register max size of N......................:     65536
  |-- utilization................................:         0    0.00%
STID0 TileReg average occupied bytes.............:   2268.47
STID0 TileReg average utilization (%)............:    0.8654
STID1 TileReg average occupied bytes.............:   2194.22
STID1 TileReg average utilization (%)............:    0.8370
STID2 TileReg average occupied bytes.............:   2145.10
STID2 TileReg average utilization (%)............:    0.8183
STID3 TileReg average occupied bytes.............:   2140.74
STID3 TileReg average utilization (%)............:    0.8166
Tile size-class allocator enabled................:         1
Tile allocator unit size(B)......................:       128
Tile allocator requests..........................:       324
Tile allocator failures..........................:         0
Tile allocator successful requested units........:      1040
Tile allocator granted units.....................:      1040
Tile allocator class waste units.................:         0
Tile allocator split events......................:       150
Tile allocator merge events......................:        84
Tile allocator sum of per-thread peak(B).........:     40448
==============Block Control Stall Stats Total===============
BRob Full Stall..................................:         0
RENAME Stall.....................................:         0
Block Rename Get Stall...........................:         0
Block Rename Set Stall...........................:         0
BIsq Full Stall .................................:         0
TileReg Full Stall ..............................:         0
============Block Control Stall Stats SThread 0=============
BRob Full Stall..................................:         0
RENAME Stall.....................................:         0
Block Rename Get Stall...........................:         0
Block Rename Set Stall...........................:         0
BIsq Full Stall .................................:         0
TileReg Full Stall ..............................:         0
============Block Control Stall Stats SThread 1=============
BRob Full Stall..................................:         0
RENAME Stall.....................................:         0
Block Rename Get Stall...........................:         0
Block Rename Set Stall...........................:         0
BIsq Full Stall .................................:         0
TileReg Full Stall ..............................:         0
============Block Control Stall Stats SThread 2=============
BRob Full Stall..................................:         0
RENAME Stall.....................................:         0
Block Rename Get Stall...........................:         0
Block Rename Set Stall...........................:         0
BIsq Full Stall .................................:         0
TileReg Full Stall ..............................:         0
============Block Control Stall Stats SThread 3=============
BRob Full Stall..................................:         0
RENAME Stall.....................................:         0
Block Rename Get Stall...........................:         0
Block Rename Set Stall...........................:         0
BIsq Full Stall .................................:         0
TileReg Full Stall ..............................:         0
=====Block Control Detail Stats(Flush Statistics) Total=====
intra-block ld-st conflict.......................:         0
inter-block ld-st conflict.......................:         0
intra-block misp.................................:         0
inter-block misp.................................:       284
===Block Control Detail Stats(Flush Statistics) SThread 0===
intra-block ld-st conflict.......................:         0
inter-block ld-st conflict.......................:         0
intra-block misp.................................:         0
inter-block misp.................................:        94
===Block Control Detail Stats(Flush Statistics) SThread 1===
intra-block ld-st conflict.......................:         0
inter-block ld-st conflict.......................:         0
intra-block misp.................................:         0
inter-block misp.................................:        71
===Block Control Detail Stats(Flush Statistics) SThread 2===
intra-block ld-st conflict.......................:         0
inter-block ld-st conflict.......................:         0
intra-block misp.................................:         0
inter-block misp.................................:        60
===Block Control Detail Stats(Flush Statistics) SThread 3===
intra-block ld-st conflict.......................:         0
inter-block ld-st conflict.......................:         0
intra-block misp.................................:         0
inter-block misp.................................:        59
=====================SPE OOO&IEX stats======================
decode inst bubble...............................:     79523
average decode bundle............................:      0.00
Thread0 Pick Cnt.................................:     18190
Thread1 Pick Cnt.................................:     17286
Thread2 Pick Cnt.................................:     17335
Thread3 Pick Cnt.................................:     17330
Thread0 rob stall cnt............................:       193
Thread1 rob stall cnt............................:         0
Thread2 rob stall cnt............................:         0
Thread3 rob stall cnt............................:         0
decode pe rob stall..............................:         0
decode local gpr stall...........................:         0
inst buffer stall................................:         0
predicate reg stall..............................:         0
vector reg ptag stall............................:         0
vector local scalar reg stall....................:         0
retired ld inst..................................:      5892
retired st inst..................................:      4803
retired scalar inst..............................:     66581
retired vector inst..............................:         0
retired div/sqrt inst............................:         0
MAPQ lg0 stall...................................:         0
MAPQ lg1 stall...................................:         0
MAPQ lg2 stall...................................:         0
MAPQ lg3 stall...................................:         0
ROB lg0 stall....................................:       193
ROB lg1 stall....................................:         0
ROB lg2 stall....................................:         0
ROB lg3 stall....................................:         0
Thread0 decode cycle.............................:      4527
Thread1 decode cycle.............................:      4319
Thread2 decode cycle.............................:      4331
Thread3 decode cycle.............................:      4332
Thread0 alloc cycle..............................:      4527
Thread1 alloc cycle..............................:      4319
Thread2 alloc cycle..............................:      4331
Thread3 alloc cycle..............................:      4332
Thread0 rename cycle.............................:      4519
Thread1 rename cycle.............................:      4318
Thread2 rename cycle.............................:      4325
Thread3 rename cycle.............................:      4331
Thread0 d2_s1 dispatch cnt.......................:      4008
Thread1 d2_s1 dispatch cnt.......................:      4143
Thread2 d2_s1 dispatch cnt.......................:      4209
Thread3 d2_s1 dispatch cnt.......................:      4275
Thread0 slots_total..............................:     36216
Thread1 slots_total..............................:     34552
Thread2 slots_total..............................:     34648
Thread3 slots_total..............................:     34656
Thread0 slots_rob_allocated......................:     18136
Thread1 slots_rob_allocated......................:     17299
Thread2 slots_rob_allocated......................:     17357
Thread3 slots_rob_allocated......................:     17349
Thread0 slots_fe_bubble..........................:     18080
Thread1 slots_fe_bubble..........................:     17253
Thread2 slots_fe_bubble..........................:     17291
Thread3 slots_fe_bubble..........................:     17307
Thread0 slots_idle...............................:         0
Thread1 slots_idle...............................:         0
Thread2 slots_idle...............................:         0
Thread3 slots_idle...............................:         0
Thread0 robStall.................................:      1194
Thread1 robStall.................................:         0
Thread2 robStall.................................:         0
Thread3 robStall.................................:         0
Thread0 retired_load.............................:      1541
Thread1 retired_load.............................:      1462
Thread2 retired_load.............................:      1459
Thread3 retired_load.............................:      1430
Thread0 retired_store............................:      1230
Thread1 retired_store............................:      1191
Thread2 retired_store............................:      1191
Thread3 retired_store............................:      1191
Thread0 retired_innerJump........................:         0
Thread1 retired_innerJump........................:         0
Thread2 retired_innerJump........................:         0
Thread3 retired_innerJump........................:         0
Thread0 retiredAluInst...........................:     13978
Thread1 retiredAluInst...........................:     13815
Thread2 retiredAluInst...........................:     14004
Thread3 retiredAluInst...........................:     14089
Thread0 retiredSAluInst..........................:     13978
Thread1 retiredSAluInst..........................:     13815
Thread2 retiredSAluInst..........................:     14004
Thread3 retiredSAluInst..........................:     14089
Thread0 retiredVAluInst..........................:         0
Thread1 retiredVAluInst..........................:         0
Thread2 retiredVAluInst..........................:         0
Thread3 retiredVAluInst..........................:         0
Thread0 retiredScalar............................:     16749
Thread1 retiredScalar............................:     16468
Thread2 retiredScalar............................:     16654
Thread3 retiredScalar............................:     16710
Thread0 retiredVector............................:         0
Thread1 retiredVector............................:         0
Thread2 retiredVector............................:         0
Thread3 retiredVector............................:         0
Thread0 retiredDivSqrt...........................:         0
Thread1 retiredDivSqrt...........................:         0
Thread2 retiredDivSqrt...........................:         0
Thread3 retiredDivSqrt...........................:         0
====================Vector PMU Stats PE0====================
PEId.............................................:         0
TileopNum........................................:        59
UopNum...........................................:       204
SplitCellCountMismatch...........................:         0
SplitPartialCellUopCount.........................:         0
SplitUopAvgPayloadBytes..........................:       N/A
UopQDispatch_INT.................................:         0
UopQReadyBypass_INT..............................:         0
UopQDispatchSrcBufFullCycles_INT.................:         0
UopQDispatchSrcBufFullBlockedCycles_INT..........:         0
VecSrcCellNotReadyCycles_INT.....................:        51
SharedReadPortWaitCycles_INT.....................:         0
UopQDispatch_FMA.................................:         0
UopQReadyBypass_FMA..............................:         0
UopQDispatchSrcBufFullCycles_FMA.................:         0
UopQDispatchSrcBufFullBlockedCycles_FMA..........:         0
VecSrcCellNotReadyCycles_FMA.....................:        94
SharedReadPortWaitCycles_FMA.....................:         0
UopQDispatch_LNEXP...............................:         0
UopQReadyBypass_LNEXP............................:         0
UopQDispatchSrcBufFullCycles_LNEXP...............:         0
UopQDispatchSrcBufFullBlockedCycles_LNEXP........:         0
VecSrcCellNotReadyCycles_LNEXP...................:         0
SharedReadPortWaitCycles_LNEXP...................:         0
CellReadMergedUops...............................:         0
StaticUopsIssued.................................:       204
StaticBoardBlockCycles...........................:         0
StaticWritebacks.................................:       204
StaticDynPipeBlockCycles.........................:         0
DynStaticChainBlockCycles........................:         0
ExpandTagHits_INT................................:         0
ExpandTagMisses_INT..............................:         0
ExpandBankFills_INT..............................:         0
ExpandTempFills_INT..............................:         0
ExpandEvicts_INT.................................:         0
ExpandTagHits_FMA................................:         0
ExpandTagMisses_FMA..............................:         0
ExpandBankFills_FMA..............................:         0
ExpandTempFills_FMA..............................:         0
ExpandEvicts_FMA.................................:         0
ExpandTagHits_LNEXP..............................:         0
ExpandTagMisses_LNEXP............................:         0
ExpandBankFills_LNEXP............................:         0
ExpandTempFills_LNEXP............................:         0
ExpandEvicts_LNEXP...............................:         0
ExpandFillDrops..................................:         0
ExpandReadStaleFallbacks cls0....................:         0
ExpandReadStaleFallbacks cls1....................:         0
ExpandReadStaleFallbacks cls2....................:         0
LeSharedPortBlockCycles..........................:         0
LeSrc1CarrySkips.................................:         0
=======Static Path Bank Access / Conflict Attribution=======
  StaticBankReads Bank[0]........................:        56
  StaticBankReads Bank[1]........................:        56
  StaticBankReads Bank[2]........................:        38
  StaticBankReads Bank[3]........................:        38
  StaticBankReads Bank[4]........................:        18
  StaticBankReads Bank[5]........................:        18
  StaticBankReads Bank[6]........................:        24
  StaticBankReads Bank[7]........................:        24
  StaticDetectReadBlocks Bank[0].................:         0
  StaticDetectReadBlocks Bank[1].................:         0
  StaticDetectReadBlocks Bank[2].................:         0
  StaticDetectReadBlocks Bank[3].................:         0
  StaticDetectReadBlocks Bank[4].................:         0
  StaticDetectReadBlocks Bank[5].................:         0
  StaticDetectReadBlocks Bank[6].................:         0
  StaticDetectReadBlocks Bank[7].................:         1
  StaticDetectWriteBlocks Bank[0]................:         0
  StaticDetectWriteBlocks Bank[1]................:         0
  StaticDetectWriteBlocks Bank[2]................:         0
  StaticDetectWriteBlocks Bank[3]................:         0
  StaticDetectWriteBlocks Bank[4]................:         0
  StaticDetectWriteBlocks Bank[5]................:         0
  StaticDetectWriteBlocks Bank[6]................:         0
  StaticDetectWriteBlocks Bank[7]................:         0
  StaticIntYieldBlocks Bank[0]...................:         0
  StaticIntYieldBlocks Bank[1]...................:         0
  StaticIntYieldBlocks Bank[2]...................:         0
  StaticIntYieldBlocks Bank[3]...................:         0
  StaticIntYieldBlocks Bank[4]...................:         0
  StaticIntYieldBlocks Bank[5]...................:         0
  StaticIntYieldBlocks Bank[6]...................:         0
  StaticIntYieldBlocks Bank[7]...................:         0
  StaticBoardOccSum Bank[0]......................:       384
  StaticBoardOccSum Bank[1]......................:       384
  StaticBoardOccSum Bank[2]......................:       369
  StaticBoardOccSum Bank[3]......................:       369
  StaticBoardOccSum Bank[4]......................:       351
  StaticBoardOccSum Bank[5]......................:       351
  StaticBoardOccSum Bank[6]......................:       324
  StaticBoardOccSum Bank[7]......................:       324
  StaticBoardOccColSum Col[0]....................:       340
  StaticBoardOccColSum Col[1]....................:       340
  StaticBoardOccColSum Col[2]....................:       340
  StaticBoardOccColSum Col[3]....................:       204
  StaticBoardOccColSum Col[4]....................:       204
  StaticBoardOccColSum Col[5]....................:       204
  StaticBoardOccColSum Col[6]....................:       204
  StaticBoardOccColSum Col[7]....................:       204
  StaticBoardOccColSum Col[8]....................:       204
  StaticBoardOccColSum Col[9]....................:       204
  StaticBoardOccColSum Col[10]...................:       204
  StaticBoardOccColSum Col[11]...................:       204
  StaticBoardOccColSum Col[12]...................:         0
  StaticBoardOccColSum Col[13]...................:         0
  StaticBoardOccColSum Col[14]...................:         0
  StaticBoardOccColSum Col[15]...................:         0
VecAluAcceptCycles_FMA...........................:       136
VecAluAcceptCycles_INT...........................:        68
VecAluAcceptCycles_LNEXP.........................:         0
VecTripleIssueCycles.............................:         0
VecDualIssueCycles...............................:         0
VecSingleIssueCycles.............................:       204
VecIdleIssueCycles...............................:     18575
CellReadMergeSaved...............................:         0
SrcBufBypassIssue................................:         0
SplitRawGateBlocked..............................:         0
SplitNoFreeSlotCycles............................:         0
IPC(UOP).........................................:  0.010863
RowExpandTileNum.................................:         0
RowReduceTileNum.................................:         0
ReadNum..........................................:         0
CellReadAccessTotal..............................:       272
CellReadAccess_INT...............................:         0
CellReadAccess_FMA...............................:       272
CellReadAccess_LNEXP.............................:         0
ReadLat..........................................:      0.00
  |--LatLE5......................................:         0
  |--LatLE10.....................................:         0
  |--LatLE15.....................................:         0
  |--LatGT15.....................................:         0
WriteNum.........................................:         0
CellWriteAccessTotal.............................:       204
CellWriteAccess_INT..............................:        68
CellWriteAccess_FMA..............................:       136
CellWriteAccess_LNEXP............................:         0
TempForwardHits_INT..............................:         0
TempForwardHits_FMA..............................:         0
TempForwardHits_LNEXP............................:         0
TempForwardMisses_INT............................:         0
TempForwardMisses_FMA............................:       272
TempForwardMisses_LNEXP..........................:         0
ExpandTagHits_INT................................:         0
ExpandTagHits_FMA................................:         0
ExpandTagHits_LNEXP..............................:         0
ExpandTagMisses_INT..............................:         0
ExpandTagMisses_FMA..............................:         0
ExpandTagMisses_LNEXP............................:         0
ExpandBankFills_INT..............................:         0
ExpandBankFills_FMA..............................:         0
ExpandBankFills_LNEXP............................:         0
ExpandTempFills_INT..............................:         0
ExpandTempFills_FMA..............................:         0
ExpandTempFills_LNEXP............................:         0
ExpandEvicts_INT.................................:         0
ExpandEvicts_FMA.................................:         0
ExpandEvicts_LNEXP...............................:         0
LeSharedPortBlockCycles..........................:         0
WriteLat.........................................:      0.00
  |--LatLE5......................................:         0
  |--LatLE10.....................................:         0
  |--LatLE15.....................................:         0
  |--LatGT15.....................................:         0
====================Vector PMU Stats PE1====================
PEId.............................................:         1
TileopNum........................................:        56
UopNum...........................................:       192
SplitCellCountMismatch...........................:         0
SplitPartialCellUopCount.........................:         0
SplitUopAvgPayloadBytes..........................:       N/A
UopQDispatch_INT.................................:         0
UopQReadyBypass_INT..............................:         0
UopQDispatchSrcBufFullCycles_INT.................:         0
UopQDispatchSrcBufFullBlockedCycles_INT..........:         0
VecSrcCellNotReadyCycles_INT.....................:        48
SharedReadPortWaitCycles_INT.....................:         0
UopQDispatch_FMA.................................:         0
UopQReadyBypass_FMA..............................:         0
UopQDispatchSrcBufFullCycles_FMA.................:         0
UopQDispatchSrcBufFullBlockedCycles_FMA..........:         0
VecSrcCellNotReadyCycles_FMA.....................:        88
SharedReadPortWaitCycles_FMA.....................:         0
UopQDispatch_LNEXP...............................:         0
UopQReadyBypass_LNEXP............................:         0
UopQDispatchSrcBufFullCycles_LNEXP...............:         0
UopQDispatchSrcBufFullBlockedCycles_LNEXP........:         0
VecSrcCellNotReadyCycles_LNEXP...................:         0
SharedReadPortWaitCycles_LNEXP...................:         0
CellReadMergedUops...............................:         0
StaticUopsIssued.................................:       192
StaticBoardBlockCycles...........................:         0
StaticWritebacks.................................:       192
StaticDynPipeBlockCycles.........................:         0
DynStaticChainBlockCycles........................:         0
ExpandTagHits_INT................................:         0
ExpandTagMisses_INT..............................:         0
ExpandBankFills_INT..............................:         0
ExpandTempFills_INT..............................:         0
ExpandEvicts_INT.................................:         0
ExpandTagHits_FMA................................:         0
ExpandTagMisses_FMA..............................:         0
ExpandBankFills_FMA..............................:         0
ExpandTempFills_FMA..............................:         0
ExpandEvicts_FMA.................................:         0
ExpandTagHits_LNEXP..............................:         0
ExpandTagMisses_LNEXP............................:         0
ExpandBankFills_LNEXP............................:         0
ExpandTempFills_LNEXP............................:         0
ExpandEvicts_LNEXP...............................:         0
ExpandFillDrops..................................:         0
ExpandReadStaleFallbacks cls0....................:         0
ExpandReadStaleFallbacks cls1....................:         0
ExpandReadStaleFallbacks cls2....................:         0
LeSharedPortBlockCycles..........................:         0
LeSrc1CarrySkips.................................:         0
=======Static Path Bank Access / Conflict Attribution=======
  StaticBankReads Bank[0]........................:        34
  StaticBankReads Bank[1]........................:        34
  StaticBankReads Bank[2]........................:        38
  StaticBankReads Bank[3]........................:        38
  StaticBankReads Bank[4]........................:        34
  StaticBankReads Bank[5]........................:        34
  StaticBankReads Bank[6]........................:        22
  StaticBankReads Bank[7]........................:        22
  StaticDetectReadBlocks Bank[0].................:         0
  StaticDetectReadBlocks Bank[1].................:         0
  StaticDetectReadBlocks Bank[2].................:         1
  StaticDetectReadBlocks Bank[3].................:         2
  StaticDetectReadBlocks Bank[4].................:         0
  StaticDetectReadBlocks Bank[5].................:         0
  StaticDetectReadBlocks Bank[6].................:         0
  StaticDetectReadBlocks Bank[7].................:         0
  StaticDetectWriteBlocks Bank[0]................:         0
  StaticDetectWriteBlocks Bank[1]................:         0
  StaticDetectWriteBlocks Bank[2]................:         0
  StaticDetectWriteBlocks Bank[3]................:         0
  StaticDetectWriteBlocks Bank[4]................:         0
  StaticDetectWriteBlocks Bank[5]................:         0
  StaticDetectWriteBlocks Bank[6]................:         0
  StaticDetectWriteBlocks Bank[7]................:         0
  StaticIntYieldBlocks Bank[0]...................:         0
  StaticIntYieldBlocks Bank[1]...................:         0
  StaticIntYieldBlocks Bank[2]...................:         0
  StaticIntYieldBlocks Bank[3]...................:         0
  StaticIntYieldBlocks Bank[4]...................:         0
  StaticIntYieldBlocks Bank[5]...................:         0
  StaticIntYieldBlocks Bank[6]...................:         0
  StaticIntYieldBlocks Bank[7]...................:         0
  StaticBoardOccSum Bank[0]......................:       351
  StaticBoardOccSum Bank[1]......................:       351
  StaticBoardOccSum Bank[2]......................:       357
  StaticBoardOccSum Bank[3]......................:       357
  StaticBoardOccSum Bank[4]......................:       327
  StaticBoardOccSum Bank[5]......................:       327
  StaticBoardOccSum Bank[6]......................:       309
  StaticBoardOccSum Bank[7]......................:       309
  StaticBoardOccColSum Col[0]....................:       320
  StaticBoardOccColSum Col[1]....................:       320
  StaticBoardOccColSum Col[2]....................:       320
  StaticBoardOccColSum Col[3]....................:       192
  StaticBoardOccColSum Col[4]....................:       192
  StaticBoardOccColSum Col[5]....................:       192
  StaticBoardOccColSum Col[6]....................:       192
  StaticBoardOccColSum Col[7]....................:       192
  StaticBoardOccColSum Col[8]....................:       192
  StaticBoardOccColSum Col[9]....................:       192
  StaticBoardOccColSum Col[10]...................:       192
  StaticBoardOccColSum Col[11]...................:       192
  StaticBoardOccColSum Col[12]...................:         0
  StaticBoardOccColSum Col[13]...................:         0
  StaticBoardOccColSum Col[14]...................:         0
  StaticBoardOccColSum Col[15]...................:         0
VecAluAcceptCycles_FMA...........................:       128
VecAluAcceptCycles_INT...........................:        64
VecAluAcceptCycles_LNEXP.........................:         0
VecTripleIssueCycles.............................:         0
VecDualIssueCycles...............................:         3
VecSingleIssueCycles.............................:       186
VecIdleIssueCycles...............................:     18590
CellReadMergeSaved...............................:         0
SrcBufBypassIssue................................:         0
SplitRawGateBlocked..............................:         0
SplitNoFreeSlotCycles............................:         0
IPC(UOP).........................................:  0.010224
RowExpandTileNum.................................:         0
RowReduceTileNum.................................:         0
ReadNum..........................................:         0
CellReadAccessTotal..............................:       256
CellReadAccess_INT...............................:         0
CellReadAccess_FMA...............................:       256
CellReadAccess_LNEXP.............................:         0
ReadLat..........................................:      0.00
  |--LatLE5......................................:         0
  |--LatLE10.....................................:         0
  |--LatLE15.....................................:         0
  |--LatGT15.....................................:         0
WriteNum.........................................:         0
CellWriteAccessTotal.............................:       192
CellWriteAccess_INT..............................:        64
CellWriteAccess_FMA..............................:       128
CellWriteAccess_LNEXP............................:         0
TempForwardHits_INT..............................:         0
TempForwardHits_FMA..............................:         0
TempForwardHits_LNEXP............................:         0
TempForwardMisses_INT............................:         0
TempForwardMisses_FMA............................:       256
TempForwardMisses_LNEXP..........................:         0
ExpandTagHits_INT................................:         0
ExpandTagHits_FMA................................:         0
ExpandTagHits_LNEXP..............................:         0
ExpandTagMisses_INT..............................:         0
ExpandTagMisses_FMA..............................:         0
ExpandTagMisses_LNEXP............................:         0
ExpandBankFills_INT..............................:         0
ExpandBankFills_FMA..............................:         0
ExpandBankFills_LNEXP............................:         0
ExpandTempFills_INT..............................:         0
ExpandTempFills_FMA..............................:         0
ExpandTempFills_LNEXP............................:         0
ExpandEvicts_INT.................................:         0
ExpandEvicts_FMA.................................:         0
ExpandEvicts_LNEXP...............................:         0
LeSharedPortBlockCycles..........................:         0
WriteLat.........................................:      0.00
  |--LatLE5......................................:         0
  |--LatLE10.....................................:         0
  |--LatLE15.....................................:         0
  |--LatGT15.....................................:         0
====================Vector PMU Stats PE2====================
PEId.............................................:         2
TileopNum........................................:        56
UopNum...........................................:       192
SplitCellCountMismatch...........................:         0
SplitPartialCellUopCount.........................:         0
SplitUopAvgPayloadBytes..........................:       N/A
UopQDispatch_INT.................................:         0
UopQReadyBypass_INT..............................:         0
UopQDispatchSrcBufFullCycles_INT.................:         0
UopQDispatchSrcBufFullBlockedCycles_INT..........:         0
VecSrcCellNotReadyCycles_INT.....................:        48
SharedReadPortWaitCycles_INT.....................:         0
UopQDispatch_FMA.................................:         0
UopQReadyBypass_FMA..............................:         0
UopQDispatchSrcBufFullCycles_FMA.................:         0
UopQDispatchSrcBufFullBlockedCycles_FMA..........:         0
VecSrcCellNotReadyCycles_FMA.....................:        89
SharedReadPortWaitCycles_FMA.....................:         0
UopQDispatch_LNEXP...............................:         0
UopQReadyBypass_LNEXP............................:         0
UopQDispatchSrcBufFullCycles_LNEXP...............:         0
UopQDispatchSrcBufFullBlockedCycles_LNEXP........:         0
VecSrcCellNotReadyCycles_LNEXP...................:         0
SharedReadPortWaitCycles_LNEXP...................:         0
CellReadMergedUops...............................:         0
StaticUopsIssued.................................:       192
StaticBoardBlockCycles...........................:         0
StaticWritebacks.................................:       192
StaticDynPipeBlockCycles.........................:         0
DynStaticChainBlockCycles........................:         0
ExpandTagHits_INT................................:         0
ExpandTagMisses_INT..............................:         0
ExpandBankFills_INT..............................:         0
ExpandTempFills_INT..............................:         0
ExpandEvicts_INT.................................:         0
ExpandTagHits_FMA................................:         0
ExpandTagMisses_FMA..............................:         0
ExpandBankFills_FMA..............................:         0
ExpandTempFills_FMA..............................:         0
ExpandEvicts_FMA.................................:         0
ExpandTagHits_LNEXP..............................:         0
ExpandTagMisses_LNEXP............................:         0
ExpandBankFills_LNEXP............................:         0
ExpandTempFills_LNEXP............................:         0
ExpandEvicts_LNEXP...............................:         0
ExpandFillDrops..................................:         0
ExpandReadStaleFallbacks cls0....................:         0
ExpandReadStaleFallbacks cls1....................:         0
ExpandReadStaleFallbacks cls2....................:         0
LeSharedPortBlockCycles..........................:         0
LeSrc1CarrySkips.................................:         0
=======Static Path Bank Access / Conflict Attribution=======
  StaticBankReads Bank[0]........................:        36
  StaticBankReads Bank[1]........................:        36
  StaticBankReads Bank[2]........................:        22
  StaticBankReads Bank[3]........................:        22
  StaticBankReads Bank[4]........................:        36
  StaticBankReads Bank[5]........................:        36
  StaticBankReads Bank[6]........................:        34
  StaticBankReads Bank[7]........................:        34
  StaticDetectReadBlocks Bank[0].................:         0
  StaticDetectReadBlocks Bank[1].................:         1
  StaticDetectReadBlocks Bank[2].................:         0
  StaticDetectReadBlocks Bank[3].................:         0
  StaticDetectReadBlocks Bank[4].................:         0
  StaticDetectReadBlocks Bank[5].................:         0
  StaticDetectReadBlocks Bank[6].................:         0
  StaticDetectReadBlocks Bank[7].................:         0
  StaticDetectWriteBlocks Bank[0]................:         0
  StaticDetectWriteBlocks Bank[1]................:         0
  StaticDetectWriteBlocks Bank[2]................:         0
  StaticDetectWriteBlocks Bank[3]................:         0
  StaticDetectWriteBlocks Bank[4]................:         0
  StaticDetectWriteBlocks Bank[5]................:         0
  StaticDetectWriteBlocks Bank[6]................:         0
  StaticDetectWriteBlocks Bank[7]................:         0
  StaticIntYieldBlocks Bank[0]...................:         0
  StaticIntYieldBlocks Bank[1]...................:         0
  StaticIntYieldBlocks Bank[2]...................:         0
  StaticIntYieldBlocks Bank[3]...................:         0
  StaticIntYieldBlocks Bank[4]...................:         0
  StaticIntYieldBlocks Bank[5]...................:         0
  StaticIntYieldBlocks Bank[6]...................:         0
  StaticIntYieldBlocks Bank[7]...................:         0
  StaticBoardOccSum Bank[0]......................:       330
  StaticBoardOccSum Bank[1]......................:       330
  StaticBoardOccSum Bank[2]......................:       321
  StaticBoardOccSum Bank[3]......................:       321
  StaticBoardOccSum Bank[4]......................:       354
  StaticBoardOccSum Bank[5]......................:       354
  StaticBoardOccSum Bank[6]......................:       339
  StaticBoardOccSum Bank[7]......................:       339
  StaticBoardOccColSum Col[0]....................:       320
  StaticBoardOccColSum Col[1]....................:       320
  StaticBoardOccColSum Col[2]....................:       320
  StaticBoardOccColSum Col[3]....................:       192
  StaticBoardOccColSum Col[4]....................:       192
  StaticBoardOccColSum Col[5]....................:       192
  StaticBoardOccColSum Col[6]....................:       192
  StaticBoardOccColSum Col[7]....................:       192
  StaticBoardOccColSum Col[8]....................:       192
  StaticBoardOccColSum Col[9]....................:       192
  StaticBoardOccColSum Col[10]...................:       192
  StaticBoardOccColSum Col[11]...................:       192
  StaticBoardOccColSum Col[12]...................:         0
  StaticBoardOccColSum Col[13]...................:         0
  StaticBoardOccColSum Col[14]...................:         0
  StaticBoardOccColSum Col[15]...................:         0
VecAluAcceptCycles_FMA...........................:       128
VecAluAcceptCycles_INT...........................:        64
VecAluAcceptCycles_LNEXP.........................:         0
VecTripleIssueCycles.............................:         0
VecDualIssueCycles...............................:         0
VecSingleIssueCycles.............................:       192
VecIdleIssueCycles...............................:     18587
CellReadMergeSaved...............................:         0
SrcBufBypassIssue................................:         0
SplitRawGateBlocked..............................:         0
SplitNoFreeSlotCycles............................:         0
IPC(UOP).........................................:  0.010224
RowExpandTileNum.................................:         0
RowReduceTileNum.................................:         0
ReadNum..........................................:         0
CellReadAccessTotal..............................:       256
CellReadAccess_INT...............................:         0
CellReadAccess_FMA...............................:       256
CellReadAccess_LNEXP.............................:         0
ReadLat..........................................:      0.00
  |--LatLE5......................................:         0
  |--LatLE10.....................................:         0
  |--LatLE15.....................................:         0
  |--LatGT15.....................................:         0
WriteNum.........................................:         0
CellWriteAccessTotal.............................:       192
CellWriteAccess_INT..............................:        64
CellWriteAccess_FMA..............................:       128
CellWriteAccess_LNEXP............................:         0
TempForwardHits_INT..............................:         0
TempForwardHits_FMA..............................:         0
TempForwardHits_LNEXP............................:         0
TempForwardMisses_INT............................:         0
TempForwardMisses_FMA............................:       256
TempForwardMisses_LNEXP..........................:         0
ExpandTagHits_INT................................:         0
ExpandTagHits_FMA................................:         0
ExpandTagHits_LNEXP..............................:         0
ExpandTagMisses_INT..............................:         0
ExpandTagMisses_FMA..............................:         0
ExpandTagMisses_LNEXP............................:         0
ExpandBankFills_INT..............................:         0
ExpandBankFills_FMA..............................:         0
ExpandBankFills_LNEXP............................:         0
ExpandTempFills_INT..............................:         0
ExpandTempFills_FMA..............................:         0
ExpandTempFills_LNEXP............................:         0
ExpandEvicts_INT.................................:         0
ExpandEvicts_FMA.................................:         0
ExpandEvicts_LNEXP...............................:         0
LeSharedPortBlockCycles..........................:         0
WriteLat.........................................:      0.00
  |--LatLE5......................................:         0
  |--LatLE10.....................................:         0
  |--LatLE15.....................................:         0
  |--LatGT15.....................................:         0
====================Vector PMU Stats PE3====================
PEId.............................................:         3
TileopNum........................................:        56
UopNum...........................................:       192
SplitCellCountMismatch...........................:         0
SplitPartialCellUopCount.........................:         0
SplitUopAvgPayloadBytes..........................:       N/A
UopQDispatch_INT.................................:         0
UopQReadyBypass_INT..............................:         0
UopQDispatchSrcBufFullCycles_INT.................:         0
UopQDispatchSrcBufFullBlockedCycles_INT..........:         0
VecSrcCellNotReadyCycles_INT.....................:        48
SharedReadPortWaitCycles_INT.....................:         0
UopQDispatch_FMA.................................:         0
UopQReadyBypass_FMA..............................:         0
UopQDispatchSrcBufFullCycles_FMA.................:         0
UopQDispatchSrcBufFullBlockedCycles_FMA..........:         0
VecSrcCellNotReadyCycles_FMA.....................:        90
SharedReadPortWaitCycles_FMA.....................:         0
UopQDispatch_LNEXP...............................:         0
UopQReadyBypass_LNEXP............................:         0
UopQDispatchSrcBufFullCycles_LNEXP...............:         0
UopQDispatchSrcBufFullBlockedCycles_LNEXP........:         0
VecSrcCellNotReadyCycles_LNEXP...................:         0
SharedReadPortWaitCycles_LNEXP...................:         0
CellReadMergedUops...............................:         0
StaticUopsIssued.................................:       192
StaticBoardBlockCycles...........................:         0
StaticWritebacks.................................:       192
StaticDynPipeBlockCycles.........................:         0
DynStaticChainBlockCycles........................:         0
ExpandTagHits_INT................................:         0
ExpandTagMisses_INT..............................:         0
ExpandBankFills_INT..............................:         0
ExpandTempFills_INT..............................:         0
ExpandEvicts_INT.................................:         0
ExpandTagHits_FMA................................:         0
ExpandTagMisses_FMA..............................:         0
ExpandBankFills_FMA..............................:         0
ExpandTempFills_FMA..............................:         0
ExpandEvicts_FMA.................................:         0
ExpandTagHits_LNEXP..............................:         0
ExpandTagMisses_LNEXP............................:         0
ExpandBankFills_LNEXP............................:         0
ExpandTempFills_LNEXP............................:         0
ExpandEvicts_LNEXP...............................:         0
ExpandFillDrops..................................:         0
ExpandReadStaleFallbacks cls0....................:         0
ExpandReadStaleFallbacks cls1....................:         0
ExpandReadStaleFallbacks cls2....................:         0
LeSharedPortBlockCycles..........................:         0
LeSrc1CarrySkips.................................:         0
=======Static Path Bank Access / Conflict Attribution=======
  StaticBankReads Bank[0]........................:        54
  StaticBankReads Bank[1]........................:        54
  StaticBankReads Bank[2]........................:        36
  StaticBankReads Bank[3]........................:        36
  StaticBankReads Bank[4]........................:        18
  StaticBankReads Bank[5]........................:        18
  StaticBankReads Bank[6]........................:        20
  StaticBankReads Bank[7]........................:        20
  StaticDetectReadBlocks Bank[0].................:         0
  StaticDetectReadBlocks Bank[1].................:         0
  StaticDetectReadBlocks Bank[2].................:         0
  StaticDetectReadBlocks Bank[3].................:         0
  StaticDetectReadBlocks Bank[4].................:         0
  StaticDetectReadBlocks Bank[5].................:         0
  StaticDetectReadBlocks Bank[6].................:         0
  StaticDetectReadBlocks Bank[7].................:         0
  StaticDetectWriteBlocks Bank[0]................:         0
  StaticDetectWriteBlocks Bank[1]................:         0
  StaticDetectWriteBlocks Bank[2]................:         0
  StaticDetectWriteBlocks Bank[3]................:         0
  StaticDetectWriteBlocks Bank[4]................:         0
  StaticDetectWriteBlocks Bank[5]................:         0
  StaticDetectWriteBlocks Bank[6]................:         0
  StaticDetectWriteBlocks Bank[7]................:         0
  StaticIntYieldBlocks Bank[0]...................:         0
  StaticIntYieldBlocks Bank[1]...................:         0
  StaticIntYieldBlocks Bank[2]...................:         0
  StaticIntYieldBlocks Bank[3]...................:         0
  StaticIntYieldBlocks Bank[4]...................:         0
  StaticIntYieldBlocks Bank[5]...................:         0
  StaticIntYieldBlocks Bank[6]...................:         0
  StaticIntYieldBlocks Bank[7]...................:         0
  StaticBoardOccSum Bank[0]......................:       357
  StaticBoardOccSum Bank[1]......................:       357
  StaticBoardOccSum Bank[2]......................:       354
  StaticBoardOccSum Bank[3]......................:       354
  StaticBoardOccSum Bank[4]......................:       315
  StaticBoardOccSum Bank[5]......................:       315
  StaticBoardOccSum Bank[6]......................:       318
  StaticBoardOccSum Bank[7]......................:       318
  StaticBoardOccColSum Col[0]....................:       320
  StaticBoardOccColSum Col[1]....................:       320
  StaticBoardOccColSum Col[2]....................:       320
  StaticBoardOccColSum Col[3]....................:       192
  StaticBoardOccColSum Col[4]....................:       192
  StaticBoardOccColSum Col[5]....................:       192
  StaticBoardOccColSum Col[6]....................:       192
  StaticBoardOccColSum Col[7]....................:       192
  StaticBoardOccColSum Col[8]....................:       192
  StaticBoardOccColSum Col[9]....................:       192
  StaticBoardOccColSum Col[10]...................:       192
  StaticBoardOccColSum Col[11]...................:       192
  StaticBoardOccColSum Col[12]...................:         0
  StaticBoardOccColSum Col[13]...................:         0
  StaticBoardOccColSum Col[14]...................:         0
  StaticBoardOccColSum Col[15]...................:         0
VecAluAcceptCycles_FMA...........................:       128
VecAluAcceptCycles_INT...........................:        64
VecAluAcceptCycles_LNEXP.........................:         0
VecTripleIssueCycles.............................:         0
VecDualIssueCycles...............................:         0
VecSingleIssueCycles.............................:       192
VecIdleIssueCycles...............................:     18587
CellReadMergeSaved...............................:         0
SrcBufBypassIssue................................:         0
SplitRawGateBlocked..............................:         0
SplitNoFreeSlotCycles............................:         0
IPC(UOP).........................................:  0.010224
RowExpandTileNum.................................:         0
RowReduceTileNum.................................:         0
ReadNum..........................................:         0
CellReadAccessTotal..............................:       256
CellReadAccess_INT...............................:         0
CellReadAccess_FMA...............................:       256
CellReadAccess_LNEXP.............................:         0
ReadLat..........................................:      0.00
  |--LatLE5......................................:         0
  |--LatLE10.....................................:         0
  |--LatLE15.....................................:         0
  |--LatGT15.....................................:         0
WriteNum.........................................:         0
CellWriteAccessTotal.............................:       192
CellWriteAccess_INT..............................:        64
CellWriteAccess_FMA..............................:       128
CellWriteAccess_LNEXP............................:         0
TempForwardHits_INT..............................:         0
TempForwardHits_FMA..............................:         0
TempForwardHits_LNEXP............................:         0
TempForwardMisses_INT............................:         0
TempForwardMisses_FMA............................:       256
TempForwardMisses_LNEXP..........................:         0
ExpandTagHits_INT................................:         0
ExpandTagHits_FMA................................:         0
ExpandTagHits_LNEXP..............................:         0
ExpandTagMisses_INT..............................:         0
ExpandTagMisses_FMA..............................:         0
ExpandTagMisses_LNEXP............................:         0
ExpandBankFills_INT..............................:         0
ExpandBankFills_FMA..............................:         0
ExpandBankFills_LNEXP............................:         0
ExpandTempFills_INT..............................:         0
ExpandTempFills_FMA..............................:         0
ExpandTempFills_LNEXP............................:         0
ExpandEvicts_INT.................................:         0
ExpandEvicts_FMA.................................:         0
ExpandEvicts_LNEXP...............................:         0
LeSharedPortBlockCycles..........................:         0
WriteLat.........................................:      0.00
  |--LatLE5......................................:         0
  |--LatLE10.....................................:         0
  |--LatLE15.....................................:         0
  |--LatGT15.....................................:         0
===============CellReg Bank Arbitration Stats===============
Bank Active Cycles (>=1 pending).................:       780
  |--Bank Conflict Cycles (>=2 pending)..........:         0    0.00%
  |--Bank Urgent(aged) Cycles....................:         0
Bank Grants (winners) Total......................:       780
Bank Lose (non-winner waits) Total...............:         0
Bank Port-Yield (no free channel) Total..........:         0
Total Served Read Bytes..........................:     66560
Total Served Write Bytes.........................:     33280
  |--RQ_CUBE Win.................................:         0
  |--RQ_CUBE Lose................................:         0     N/A
  |--RQ_CUBE PortYield...........................:         0
  |--RQ_CUBE Served Bytes........................:         0
  |--RQ_VEC Win..................................:         0
  |--RQ_VEC Lose.................................:         0     N/A
  |--RQ_VEC PortYield............................:         0
  |--RQ_VEC Served Bytes.........................:         0
  |--RQ_TLSU Win.................................:       520
  |--RQ_TLSU Lose................................:         0    0.00%
  |--RQ_TLSU PortYield...........................:         0
  |--RQ_TLSU Served Bytes........................:     66560
  |--WQ_CUBE Win.................................:         0
  |--WQ_CUBE Lose................................:         0     N/A
  |--WQ_CUBE PortYield...........................:         0
  |--WQ_CUBE Served Bytes........................:         0
  |--WQ_VEC Win..................................:         0
  |--WQ_VEC Lose.................................:         0     N/A
  |--WQ_VEC PortYield............................:         0
  |--WQ_VEC Served Bytes.........................:         0
  |--WQ_VEC_LNEXP Win............................:         0
  |--WQ_VEC_LNEXP Lose...........................:         0     N/A
  |--WQ_VEC_LNEXP PortYield......................:         0
  |--WQ_VEC_LNEXP Served Bytes...................:         0
  |--WQ_TLSU Win.................................:       260
  |--WQ_TLSU Lose................................:         0    0.00%
  |--WQ_TLSU PortYield...........................:         0
  |--WQ_TLSU Served Bytes........................:     33280
==============CellReg CUBE Bank-Group Backlog===============
WQ_CUBE active cycles............................:         0
  |--WQ_CUBE cross-group cycles..................:         0     N/A
RQ_CUBE active cycles............................:         0
  |--RQ_CUBE cross-group cycles..................:         0     N/A
CUBE Rd+Wr concurrent cycles.....................:         0
  |--Rd/Wr different-group cycles................:         0     N/A
  |--Wr-starved-by-Rd cycles (each owns a group).:         0     N/A
Direct OOR access dropped (pool end).............:         0
===========CellReg Per-Bank Conflict Distribution===========
  Bank[0] conflict cycles........................:         0     N/A
  Bank[1] conflict cycles........................:         0     N/A
  Bank[2] conflict cycles........................:         0     N/A
  Bank[3] conflict cycles........................:         0     N/A
  Bank[4] conflict cycles........................:         0     N/A
  Bank[5] conflict cycles........................:         0     N/A
  Bank[6] conflict cycles........................:         0     N/A
  Bank[7] conflict cycles........................:         0     N/A
==================SuperScalar Report Stop===================
